Archive member included because of file (symbol)

/Applications/SimplicityStudio_v3/developer/toolchains/gnu_arm/4.8_2013q4/bin/../lib/gcc/arm-none-eabi/4.8.3/../../../../arm-none-eabi/lib/armv7-m/libc_s.a(lib_a-exit.o)
                              /Applications/SimplicityStudio_v3/developer/toolchains/gnu_arm/4.8_2013q4/bin/../lib/gcc/arm-none-eabi/4.8.3/../../../../arm-none-eabi/lib/armv7-m/crt0.o (exit)
/Applications/SimplicityStudio_v3/developer/toolchains/gnu_arm/4.8_2013q4/bin/../lib/gcc/arm-none-eabi/4.8.3/../../../../arm-none-eabi/lib/armv7-m/libc_s.a(lib_a-impure.o)
                              /Applications/SimplicityStudio_v3/developer/toolchains/gnu_arm/4.8_2013q4/bin/../lib/gcc/arm-none-eabi/4.8.3/../../../../arm-none-eabi/lib/armv7-m/libc_s.a(lib_a-exit.o) (_global_impure_ptr)
/Applications/SimplicityStudio_v3/developer/toolchains/gnu_arm/4.8_2013q4/bin/../lib/gcc/arm-none-eabi/4.8.3/../../../../arm-none-eabi/lib/armv7-m/libc_s.a(lib_a-init.o)
                              /Applications/SimplicityStudio_v3/developer/toolchains/gnu_arm/4.8_2013q4/bin/../lib/gcc/arm-none-eabi/4.8.3/../../../../arm-none-eabi/lib/armv7-m/crt0.o (__libc_init_array)
/Applications/SimplicityStudio_v3/developer/toolchains/gnu_arm/4.8_2013q4/bin/../lib/gcc/arm-none-eabi/4.8.3/../../../../arm-none-eabi/lib/armv7-m/libc_s.a(lib_a-memset.o)
                              /Applications/SimplicityStudio_v3/developer/toolchains/gnu_arm/4.8_2013q4/bin/../lib/gcc/arm-none-eabi/4.8.3/../../../../arm-none-eabi/lib/armv7-m/crt0.o (memset)
/Applications/SimplicityStudio_v3/developer/toolchains/gnu_arm/4.8_2013q4/bin/../lib/gcc/arm-none-eabi/4.8.3/../../../../arm-none-eabi/lib/armv7-m/libnosys.a(_exit.o)
                              /Applications/SimplicityStudio_v3/developer/toolchains/gnu_arm/4.8_2013q4/bin/../lib/gcc/arm-none-eabi/4.8.3/../../../../arm-none-eabi/lib/armv7-m/libc_s.a(lib_a-exit.o) (_exit)

Allocating common symbols
Common symbol       size              file

SystemCoreClock     0x4               ./CMSIS/efm32tg/system_efm32tg.o

Discarded input sections

 .text          0x0000000000000000        0x0 /Applications/SimplicityStudio_v3/developer/toolchains/gnu_arm/4.8_2013q4/bin/../lib/gcc/arm-none-eabi/4.8.3/armv7-m/crti.o
 .data          0x0000000000000000        0x0 /Applications/SimplicityStudio_v3/developer/toolchains/gnu_arm/4.8_2013q4/bin/../lib/gcc/arm-none-eabi/4.8.3/armv7-m/crti.o
 .bss           0x0000000000000000        0x0 /Applications/SimplicityStudio_v3/developer/toolchains/gnu_arm/4.8_2013q4/bin/../lib/gcc/arm-none-eabi/4.8.3/armv7-m/crti.o
 .data          0x0000000000000000        0x4 /Applications/SimplicityStudio_v3/developer/toolchains/gnu_arm/4.8_2013q4/bin/../lib/gcc/arm-none-eabi/4.8.3/armv7-m/crtbegin.o
 .data          0x0000000000000000        0x0 /Applications/SimplicityStudio_v3/developer/toolchains/gnu_arm/4.8_2013q4/bin/../lib/gcc/arm-none-eabi/4.8.3/../../../../arm-none-eabi/lib/armv7-m/crt0.o
 .bss           0x0000000000000000        0x0 /Applications/SimplicityStudio_v3/developer/toolchains/gnu_arm/4.8_2013q4/bin/../lib/gcc/arm-none-eabi/4.8.3/../../../../arm-none-eabi/lib/armv7-m/crt0.o
 .ARM.extab     0x0000000000000000        0x0 /Applications/SimplicityStudio_v3/developer/toolchains/gnu_arm/4.8_2013q4/bin/../lib/gcc/arm-none-eabi/4.8.3/../../../../arm-none-eabi/lib/armv7-m/crt0.o
 .text          0x0000000000000000        0x0 ./src/InitDevice.o
 .data          0x0000000000000000        0x0 ./src/InitDevice.o
 .bss           0x0000000000000000        0x0 ./src/InitDevice.o
 .text.NVIC_EnableIRQ
                0x0000000000000000       0x30 ./src/InitDevice.o
 .text.NVIC_ClearPendingIRQ
                0x0000000000000000       0x34 ./src/InitDevice.o
 .text.NVIC_SetPriority
                0x0000000000000000       0x54 ./src/InitDevice.o
 .text.SysTick_Config
                0x0000000000000000       0x44 ./src/InitDevice.o
 .text.USART_IntClear
                0x0000000000000000       0x1c ./src/InitDevice.o
 .text.USART_IntEnable
                0x0000000000000000       0x20 ./src/InitDevice.o
 .text.enter_DefaultMode_from_RESET
                0x0000000000000000       0x4c ./src/InitDevice.o
 .text.CMU_enter_DefaultMode_from_RESET
                0x0000000000000000       0x28 ./src/InitDevice.o
 .text.ADC0_enter_DefaultMode_from_RESET
                0x0000000000000000        0xc ./src/InitDevice.o
 .text.ACMP0_enter_DefaultMode_from_RESET
                0x0000000000000000        0xc ./src/InitDevice.o
 .text.ACMP1_enter_DefaultMode_from_RESET
                0x0000000000000000        0xc ./src/InitDevice.o
 .text.DAC0_enter_DefaultMode_from_RESET
                0x0000000000000000        0xc ./src/InitDevice.o
 .text.HFXO_enter_DefaultMode_from_RESET
                0x0000000000000000        0xc ./src/InitDevice.o
 .text.LFXO_enter_DefaultMode_from_RESET
                0x0000000000000000        0xc ./src/InitDevice.o
 .text.RTC_enter_DefaultMode_from_RESET
                0x0000000000000000        0xc ./src/InitDevice.o
 .text.OPAMP0_enter_DefaultMode_from_RESET
                0x0000000000000000        0xc ./src/InitDevice.o
 .text.OPAMP1_enter_DefaultMode_from_RESET
                0x0000000000000000        0xc ./src/InitDevice.o
 .text.OPAMP2_enter_DefaultMode_from_RESET
                0x0000000000000000        0xc ./src/InitDevice.o
 .text.USART0_enter_DefaultMode_from_RESET
                0x0000000000000000        0xc ./src/InitDevice.o
 .rodata        0x0000000000000000       0x28 ./src/InitDevice.o
 .text.USART1_enter_DefaultMode_from_RESET
                0x0000000000000000       0xb0 ./src/InitDevice.o
 .text.LEUART0_enter_DefaultMode_from_RESET
                0x0000000000000000       0x50 ./src/InitDevice.o
 .text.VCMP_enter_DefaultMode_from_RESET
                0x0000000000000000        0xc ./src/InitDevice.o
 .text.WDOG_enter_DefaultMode_from_RESET
                0x0000000000000000        0xc ./src/InitDevice.o
 .text.I2C0_enter_DefaultMode_from_RESET
                0x0000000000000000        0xc ./src/InitDevice.o
 .text.TIMER0_enter_DefaultMode_from_RESET
                0x0000000000000000        0xc ./src/InitDevice.o
 .text.TIMER1_enter_DefaultMode_from_RESET
                0x0000000000000000        0xc ./src/InitDevice.o
 .text.PCNT0_enter_DefaultMode_from_RESET
                0x0000000000000000        0xc ./src/InitDevice.o
 .text.PRS_enter_DefaultMode_from_RESET
                0x0000000000000000        0xc ./src/InitDevice.o
 .text.PORTIO_enter_DefaultMode_from_RESET
                0x0000000000000000       0x90 ./src/InitDevice.o
 .debug_info    0x0000000000000000     0x14aa ./src/InitDevice.o
 .debug_abbrev  0x0000000000000000      0x206 ./src/InitDevice.o
 .debug_loc     0x0000000000000000      0x55c ./src/InitDevice.o
 .debug_aranges
                0x0000000000000000      0x100 ./src/InitDevice.o
 .debug_ranges  0x0000000000000000       0xf0 ./src/InitDevice.o
 .debug_line    0x0000000000000000      0x468 ./src/InitDevice.o
 .debug_str     0x0000000000000000     0x11ca ./src/InitDevice.o
 .comment       0x0000000000000000       0x71 ./src/InitDevice.o
 .ARM.attributes
                0x0000000000000000       0x33 ./src/InitDevice.o
 .debug_frame   0x0000000000000000      0x300 ./src/InitDevice.o
 .text          0x0000000000000000        0x0 ./src/em_cmu.o
 .data          0x0000000000000000        0x0 ./src/em_cmu.o
 .bss           0x0000000000000000        0x0 ./src/em_cmu.o
 .text.CMU_FlashWaitStateControl
                0x0000000000000000       0x9c ./src/em_cmu.o
 .text.CMU_FlashWaitStateMax
                0x0000000000000000       0x1c ./src/em_cmu.o
 .text.CMU_DivToLog2
                0x0000000000000000       0x3c ./src/em_cmu.o
 .text.CMU_Log2ToDiv
                0x0000000000000000       0x1c ./src/em_cmu.o
 .text.CMU_Calibrate
                0x0000000000000000       0x88 ./src/em_cmu.o
 .text.CMU_CalibrateConfig
                0x0000000000000000       0xd8 ./src/em_cmu.o
 .text.CMU_ClockDivGet
                0x0000000000000000       0xfc ./src/em_cmu.o
 .text.CMU_ClockDivSet
                0x0000000000000000      0x14c ./src/em_cmu.o
 .text.CMU_ClockSelectSet
                0x0000000000000000      0x1b8 ./src/em_cmu.o
 .text.CMU_FreezeEnable
                0x0000000000000000       0x38 ./src/em_cmu.o
 .text.CMU_AUXHFRCOBandGet
                0x0000000000000000       0x20 ./src/em_cmu.o
 .text.CMU_AUXHFRCOBandSet
                0x0000000000000000       0xb0 ./src/em_cmu.o
 .text.CMU_HFRCOBandGet
                0x0000000000000000       0x20 ./src/em_cmu.o
 .text.CMU_HFRCOBandSet
                0x0000000000000000       0xcc ./src/em_cmu.o
 .text.CMU_HFRCOStartupDelayGet
                0x0000000000000000       0x1c ./src/em_cmu.o
 .text.CMU_HFRCOStartupDelaySet
                0x0000000000000000       0x30 ./src/em_cmu.o
 .text.CMU_LCDClkFDIVGet
                0x0000000000000000       0x10 ./src/em_cmu.o
 .text.CMU_LCDClkFDIVSet
                0x0000000000000000       0x14 ./src/em_cmu.o
 .text.CMU_OscillatorEnable
                0x0000000000000000       0xc0 ./src/em_cmu.o
 .text.CMU_OscillatorTuningGet
                0x0000000000000000       0x50 ./src/em_cmu.o
 .text.CMU_OscillatorTuningSet
                0x0000000000000000       0x74 ./src/em_cmu.o
 .text.CMU_PCNTClockExternalGet
                0x0000000000000000       0x44 ./src/em_cmu.o
 .text.CMU_PCNTClockExternalSet
                0x0000000000000000       0x34 ./src/em_cmu.o
 .text          0x0000000000000000        0x0 ./src/em_emu.o
 .data          0x0000000000000000        0x0 ./src/em_emu.o
 .bss           0x0000000000000000        0x0 ./src/em_emu.o
 .text.SystemCoreClockUpdate
                0x0000000000000000        0xc ./src/em_emu.o
 .text.EMU_Unlock
                0x0000000000000000       0x18 ./src/em_emu.o
 .text.CMU_Lock
                0x0000000000000000       0x18 ./src/em_emu.o
 .text.CMU_Unlock
                0x0000000000000000       0x1c ./src/em_emu.o
 .bss.cmuStatus
                0x0000000000000000        0x4 ./src/em_emu.o
 .text.EMU_Restore
                0x0000000000000000       0xf4 ./src/em_emu.o
 .text.getErrataFixEmuE107En
                0x0000000000000000       0x58 ./src/em_emu.o
 .text.EMU_EnterEM2
                0x0000000000000000       0x84 ./src/em_emu.o
 .text.EMU_EnterEM3
                0x0000000000000000       0xa4 ./src/em_emu.o
 .text.EMU_EnterEM4
                0x0000000000000000       0x50 ./src/em_emu.o
 .text.EMU_MemPwrDown
                0x0000000000000000       0x14 ./src/em_emu.o
 .text.EMU_UpdateOscConfig
                0x0000000000000000       0x1c ./src/em_emu.o
 .text.EMU_EM23Init
                0x0000000000000000       0x34 ./src/em_emu.o
 .debug_info    0x0000000000000000      0x955 ./src/em_emu.o
 .debug_abbrev  0x0000000000000000      0x1f0 ./src/em_emu.o
 .debug_loc     0x0000000000000000      0x264 ./src/em_emu.o
 .debug_aranges
                0x0000000000000000       0x78 ./src/em_emu.o
 .debug_ranges  0x0000000000000000       0x68 ./src/em_emu.o
 .debug_line    0x0000000000000000      0x350 ./src/em_emu.o
 .debug_str     0x0000000000000000      0x541 ./src/em_emu.o
 .comment       0x0000000000000000       0x71 ./src/em_emu.o
 .ARM.attributes
                0x0000000000000000       0x33 ./src/em_emu.o
 .debug_frame   0x0000000000000000      0x160 ./src/em_emu.o
 .text          0x0000000000000000        0x0 ./src/em_gpio.o
 .data          0x0000000000000000        0x0 ./src/em_gpio.o
 .bss           0x0000000000000000        0x0 ./src/em_gpio.o
 .text.BITBAND_Peripheral
                0x0000000000000000       0x2c ./src/em_gpio.o
 .text.GPIO_DbgLocationSet
                0x0000000000000000       0x2c ./src/em_gpio.o
 .text.GPIO_DriveModeSet
                0x0000000000000000       0x50 ./src/em_gpio.o
 .text.GPIO_IntConfig
                0x0000000000000000       0xc0 ./src/em_gpio.o
 .text          0x0000000000000000        0x0 ./src/em_leuart.o
 .data          0x0000000000000000        0x0 ./src/em_leuart.o
 .bss           0x0000000000000000        0x0 ./src/em_leuart.o
 .text.LEUART_Sync
                0x0000000000000000       0x30 ./src/em_leuart.o
 .text.LEUART_BaudrateCalc
                0x0000000000000000       0x5c ./src/em_leuart.o
 .text.LEUART_BaudrateGet
                0x0000000000000000       0x40 ./src/em_leuart.o
 .text.LEUART_BaudrateSet
                0x0000000000000000       0x68 ./src/em_leuart.o
 .text.LEUART_Enable
                0x0000000000000000       0x3c ./src/em_leuart.o
 .text.LEUART_FreezeEnable
                0x0000000000000000       0x34 ./src/em_leuart.o
 .text.LEUART_Init
                0x0000000000000000       0x68 ./src/em_leuart.o
 .text.LEUART_Reset
                0x0000000000000000       0x58 ./src/em_leuart.o
 .text.LEUART_Rx
                0x0000000000000000       0x28 ./src/em_leuart.o
 .text.LEUART_RxExt
                0x0000000000000000       0x28 ./src/em_leuart.o
 .text.LEUART_Tx
                0x0000000000000000       0x30 ./src/em_leuart.o
 .text.LEUART_TxExt
                0x0000000000000000       0x30 ./src/em_leuart.o
 .text.LEUART_TxDmaInEM2Enable
                0x0000000000000000       0x3c ./src/em_leuart.o
 .text.LEUART_RxDmaInEM2Enable
                0x0000000000000000       0x3c ./src/em_leuart.o
 .debug_info    0x0000000000000000      0x7b0 ./src/em_leuart.o
 .debug_abbrev  0x0000000000000000      0x1bb ./src/em_leuart.o
 .debug_loc     0x0000000000000000      0x310 ./src/em_leuart.o
 .debug_aranges
                0x0000000000000000       0x88 ./src/em_leuart.o
 .debug_ranges  0x0000000000000000       0x78 ./src/em_leuart.o
 .debug_line    0x0000000000000000      0x2f2 ./src/em_leuart.o
 .debug_str     0x0000000000000000      0x6a1 ./src/em_leuart.o
 .comment       0x0000000000000000       0x71 ./src/em_leuart.o
 .ARM.attributes
                0x0000000000000000       0x33 ./src/em_leuart.o
 .debug_frame   0x0000000000000000      0x1bc ./src/em_leuart.o
 .text          0x0000000000000000        0x0 ./src/em_timer.o
 .data          0x0000000000000000        0x0 ./src/em_timer.o
 .bss           0x0000000000000000        0x0 ./src/em_timer.o
 .text.TIMER_Init
                0x0000000000000000       0xf4 ./src/em_timer.o
 .text.TIMER_InitCC
                0x0000000000000000       0xb4 ./src/em_timer.o
 .text.TIMER_Reset
                0x0000000000000000       0x98 ./src/em_timer.o
 .debug_info    0x0000000000000000      0x60d ./src/em_timer.o
 .debug_abbrev  0x0000000000000000      0x133 ./src/em_timer.o
 .debug_loc     0x0000000000000000       0xa8 ./src/em_timer.o
 .debug_aranges
                0x0000000000000000       0x30 ./src/em_timer.o
 .debug_ranges  0x0000000000000000       0x20 ./src/em_timer.o
 .debug_line    0x0000000000000000      0x2c6 ./src/em_timer.o
 .debug_str     0x0000000000000000      0x720 ./src/em_timer.o
 .comment       0x0000000000000000       0x71 ./src/em_timer.o
 .ARM.attributes
                0x0000000000000000       0x33 ./src/em_timer.o
 .debug_frame   0x0000000000000000       0x64 ./src/em_timer.o
 .text          0x0000000000000000        0x0 ./src/em_usart.o
 .data          0x0000000000000000        0x0 ./src/em_usart.o
 .bss           0x0000000000000000        0x0 ./src/em_usart.o
 .text.USART_BaudrateAsyncSet
                0x0000000000000000       0xb0 ./src/em_usart.o
 .text.USART_BaudrateCalc
                0x0000000000000000       0xb8 ./src/em_usart.o
 .text.USART_BaudrateGet
                0x0000000000000000       0x50 ./src/em_usart.o
 .text.USART_InitAsync
                0x0000000000000000       0x90 ./src/em_usart.o
 .text.USART_InitIrDA
                0x0000000000000000       0x74 ./src/em_usart.o
 .text.USART_InitPrsTrigger
                0x0000000000000000       0x60 ./src/em_usart.o
 .text.USART_Rx
                0x0000000000000000       0x28 ./src/em_usart.o
 .text.USART_RxDouble
                0x0000000000000000       0x28 ./src/em_usart.o
 .text.USART_RxDoubleExt
                0x0000000000000000       0x28 ./src/em_usart.o
 .text.USART_RxExt
                0x0000000000000000       0x28 ./src/em_usart.o
 .text.USART_SpiTransfer
                0x0000000000000000       0x40 ./src/em_usart.o
 .text.USART_Tx
                0x0000000000000000       0x2c ./src/em_usart.o
 .text.USART_TxDouble
                0x0000000000000000       0x2c ./src/em_usart.o
 .text.USART_TxDoubleExt
                0x0000000000000000       0x28 ./src/em_usart.o
 .text.USART_TxExt
                0x0000000000000000       0x2c ./src/em_usart.o
 .text          0x0000000000000000        0x0 ./src/main.o
 .data          0x0000000000000000        0x0 ./src/main.o
 .bss           0x0000000000000000        0x0 ./src/main.o
 .text          0x0000000000000000        0x0 ./src/sl.o
 .data          0x0000000000000000        0x0 ./src/sl.o
 .bss           0x0000000000000000        0x0 ./src/sl.o
 .text          0x0000000000000000        0x0 ./src/test.o
 .data          0x0000000000000000        0x0 ./src/test.o
 .bss           0x0000000000000000        0x0 ./src/test.o
 .debug_line    0x0000000000000000        0x0 ./src/test.o
 .debug_str     0x0000000000000000        0x0 ./src/test.o
 .comment       0x0000000000000000       0x71 ./src/test.o
 .ARM.attributes
                0x0000000000000000       0x33 ./src/test.o
 .text          0x0000000000000000        0x0 ./src/usart.o
 .data          0x0000000000000000        0x0 ./src/usart.o
 .bss           0x0000000000000000        0x0 ./src/usart.o
 .text.USART_printHex
                0x0000000000000000       0x50 ./src/usart.o
 .text.USART_rxByte
                0x0000000000000000       0x98 ./src/usart.o
 .text.USART_txByte
                0x0000000000000000       0x50 ./src/usart.o
 .text.USART_printString
                0x0000000000000000       0x30 ./src/usart.o
 .text          0x0000000000000000        0x0 ./emlib/em_system.o
 .data          0x0000000000000000        0x0 ./emlib/em_system.o
 .bss           0x0000000000000000        0x0 ./emlib/em_system.o
 .text.SYSTEM_ChipRevisionGet
                0x0000000000000000       0x74 ./emlib/em_system.o
 .text.SYSTEM_GetCalibrationValue
                0x0000000000000000       0x54 ./emlib/em_system.o
 .debug_info    0x0000000000000000      0x241 ./emlib/em_system.o
 .debug_abbrev  0x0000000000000000       0xed ./emlib/em_system.o
 .debug_loc     0x0000000000000000       0x70 ./emlib/em_system.o
 .debug_aranges
                0x0000000000000000       0x28 ./emlib/em_system.o
 .debug_ranges  0x0000000000000000       0x18 ./emlib/em_system.o
 .debug_line    0x0000000000000000      0x24a ./emlib/em_system.o
 .debug_str     0x0000000000000000      0x2a7 ./emlib/em_system.o
 .comment       0x0000000000000000       0x71 ./emlib/em_system.o
 .ARM.attributes
                0x0000000000000000       0x33 ./emlib/em_system.o
 .debug_frame   0x0000000000000000       0x48 ./emlib/em_system.o
 .data          0x0000000000000000        0x0 ./CMSIS/efm32tg/startup_efm32tg.o
 .bss           0x0000000000000000        0x0 ./CMSIS/efm32tg/startup_efm32tg.o
 .text          0x0000000000000000        0x0 ./CMSIS/efm32tg/system_efm32tg.o
 .data          0x0000000000000000        0x0 ./CMSIS/efm32tg/system_efm32tg.o
 .bss           0x0000000000000000        0x0 ./CMSIS/efm32tg/system_efm32tg.o
 .text.SystemHFXOClockGet
                0x0000000000000000       0x18 ./CMSIS/efm32tg/system_efm32tg.o
 .text.SystemHFXOClockSet
                0x0000000000000000       0x2c ./CMSIS/efm32tg/system_efm32tg.o
 .text.SystemLFXOClockSet
                0x0000000000000000       0x2c ./CMSIS/efm32tg/system_efm32tg.o
 .text          0x0000000000000000        0x0 /Applications/SimplicityStudio_v3/developer/toolchains/gnu_arm/4.8_2013q4/bin/../lib/gcc/arm-none-eabi/4.8.3/../../../../arm-none-eabi/lib/armv7-m/libc_s.a(lib_a-exit.o)
 .data          0x0000000000000000        0x0 /Applications/SimplicityStudio_v3/developer/toolchains/gnu_arm/4.8_2013q4/bin/../lib/gcc/arm-none-eabi/4.8.3/../../../../arm-none-eabi/lib/armv7-m/libc_s.a(lib_a-exit.o)
 .bss           0x0000000000000000        0x0 /Applications/SimplicityStudio_v3/developer/toolchains/gnu_arm/4.8_2013q4/bin/../lib/gcc/arm-none-eabi/4.8.3/../../../../arm-none-eabi/lib/armv7-m/libc_s.a(lib_a-exit.o)
 .text          0x0000000000000000        0x0 /Applications/SimplicityStudio_v3/developer/toolchains/gnu_arm/4.8_2013q4/bin/../lib/gcc/arm-none-eabi/4.8.3/../../../../arm-none-eabi/lib/armv7-m/libc_s.a(lib_a-impure.o)
 .data          0x0000000000000000        0x0 /Applications/SimplicityStudio_v3/developer/toolchains/gnu_arm/4.8_2013q4/bin/../lib/gcc/arm-none-eabi/4.8.3/../../../../arm-none-eabi/lib/armv7-m/libc_s.a(lib_a-impure.o)
 .bss           0x0000000000000000        0x0 /Applications/SimplicityStudio_v3/developer/toolchains/gnu_arm/4.8_2013q4/bin/../lib/gcc/arm-none-eabi/4.8.3/../../../../arm-none-eabi/lib/armv7-m/libc_s.a(lib_a-impure.o)
 .data._impure_ptr
                0x0000000000000000        0x4 /Applications/SimplicityStudio_v3/developer/toolchains/gnu_arm/4.8_2013q4/bin/../lib/gcc/arm-none-eabi/4.8.3/../../../../arm-none-eabi/lib/armv7-m/libc_s.a(lib_a-impure.o)
 .text          0x0000000000000000        0x0 /Applications/SimplicityStudio_v3/developer/toolchains/gnu_arm/4.8_2013q4/bin/../lib/gcc/arm-none-eabi/4.8.3/../../../../arm-none-eabi/lib/armv7-m/libc_s.a(lib_a-init.o)
 .data          0x0000000000000000        0x0 /Applications/SimplicityStudio_v3/developer/toolchains/gnu_arm/4.8_2013q4/bin/../lib/gcc/arm-none-eabi/4.8.3/../../../../arm-none-eabi/lib/armv7-m/libc_s.a(lib_a-init.o)
 .bss           0x0000000000000000        0x0 /Applications/SimplicityStudio_v3/developer/toolchains/gnu_arm/4.8_2013q4/bin/../lib/gcc/arm-none-eabi/4.8.3/../../../../arm-none-eabi/lib/armv7-m/libc_s.a(lib_a-init.o)
 .text          0x0000000000000000        0x0 /Applications/SimplicityStudio_v3/developer/toolchains/gnu_arm/4.8_2013q4/bin/../lib/gcc/arm-none-eabi/4.8.3/../../../../arm-none-eabi/lib/armv7-m/libc_s.a(lib_a-memset.o)
 .data          0x0000000000000000        0x0 /Applications/SimplicityStudio_v3/developer/toolchains/gnu_arm/4.8_2013q4/bin/../lib/gcc/arm-none-eabi/4.8.3/../../../../arm-none-eabi/lib/armv7-m/libc_s.a(lib_a-memset.o)
 .bss           0x0000000000000000        0x0 /Applications/SimplicityStudio_v3/developer/toolchains/gnu_arm/4.8_2013q4/bin/../lib/gcc/arm-none-eabi/4.8.3/../../../../arm-none-eabi/lib/armv7-m/libc_s.a(lib_a-memset.o)
 .text          0x0000000000000000        0x0 /Applications/SimplicityStudio_v3/developer/toolchains/gnu_arm/4.8_2013q4/bin/../lib/gcc/arm-none-eabi/4.8.3/../../../../arm-none-eabi/lib/armv7-m/libnosys.a(_exit.o)
 .data          0x0000000000000000        0x0 /Applications/SimplicityStudio_v3/developer/toolchains/gnu_arm/4.8_2013q4/bin/../lib/gcc/arm-none-eabi/4.8.3/../../../../arm-none-eabi/lib/armv7-m/libnosys.a(_exit.o)
 .bss           0x0000000000000000        0x0 /Applications/SimplicityStudio_v3/developer/toolchains/gnu_arm/4.8_2013q4/bin/../lib/gcc/arm-none-eabi/4.8.3/../../../../arm-none-eabi/lib/armv7-m/libnosys.a(_exit.o)
 .text          0x0000000000000000        0x0 /Applications/SimplicityStudio_v3/developer/toolchains/gnu_arm/4.8_2013q4/bin/../lib/gcc/arm-none-eabi/4.8.3/armv7-m/crtend.o
 .data          0x0000000000000000        0x0 /Applications/SimplicityStudio_v3/developer/toolchains/gnu_arm/4.8_2013q4/bin/../lib/gcc/arm-none-eabi/4.8.3/armv7-m/crtend.o
 .bss           0x0000000000000000        0x0 /Applications/SimplicityStudio_v3/developer/toolchains/gnu_arm/4.8_2013q4/bin/../lib/gcc/arm-none-eabi/4.8.3/armv7-m/crtend.o
 .jcr           0x0000000000000000        0x4 /Applications/SimplicityStudio_v3/developer/toolchains/gnu_arm/4.8_2013q4/bin/../lib/gcc/arm-none-eabi/4.8.3/armv7-m/crtend.o
 .text          0x0000000000000000        0x0 /Applications/SimplicityStudio_v3/developer/toolchains/gnu_arm/4.8_2013q4/bin/../lib/gcc/arm-none-eabi/4.8.3/armv7-m/crtn.o
 .data          0x0000000000000000        0x0 /Applications/SimplicityStudio_v3/developer/toolchains/gnu_arm/4.8_2013q4/bin/../lib/gcc/arm-none-eabi/4.8.3/armv7-m/crtn.o
 .bss           0x0000000000000000        0x0 /Applications/SimplicityStudio_v3/developer/toolchains/gnu_arm/4.8_2013q4/bin/../lib/gcc/arm-none-eabi/4.8.3/armv7-m/crtn.o

Memory Configuration

Name             Origin             Length             Attributes
FLASH            0x0000000000000000 0x0000000000008000 xr
RAM              0x0000000020000000 0x0000000000001000 xrw
*default*        0x0000000000000000 0xffffffffffffffff

Linker script and memory map

LOAD /Applications/SimplicityStudio_v3/developer/toolchains/gnu_arm/4.8_2013q4/bin/../lib/gcc/arm-none-eabi/4.8.3/armv7-m/crti.o
LOAD /Applications/SimplicityStudio_v3/developer/toolchains/gnu_arm/4.8_2013q4/bin/../lib/gcc/arm-none-eabi/4.8.3/armv7-m/crtbegin.o
LOAD /Applications/SimplicityStudio_v3/developer/toolchains/gnu_arm/4.8_2013q4/bin/../lib/gcc/arm-none-eabi/4.8.3/../../../../arm-none-eabi/lib/armv7-m/crt0.o
LOAD ./src/InitDevice.o
LOAD ./src/em_cmu.o
LOAD ./src/em_emu.o
LOAD ./src/em_gpio.o
LOAD ./src/em_leuart.o
LOAD ./src/em_timer.o
LOAD ./src/em_usart.o
LOAD ./src/main.o
LOAD ./src/sl.o
LOAD ./src/test.o
LOAD ./src/usart.o
LOAD ./emlib/em_system.o
LOAD ./CMSIS/efm32tg/startup_efm32tg.o
LOAD ./CMSIS/efm32tg/system_efm32tg.o
START GROUP
LOAD /Applications/SimplicityStudio_v3/developer/toolchains/gnu_arm/4.8_2013q4/bin/../lib/gcc/arm-none-eabi/4.8.3/armv7-m/libgcc.a
LOAD /Applications/SimplicityStudio_v3/developer/toolchains/gnu_arm/4.8_2013q4/bin/../lib/gcc/arm-none-eabi/4.8.3/../../../../arm-none-eabi/lib/armv7-m/libc_s.a
LOAD /Applications/SimplicityStudio_v3/developer/toolchains/gnu_arm/4.8_2013q4/bin/../lib/gcc/arm-none-eabi/4.8.3/../../../../arm-none-eabi/lib/armv7-m/libnosys.a
END GROUP
START GROUP
LOAD /Applications/SimplicityStudio_v3/developer/toolchains/gnu_arm/4.8_2013q4/bin/../lib/gcc/arm-none-eabi/4.8.3/armv7-m/libgcc.a
LOAD /Applications/SimplicityStudio_v3/developer/toolchains/gnu_arm/4.8_2013q4/bin/../lib/gcc/arm-none-eabi/4.8.3/../../../../arm-none-eabi/lib/armv7-m/libg_s.a
LOAD /Applications/SimplicityStudio_v3/developer/toolchains/gnu_arm/4.8_2013q4/bin/../lib/gcc/arm-none-eabi/4.8.3/../../../../arm-none-eabi/lib/armv7-m/libc_s.a
END GROUP
START GROUP
LOAD /Applications/SimplicityStudio_v3/developer/toolchains/gnu_arm/4.8_2013q4/bin/../lib/gcc/arm-none-eabi/4.8.3/armv7-m/libgcc.a
LOAD /Applications/SimplicityStudio_v3/developer/toolchains/gnu_arm/4.8_2013q4/bin/../lib/gcc/arm-none-eabi/4.8.3/../../../../arm-none-eabi/lib/armv7-m/libc_s.a
END GROUP
LOAD /Applications/SimplicityStudio_v3/developer/toolchains/gnu_arm/4.8_2013q4/bin/../lib/gcc/arm-none-eabi/4.8.3/armv7-m/crtend.o
LOAD /Applications/SimplicityStudio_v3/developer/toolchains/gnu_arm/4.8_2013q4/bin/../lib/gcc/arm-none-eabi/4.8.3/armv7-m/crtn.o

.text           0x0000000000000000     0x109c
 *(.isr_vector)
 .isr_vector    0x0000000000000000      0x100 ./CMSIS/efm32tg/startup_efm32tg.o
                0x0000000000000000                __isr_vector
 *(.text*)
 .text          0x0000000000000100       0x54 /Applications/SimplicityStudio_v3/developer/toolchains/gnu_arm/4.8_2013q4/bin/../lib/gcc/arm-none-eabi/4.8.3/armv7-m/crtbegin.o
 .text          0x0000000000000154       0x74 /Applications/SimplicityStudio_v3/developer/toolchains/gnu_arm/4.8_2013q4/bin/../lib/gcc/arm-none-eabi/4.8.3/../../../../arm-none-eabi/lib/armv7-m/crt0.o
                0x0000000000000154                _mainCRTStartup
                0x0000000000000154                _start
 .text.BITBAND_Peripheral
                0x00000000000001c8       0x2c ./src/em_cmu.o
 .text.CMU_AUXClkGet
                0x00000000000001f4       0x8c ./src/em_cmu.o
 .text.CMU_DBGClkGet
                0x0000000000000280       0x40 ./src/em_cmu.o
 .text.CMU_LFClkGet
                0x00000000000002c0       0x90 ./src/em_cmu.o
 .text.CMU_Sync
                0x0000000000000350       0x34 ./src/em_cmu.o
 .text.CMU_ClockEnable
                0x0000000000000384       0xac ./src/em_cmu.o
                0x0000000000000384                CMU_ClockEnable
 .text.CMU_ClockFreqGet
                0x0000000000000430      0x134 ./src/em_cmu.o
                0x0000000000000430                CMU_ClockFreqGet
 .text.CMU_ClockSelectGet
                0x0000000000000564      0x124 ./src/em_cmu.o
                0x0000000000000564                CMU_ClockSelectGet
 .text.GPIO_PinModeSet
                0x0000000000000688      0x144 ./src/em_gpio.o
                0x0000000000000688                GPIO_PinModeSet
 .text.USART_BaudrateSyncSet
                0x00000000000007cc       0x6c ./src/em_usart.o
                0x00000000000007cc                USART_BaudrateSyncSet
 .text.USART_Enable
                0x0000000000000838       0x4c ./src/em_usart.o
                0x0000000000000838                USART_Enable
 .text.USART_InitSync
                0x0000000000000884       0xbc ./src/em_usart.o
                0x0000000000000884                USART_InitSync
 .text.USART_InitI2s
                0x0000000000000940       0x7c ./src/em_usart.o
                0x0000000000000940                USART_InitI2s
 .text.USART_Reset
                0x00000000000009bc       0x84 ./src/em_usart.o
                0x00000000000009bc                USART_Reset
 .text.CHIP_Init
                0x0000000000000a40        0xc ./src/main.o
 .text.CONFIG_UsartsGpioSetup
                0x0000000000000a4c       0x2c ./src/main.o
 .text.main     0x0000000000000a78       0xe0 ./src/main.o
                0x0000000000000a78                main
 .text.initClocks
                0x0000000000000b58       0x70 ./src/main.o
                0x0000000000000b58                initClocks
 .text.CollectI2S
                0x0000000000000bc8       0xa8 ./src/main.o
                0x0000000000000bc8                CollectI2S
 .text.WS_pin_clr
                0x0000000000000c70       0x18 ./src/main.o
                0x0000000000000c70                WS_pin_clr
 .text.WS_pin_set
                0x0000000000000c88       0x18 ./src/main.o
                0x0000000000000c88                WS_pin_set
 .text.I2S_Setup
                0x0000000000000ca0       0x7c ./src/sl.o
                0x0000000000000ca0                I2S_Setup
 .text.I2C_ReadByte
                0x0000000000000d1c       0x28 ./src/sl.o
                0x0000000000000d1c                I2C_ReadByte
 .text.I2S_WriteByte
                0x0000000000000d44       0x2c ./src/sl.o
                0x0000000000000d44                I2S_WriteByte
 .text.USART_init
                0x0000000000000d70       0x48 ./src/usart.o
                0x0000000000000d70                USART_init
 .text          0x0000000000000db8       0x78 ./CMSIS/efm32tg/startup_efm32tg.o
                0x0000000000000db8                Reset_Handler
                0x0000000000000dec                Default_Handler
                0x0000000000000dee                NMI_Handler
                0x0000000000000df0                HardFault_Handler
                0x0000000000000df2                MemManage_Handler
                0x0000000000000df4                BusFault_Handler
                0x0000000000000df6                UsageFault_Handler
                0x0000000000000df8                SVC_Handler
                0x0000000000000dfa                DebugMon_Handler
                0x0000000000000dfc                PendSV_Handler
                0x0000000000000dfe                SysTick_Handler
                0x0000000000000e00                DMA_IRQHandler
                0x0000000000000e02                GPIO_EVEN_IRQHandler
                0x0000000000000e04                TIMER0_IRQHandler
                0x0000000000000e06                USART0_RX_IRQHandler
                0x0000000000000e08                USART0_TX_IRQHandler
                0x0000000000000e0a                ACMP0_IRQHandler
                0x0000000000000e0c                ADC0_IRQHandler
                0x0000000000000e0e                DAC0_IRQHandler
                0x0000000000000e10                I2C0_IRQHandler
                0x0000000000000e12                GPIO_ODD_IRQHandler
                0x0000000000000e14                TIMER1_IRQHandler
                0x0000000000000e16                USART1_RX_IRQHandler
                0x0000000000000e18                USART1_TX_IRQHandler
                0x0000000000000e1a                LESENSE_IRQHandler
                0x0000000000000e1c                LEUART0_IRQHandler
                0x0000000000000e1e                LETIMER0_IRQHandler
                0x0000000000000e20                PCNT0_IRQHandler
                0x0000000000000e22                RTC_IRQHandler
                0x0000000000000e24                CMU_IRQHandler
                0x0000000000000e26                VCMP_IRQHandler
                0x0000000000000e28                LCD_IRQHandler
                0x0000000000000e2a                MSC_IRQHandler
                0x0000000000000e2c                AES_IRQHandler
 .text.GetProdRev
                0x0000000000000e30       0x1c ./CMSIS/efm32tg/system_efm32tg.o
 .text.SystemCoreClockGet
                0x0000000000000e4c       0x34 ./CMSIS/efm32tg/system_efm32tg.o
                0x0000000000000e4c                SystemCoreClockGet
 .text.SystemHFClockGet
                0x0000000000000e80       0xf0 ./CMSIS/efm32tg/system_efm32tg.o
                0x0000000000000e80                SystemHFClockGet
 .text.SystemInit
                0x0000000000000f70        0xc ./CMSIS/efm32tg/system_efm32tg.o
                0x0000000000000f70                SystemInit
 .text.SystemLFRCOClockGet
                0x0000000000000f7c       0x14 ./CMSIS/efm32tg/system_efm32tg.o
                0x0000000000000f7c                SystemLFRCOClockGet
 .text.SystemULFRCOClockGet
                0x0000000000000f90       0x14 ./CMSIS/efm32tg/system_efm32tg.o
                0x0000000000000f90                SystemULFRCOClockGet
 .text.SystemLFXOClockGet
                0x0000000000000fa4       0x18 ./CMSIS/efm32tg/system_efm32tg.o
                0x0000000000000fa4                SystemLFXOClockGet
 .text.exit     0x0000000000000fbc       0x28 /Applications/SimplicityStudio_v3/developer/toolchains/gnu_arm/4.8_2013q4/bin/../lib/gcc/arm-none-eabi/4.8.3/../../../../arm-none-eabi/lib/armv7-m/libc_s.a(lib_a-exit.o)
                0x0000000000000fbc                exit
 .text.__libc_init_array
                0x0000000000000fe4       0x4c /Applications/SimplicityStudio_v3/developer/toolchains/gnu_arm/4.8_2013q4/bin/../lib/gcc/arm-none-eabi/4.8.3/../../../../arm-none-eabi/lib/armv7-m/libc_s.a(lib_a-init.o)
                0x0000000000000fe4                __libc_init_array
 .text.memset   0x0000000000001030       0x10 /Applications/SimplicityStudio_v3/developer/toolchains/gnu_arm/4.8_2013q4/bin/../lib/gcc/arm-none-eabi/4.8.3/../../../../arm-none-eabi/lib/armv7-m/libc_s.a(lib_a-memset.o)
                0x0000000000001030                memset
 .text._exit    0x0000000000001040        0x4 /Applications/SimplicityStudio_v3/developer/toolchains/gnu_arm/4.8_2013q4/bin/../lib/gcc/arm-none-eabi/4.8.3/../../../../arm-none-eabi/lib/armv7-m/libnosys.a(_exit.o)
                0x0000000000001040                _exit
 *(.init)
 .init          0x0000000000001044        0x4 /Applications/SimplicityStudio_v3/developer/toolchains/gnu_arm/4.8_2013q4/bin/../lib/gcc/arm-none-eabi/4.8.3/armv7-m/crti.o
                0x0000000000001044                _init
 .init          0x0000000000001048        0x8 /Applications/SimplicityStudio_v3/developer/toolchains/gnu_arm/4.8_2013q4/bin/../lib/gcc/arm-none-eabi/4.8.3/armv7-m/crtn.o
 *(.fini)
 .fini          0x0000000000001050        0x4 /Applications/SimplicityStudio_v3/developer/toolchains/gnu_arm/4.8_2013q4/bin/../lib/gcc/arm-none-eabi/4.8.3/armv7-m/crti.o
                0x0000000000001050                _fini
 .fini          0x0000000000001054        0x8 /Applications/SimplicityStudio_v3/developer/toolchains/gnu_arm/4.8_2013q4/bin/../lib/gcc/arm-none-eabi/4.8.3/armv7-m/crtn.o
 *crtbegin.o(.ctors)
 *crtbegin?.o(.ctors)
 *(EXCLUDE_FILE(*crtend.o *crtend?.o) .ctors)
 *(SORT(.ctors.*))
 *(.ctors)
 *crtbegin.o(.dtors)
 *crtbegin?.o(.dtors)
 *(EXCLUDE_FILE(*crtend.o *crtend?.o) .dtors)
 *(SORT(.dtors.*))
 *(.dtors)
 *(.rodata*)
 .rodata        0x000000000000105c       0x14 ./src/main.o
 .rodata        0x0000000000001070       0x20 ./src/sl.o
 .rodata.str1.1
                0x0000000000001090        0x2 /Applications/SimplicityStudio_v3/developer/toolchains/gnu_arm/4.8_2013q4/bin/../lib/gcc/arm-none-eabi/4.8.3/../../../../arm-none-eabi/lib/armv7-m/libc_s.a(lib_a-impure.o)
 *fill*         0x0000000000001092        0x2 
 .rodata._global_impure_ptr
                0x0000000000001094        0x4 /Applications/SimplicityStudio_v3/developer/toolchains/gnu_arm/4.8_2013q4/bin/../lib/gcc/arm-none-eabi/4.8.3/../../../../arm-none-eabi/lib/armv7-m/libc_s.a(lib_a-impure.o)
                0x0000000000001094                _global_impure_ptr
 *(.eh_frame*)
 .eh_frame      0x0000000000001098        0x0 /Applications/SimplicityStudio_v3/developer/toolchains/gnu_arm/4.8_2013q4/bin/../lib/gcc/arm-none-eabi/4.8.3/armv7-m/crtbegin.o
 .eh_frame      0x0000000000001098        0x4 /Applications/SimplicityStudio_v3/developer/toolchains/gnu_arm/4.8_2013q4/bin/../lib/gcc/arm-none-eabi/4.8.3/armv7-m/crtend.o

.glue_7         0x000000000000109c        0x0
 .glue_7        0x0000000000000000        0x0 linker stubs

.glue_7t        0x000000000000109c        0x0
 .glue_7t       0x0000000000000000        0x0 linker stubs

.vfp11_veneer   0x000000000000109c        0x0
 .vfp11_veneer  0x0000000000000000        0x0 linker stubs

.v4_bx          0x000000000000109c        0x0
 .v4_bx         0x0000000000000000        0x0 linker stubs

.iplt           0x000000000000109c        0x0
 .iplt          0x0000000000000000        0x0 /Applications/SimplicityStudio_v3/developer/toolchains/gnu_arm/4.8_2013q4/bin/../lib/gcc/arm-none-eabi/4.8.3/armv7-m/crtbegin.o

.ARM.extab
 *(.ARM.extab* .gnu.linkonce.armextab.*)
                0x000000000000109c                __exidx_start = .

.ARM.exidx      0x000000000000109c        0x8
 *(.ARM.exidx* .gnu.linkonce.armexidx.*)
 .ARM.exidx     0x000000000000109c        0x8 /Applications/SimplicityStudio_v3/developer/toolchains/gnu_arm/4.8_2013q4/bin/../lib/gcc/arm-none-eabi/4.8.3/../../../../arm-none-eabi/lib/armv7-m/crt0.o
                0x00000000000010a4                __exidx_end = .
                0x00000000000010a4                __etext = .

.rel.dyn        0x00000000000010a4        0x0
 .rel.iplt      0x0000000000000000        0x0 /Applications/SimplicityStudio_v3/developer/toolchains/gnu_arm/4.8_2013q4/bin/../lib/gcc/arm-none-eabi/4.8.3/armv7-m/crtbegin.o

.data           0x0000000020000000       0x70 load address 0x00000000000010a4
                0x0000000020000000                __data_start__ = .
 *(vtable)
 *(.data*)
 .data.SystemHFXOClock
                0x0000000020000000        0x4 ./CMSIS/efm32tg/system_efm32tg.o
 .data.SystemLFXOClock
                0x0000000020000004        0x4 ./CMSIS/efm32tg/system_efm32tg.o
 .data.impure_data
                0x0000000020000008       0x60 /Applications/SimplicityStudio_v3/developer/toolchains/gnu_arm/4.8_2013q4/bin/../lib/gcc/arm-none-eabi/4.8.3/../../../../arm-none-eabi/lib/armv7-m/libc_s.a(lib_a-impure.o)
                0x0000000020000068                . = ALIGN (0x4)
 *(.ram)
                0x0000000020000068                . = ALIGN (0x4)
                0x0000000020000068                PROVIDE (__preinit_array_start, .)
 *(.preinit_array)
                0x0000000020000068                PROVIDE (__preinit_array_end, .)
                0x0000000020000068                . = ALIGN (0x4)
                0x0000000020000068                PROVIDE (__init_array_start, .)
 *(SORT(.init_array.*))
 *(.init_array)
 .init_array    0x0000000020000068        0x4 /Applications/SimplicityStudio_v3/developer/toolchains/gnu_arm/4.8_2013q4/bin/../lib/gcc/arm-none-eabi/4.8.3/armv7-m/crtbegin.o
                0x000000002000006c                PROVIDE (__init_array_end, .)
                0x000000002000006c                . = ALIGN (0x4)
                0x000000002000006c                PROVIDE (__fini_array_start, .)
 *(SORT(.fini_array.*))
 *(.fini_array)
 .fini_array    0x000000002000006c        0x4 /Applications/SimplicityStudio_v3/developer/toolchains/gnu_arm/4.8_2013q4/bin/../lib/gcc/arm-none-eabi/4.8.3/armv7-m/crtbegin.o
                0x0000000020000070                PROVIDE (__fini_array_end, .)
                0x0000000020000070                . = ALIGN (0x4)
                0x0000000020000070                __data_end__ = .

.jcr            0x0000000020000070        0x0 load address 0x0000000000001114
 .jcr           0x0000000020000070        0x0 /Applications/SimplicityStudio_v3/developer/toolchains/gnu_arm/4.8_2013q4/bin/../lib/gcc/arm-none-eabi/4.8.3/armv7-m/crtbegin.o

.igot.plt       0x0000000020000070        0x0 load address 0x0000000000001114
 .igot.plt      0x0000000000000000        0x0 /Applications/SimplicityStudio_v3/developer/toolchains/gnu_arm/4.8_2013q4/bin/../lib/gcc/arm-none-eabi/4.8.3/armv7-m/crtbegin.o

.bss            0x0000000020000070       0x20 load address 0x0000000000001114
                0x0000000020000070                __bss_start__ = .
 *(.bss*)
 .bss           0x0000000020000070       0x1c /Applications/SimplicityStudio_v3/developer/toolchains/gnu_arm/4.8_2013q4/bin/../lib/gcc/arm-none-eabi/4.8.3/armv7-m/crtbegin.o
 *(COMMON)
 COMMON         0x000000002000008c        0x4 ./CMSIS/efm32tg/system_efm32tg.o
                0x000000002000008c                SystemCoreClock
                0x0000000020000090                __bss_end__ = .

.heap           0x0000000020000090        0x0
                0x0000000020000090                __end__ = .
                0x0000000020000090                end = __end__
                0x0000000020000090                _end = __end__
 *(.heap*)
 .heap          0x0000000020000090        0x0 ./CMSIS/efm32tg/startup_efm32tg.o
                0x0000000020000090                __HeapLimit = .

.stack_dummy    0x0000000020000090      0x400
 *(.stack)
 .stack         0x0000000020000090      0x400 ./CMSIS/efm32tg/startup_efm32tg.o
                0x0000000020001000                __StackTop = (ORIGIN (RAM) + 0x1000)
                0x0000000020000c00                __StackLimit = (__StackTop - SIZEOF (.stack_dummy))
                0x0000000020001000                PROVIDE (__stack, __StackTop)
                0x0000000000000001                ASSERT ((__StackLimit >= __HeapLimit), region RAM overflowed with stack)
                0x0000000000000001                ASSERT ((0x8000 >= (__etext + SIZEOF (.data))), FLASH memory overflowed !)
OUTPUT(RealEmbeddedProject.axf elf32-littlearm)

.ARM.attributes
                0x0000000000000000       0x29
 .ARM.attributes
                0x0000000000000000       0x1d /Applications/SimplicityStudio_v3/developer/toolchains/gnu_arm/4.8_2013q4/bin/../lib/gcc/arm-none-eabi/4.8.3/armv7-m/crti.o
 .ARM.attributes
                0x000000000000001d       0x2d /Applications/SimplicityStudio_v3/developer/toolchains/gnu_arm/4.8_2013q4/bin/../lib/gcc/arm-none-eabi/4.8.3/armv7-m/crtbegin.o
 .ARM.attributes
                0x000000000000004a       0x1b /Applications/SimplicityStudio_v3/developer/toolchains/gnu_arm/4.8_2013q4/bin/../lib/gcc/arm-none-eabi/4.8.3/../../../../arm-none-eabi/lib/armv7-m/crt0.o
 .ARM.attributes
                0x0000000000000065       0x33 ./src/em_cmu.o
 .ARM.attributes
                0x0000000000000098       0x33 ./src/em_gpio.o
 .ARM.attributes
                0x00000000000000cb       0x33 ./src/em_usart.o
 .ARM.attributes
                0x00000000000000fe       0x33 ./src/main.o
 .ARM.attributes
                0x0000000000000131       0x33 ./src/sl.o
 .ARM.attributes
                0x0000000000000164       0x33 ./src/usart.o
 .ARM.attributes
                0x0000000000000197       0x1b ./CMSIS/efm32tg/startup_efm32tg.o
 .ARM.attributes
                0x00000000000001b2       0x33 ./CMSIS/efm32tg/system_efm32tg.o
 .ARM.attributes
                0x00000000000001e5       0x2d /Applications/SimplicityStudio_v3/developer/toolchains/gnu_arm/4.8_2013q4/bin/../lib/gcc/arm-none-eabi/4.8.3/../../../../arm-none-eabi/lib/armv7-m/libc_s.a(lib_a-exit.o)
 .ARM.attributes
                0x0000000000000212       0x2d /Applications/SimplicityStudio_v3/developer/toolchains/gnu_arm/4.8_2013q4/bin/../lib/gcc/arm-none-eabi/4.8.3/../../../../arm-none-eabi/lib/armv7-m/libc_s.a(lib_a-impure.o)
 .ARM.attributes
                0x000000000000023f       0x2d /Applications/SimplicityStudio_v3/developer/toolchains/gnu_arm/4.8_2013q4/bin/../lib/gcc/arm-none-eabi/4.8.3/../../../../arm-none-eabi/lib/armv7-m/libc_s.a(lib_a-init.o)
 .ARM.attributes
                0x000000000000026c       0x2d /Applications/SimplicityStudio_v3/developer/toolchains/gnu_arm/4.8_2013q4/bin/../lib/gcc/arm-none-eabi/4.8.3/../../../../arm-none-eabi/lib/armv7-m/libc_s.a(lib_a-memset.o)
 .ARM.attributes
                0x0000000000000299       0x2d /Applications/SimplicityStudio_v3/developer/toolchains/gnu_arm/4.8_2013q4/bin/../lib/gcc/arm-none-eabi/4.8.3/../../../../arm-none-eabi/lib/armv7-m/libnosys.a(_exit.o)
 .ARM.attributes
                0x00000000000002c6       0x2d /Applications/SimplicityStudio_v3/developer/toolchains/gnu_arm/4.8_2013q4/bin/../lib/gcc/arm-none-eabi/4.8.3/armv7-m/crtend.o
 .ARM.attributes
                0x00000000000002f3       0x1d /Applications/SimplicityStudio_v3/developer/toolchains/gnu_arm/4.8_2013q4/bin/../lib/gcc/arm-none-eabi/4.8.3/armv7-m/crtn.o

.comment        0x0000000000000000       0x70
 .comment       0x0000000000000000       0x70 ./src/em_cmu.o
                                         0x71 (size before relaxing)
 .comment       0x0000000000000000       0x71 ./src/em_gpio.o
 .comment       0x0000000000000000       0x71 ./src/em_usart.o
 .comment       0x0000000000000000       0x71 ./src/main.o
 .comment       0x0000000000000000       0x71 ./src/sl.o
 .comment       0x0000000000000000       0x71 ./src/usart.o
 .comment       0x0000000000000000       0x71 ./CMSIS/efm32tg/system_efm32tg.o

.debug_info     0x0000000000000000     0x3c3f
 .debug_info    0x0000000000000000      0xf43 ./src/em_cmu.o
 .debug_info    0x0000000000000f43      0x4d4 ./src/em_gpio.o
 .debug_info    0x0000000000001417      0xde7 ./src/em_usart.o
 .debug_info    0x00000000000021fe      0x890 ./src/main.o
 .debug_info    0x0000000000002a8e      0x6b8 ./src/sl.o
 .debug_info    0x0000000000003146      0x4a6 ./src/usart.o
 .debug_info    0x00000000000035ec       0xf8 ./CMSIS/efm32tg/startup_efm32tg.o
 .debug_info    0x00000000000036e4      0x55b ./CMSIS/efm32tg/system_efm32tg.o

.debug_abbrev   0x0000000000000000      0xb97
 .debug_abbrev  0x0000000000000000      0x2bd ./src/em_cmu.o
 .debug_abbrev  0x00000000000002bd      0x13a ./src/em_gpio.o
 .debug_abbrev  0x00000000000003f7      0x1ba ./src/em_usart.o
 .debug_abbrev  0x00000000000005b1      0x1ad ./src/main.o
 .debug_abbrev  0x000000000000075e      0x15e ./src/sl.o
 .debug_abbrev  0x00000000000008bc      0x131 ./src/usart.o
 .debug_abbrev  0x00000000000009ed       0x14 ./CMSIS/efm32tg/startup_efm32tg.o
 .debug_abbrev  0x0000000000000a01      0x196 ./CMSIS/efm32tg/system_efm32tg.o

.debug_loc      0x0000000000000000     0x10f8
 .debug_loc     0x0000000000000000      0x698 ./src/em_cmu.o
 .debug_loc     0x0000000000000698      0x118 ./src/em_gpio.o
 .debug_loc     0x00000000000007b0      0x460 ./src/em_usart.o
 .debug_loc     0x0000000000000c10      0x158 ./src/main.o
 .debug_loc     0x0000000000000d68       0x9c ./src/sl.o
 .debug_loc     0x0000000000000e04      0x10c ./src/usart.o
 .debug_loc     0x0000000000000f10      0x1e8 ./CMSIS/efm32tg/system_efm32tg.o

.debug_aranges  0x0000000000000000      0x350
 .debug_aranges
                0x0000000000000000      0x110 ./src/em_cmu.o
 .debug_aranges
                0x0000000000000110       0x40 ./src/em_gpio.o
 .debug_aranges
                0x0000000000000150       0xb8 ./src/em_usart.o
 .debug_aranges
                0x0000000000000208       0x50 ./src/main.o
 .debug_aranges
                0x0000000000000258       0x30 ./src/sl.o
 .debug_aranges
                0x0000000000000288       0x40 ./src/usart.o
 .debug_aranges
                0x00000000000002c8       0x20 ./CMSIS/efm32tg/startup_efm32tg.o
 .debug_aranges
                0x00000000000002e8       0x68 ./CMSIS/efm32tg/system_efm32tg.o

.debug_ranges   0x0000000000000000      0x2c0
 .debug_ranges  0x0000000000000000      0x100 ./src/em_cmu.o
 .debug_ranges  0x0000000000000100       0x30 ./src/em_gpio.o
 .debug_ranges  0x0000000000000130       0xa8 ./src/em_usart.o
 .debug_ranges  0x00000000000001d8       0x40 ./src/main.o
 .debug_ranges  0x0000000000000218       0x20 ./src/sl.o
 .debug_ranges  0x0000000000000238       0x30 ./src/usart.o
 .debug_ranges  0x0000000000000268       0x58 ./CMSIS/efm32tg/system_efm32tg.o

.debug_line     0x0000000000000000     0x176b
 .debug_line    0x0000000000000000      0x6bd ./src/em_cmu.o
 .debug_line    0x00000000000006bd      0x231 ./src/em_gpio.o
 .debug_line    0x00000000000008ee      0x452 ./src/em_usart.o
 .debug_line    0x0000000000000d40      0x2a3 ./src/main.o
 .debug_line    0x0000000000000fe3      0x1d2 ./src/sl.o
 .debug_line    0x00000000000011b5      0x22e ./src/usart.o
 .debug_line    0x00000000000013e3       0xda ./CMSIS/efm32tg/startup_efm32tg.o
 .debug_line    0x00000000000014bd      0x2ae ./CMSIS/efm32tg/system_efm32tg.o

.debug_str      0x0000000000000000     0x19ba
 .debug_str     0x0000000000000000      0xac9 ./src/em_cmu.o
                                        0xb32 (size before relaxing)
 .debug_str     0x0000000000000ac9      0x33b ./src/em_gpio.o
                                        0x559 (size before relaxing)
 .debug_str     0x0000000000000e04      0x91b ./src/em_usart.o
                                        0xcc6 (size before relaxing)
 .debug_str     0x000000000000171f       0x7c ./src/main.o
                                        0x57f (size before relaxing)
 .debug_str     0x000000000000179b       0x36 ./src/sl.o
                                        0x9be (size before relaxing)
 .debug_str     0x00000000000017d1       0x9d ./src/usart.o
                                        0x352 (size before relaxing)
 .debug_str     0x000000000000186e      0x14c ./CMSIS/efm32tg/system_efm32tg.o
                                        0x480 (size before relaxing)

.debug_frame    0x0000000000000000      0xa20
 .debug_frame   0x0000000000000000      0x390 ./src/em_cmu.o
 .debug_frame   0x0000000000000390       0xa8 ./src/em_gpio.o
 .debug_frame   0x0000000000000438      0x25c ./src/em_usart.o
 .debug_frame   0x0000000000000694       0xd0 ./src/main.o
 .debug_frame   0x0000000000000764       0x68 ./src/sl.o
 .debug_frame   0x00000000000007cc       0xa0 ./src/usart.o
 .debug_frame   0x000000000000086c      0x120 ./CMSIS/efm32tg/system_efm32tg.o
 .debug_frame   0x000000000000098c       0x28 /Applications/SimplicityStudio_v3/developer/toolchains/gnu_arm/4.8_2013q4/bin/../lib/gcc/arm-none-eabi/4.8.3/../../../../arm-none-eabi/lib/armv7-m/libc_s.a(lib_a-exit.o)
 .debug_frame   0x00000000000009b4       0x2c /Applications/SimplicityStudio_v3/developer/toolchains/gnu_arm/4.8_2013q4/bin/../lib/gcc/arm-none-eabi/4.8.3/../../../../arm-none-eabi/lib/armv7-m/libc_s.a(lib_a-init.o)
 .debug_frame   0x00000000000009e0       0x20 /Applications/SimplicityStudio_v3/developer/toolchains/gnu_arm/4.8_2013q4/bin/../lib/gcc/arm-none-eabi/4.8.3/../../../../arm-none-eabi/lib/armv7-m/libc_s.a(lib_a-memset.o)
 .debug_frame   0x0000000000000a00       0x20 /Applications/SimplicityStudio_v3/developer/toolchains/gnu_arm/4.8_2013q4/bin/../lib/gcc/arm-none-eabi/4.8.3/../../../../arm-none-eabi/lib/armv7-m/libnosys.a(_exit.o)
