Archive member included because of file (symbol)

/home/mark/Downloads/SimplicityStudio_v3/developer/toolchains/gnu_arm/4.8_2013q4/bin/../lib/gcc/arm-none-eabi/4.8.3/../../../../arm-none-eabi/lib/armv7-m/libc_s.a(lib_a-exit.o)
                              /home/mark/Downloads/SimplicityStudio_v3/developer/toolchains/gnu_arm/4.8_2013q4/bin/../lib/gcc/arm-none-eabi/4.8.3/../../../../arm-none-eabi/lib/armv7-m/crt0.o (exit)
/home/mark/Downloads/SimplicityStudio_v3/developer/toolchains/gnu_arm/4.8_2013q4/bin/../lib/gcc/arm-none-eabi/4.8.3/../../../../arm-none-eabi/lib/armv7-m/libc_s.a(lib_a-impure.o)
                              /home/mark/Downloads/SimplicityStudio_v3/developer/toolchains/gnu_arm/4.8_2013q4/bin/../lib/gcc/arm-none-eabi/4.8.3/../../../../arm-none-eabi/lib/armv7-m/libc_s.a(lib_a-exit.o) (_global_impure_ptr)
/home/mark/Downloads/SimplicityStudio_v3/developer/toolchains/gnu_arm/4.8_2013q4/bin/../lib/gcc/arm-none-eabi/4.8.3/../../../../arm-none-eabi/lib/armv7-m/libc_s.a(lib_a-init.o)
                              /home/mark/Downloads/SimplicityStudio_v3/developer/toolchains/gnu_arm/4.8_2013q4/bin/../lib/gcc/arm-none-eabi/4.8.3/../../../../arm-none-eabi/lib/armv7-m/crt0.o (__libc_init_array)
/home/mark/Downloads/SimplicityStudio_v3/developer/toolchains/gnu_arm/4.8_2013q4/bin/../lib/gcc/arm-none-eabi/4.8.3/../../../../arm-none-eabi/lib/armv7-m/libc_s.a(lib_a-memset.o)
                              /home/mark/Downloads/SimplicityStudio_v3/developer/toolchains/gnu_arm/4.8_2013q4/bin/../lib/gcc/arm-none-eabi/4.8.3/../../../../arm-none-eabi/lib/armv7-m/crt0.o (memset)
/home/mark/Downloads/SimplicityStudio_v3/developer/toolchains/gnu_arm/4.8_2013q4/bin/../lib/gcc/arm-none-eabi/4.8.3/../../../../arm-none-eabi/lib/armv7-m/libnosys.a(_exit.o)
                              /home/mark/Downloads/SimplicityStudio_v3/developer/toolchains/gnu_arm/4.8_2013q4/bin/../lib/gcc/arm-none-eabi/4.8.3/../../../../arm-none-eabi/lib/armv7-m/libc_s.a(lib_a-exit.o) (_exit)

Allocating common symbols
Common symbol       size              file

SystemCoreClock     0x4               ./CMSIS/efm32tg/system_efm32tg.o

Discarded input sections

 .text          0x00000000        0x0 /home/mark/Downloads/SimplicityStudio_v3/developer/toolchains/gnu_arm/4.8_2013q4/bin/../lib/gcc/arm-none-eabi/4.8.3/armv7-m/crti.o
 .data          0x00000000        0x0 /home/mark/Downloads/SimplicityStudio_v3/developer/toolchains/gnu_arm/4.8_2013q4/bin/../lib/gcc/arm-none-eabi/4.8.3/armv7-m/crti.o
 .bss           0x00000000        0x0 /home/mark/Downloads/SimplicityStudio_v3/developer/toolchains/gnu_arm/4.8_2013q4/bin/../lib/gcc/arm-none-eabi/4.8.3/armv7-m/crti.o
 .data          0x00000000        0x4 /home/mark/Downloads/SimplicityStudio_v3/developer/toolchains/gnu_arm/4.8_2013q4/bin/../lib/gcc/arm-none-eabi/4.8.3/armv7-m/crtbegin.o
 .data          0x00000000        0x0 /home/mark/Downloads/SimplicityStudio_v3/developer/toolchains/gnu_arm/4.8_2013q4/bin/../lib/gcc/arm-none-eabi/4.8.3/../../../../arm-none-eabi/lib/armv7-m/crt0.o
 .bss           0x00000000        0x0 /home/mark/Downloads/SimplicityStudio_v3/developer/toolchains/gnu_arm/4.8_2013q4/bin/../lib/gcc/arm-none-eabi/4.8.3/../../../../arm-none-eabi/lib/armv7-m/crt0.o
 .ARM.extab     0x00000000        0x0 /home/mark/Downloads/SimplicityStudio_v3/developer/toolchains/gnu_arm/4.8_2013q4/bin/../lib/gcc/arm-none-eabi/4.8.3/../../../../arm-none-eabi/lib/armv7-m/crt0.o
 .text          0x00000000        0x0 ./src/em_cmu.o
 .data          0x00000000        0x0 ./src/em_cmu.o
 .bss           0x00000000        0x0 ./src/em_cmu.o
 .text.BITBAND_Peripheral
                0x00000000       0x2c ./src/em_cmu.o
 .text.CMU_FlashWaitStateControl
                0x00000000       0x9c ./src/em_cmu.o
 .text.CMU_FlashWaitStateMax
                0x00000000       0x1c ./src/em_cmu.o
 .text.CMU_DivToLog2
                0x00000000       0x3c ./src/em_cmu.o
 .text.CMU_Log2ToDiv
                0x00000000       0x1c ./src/em_cmu.o
 .text.CMU_AUXClkGet
                0x00000000       0x8c ./src/em_cmu.o
 .text.CMU_DBGClkGet
                0x00000000       0x40 ./src/em_cmu.o
 .text.CMU_LFClkGet
                0x00000000       0x90 ./src/em_cmu.o
 .text.CMU_Sync
                0x00000000       0x34 ./src/em_cmu.o
 .text.CMU_Calibrate
                0x00000000       0x88 ./src/em_cmu.o
 .text.CMU_CalibrateConfig
                0x00000000       0xd8 ./src/em_cmu.o
 .text.CMU_ClockDivGet
                0x00000000       0xfc ./src/em_cmu.o
 .text.CMU_ClockDivSet
                0x00000000      0x14c ./src/em_cmu.o
 .text.CMU_ClockEnable
                0x00000000       0xac ./src/em_cmu.o
 .text.CMU_ClockFreqGet
                0x00000000      0x134 ./src/em_cmu.o
 .text.CMU_ClockSelectGet
                0x00000000      0x124 ./src/em_cmu.o
 .text.CMU_ClockSelectSet
                0x00000000      0x1b8 ./src/em_cmu.o
 .text.CMU_FreezeEnable
                0x00000000       0x38 ./src/em_cmu.o
 .text.CMU_AUXHFRCOBandGet
                0x00000000       0x20 ./src/em_cmu.o
 .text.CMU_AUXHFRCOBandSet
                0x00000000       0xb0 ./src/em_cmu.o
 .text.CMU_HFRCOBandGet
                0x00000000       0x20 ./src/em_cmu.o
 .text.CMU_HFRCOBandSet
                0x00000000       0xcc ./src/em_cmu.o
 .text.CMU_HFRCOStartupDelayGet
                0x00000000       0x1c ./src/em_cmu.o
 .text.CMU_HFRCOStartupDelaySet
                0x00000000       0x30 ./src/em_cmu.o
 .text.CMU_LCDClkFDIVGet
                0x00000000       0x10 ./src/em_cmu.o
 .text.CMU_LCDClkFDIVSet
                0x00000000       0x14 ./src/em_cmu.o
 .text.CMU_OscillatorEnable
                0x00000000       0xc0 ./src/em_cmu.o
 .text.CMU_OscillatorTuningGet
                0x00000000       0x50 ./src/em_cmu.o
 .text.CMU_OscillatorTuningSet
                0x00000000       0x74 ./src/em_cmu.o
 .text.CMU_PCNTClockExternalGet
                0x00000000       0x44 ./src/em_cmu.o
 .text.CMU_PCNTClockExternalSet
                0x00000000       0x34 ./src/em_cmu.o
 .debug_info    0x00000000      0xf43 ./src/em_cmu.o
 .debug_abbrev  0x00000000      0x2bd ./src/em_cmu.o
 .debug_loc     0x00000000      0x698 ./src/em_cmu.o
 .debug_aranges
                0x00000000      0x110 ./src/em_cmu.o
 .debug_ranges  0x00000000      0x100 ./src/em_cmu.o
 .debug_line    0x00000000      0x6d2 ./src/em_cmu.o
 .debug_str     0x00000000      0xb1d ./src/em_cmu.o
 .comment       0x00000000       0x71 ./src/em_cmu.o
 .ARM.attributes
                0x00000000       0x33 ./src/em_cmu.o
 .debug_frame   0x00000000      0x390 ./src/em_cmu.o
 .text          0x00000000        0x0 ./src/em_emu.o
 .data          0x00000000        0x0 ./src/em_emu.o
 .bss           0x00000000        0x0 ./src/em_emu.o
 .text.SystemCoreClockUpdate
                0x00000000        0xc ./src/em_emu.o
 .text.EMU_Unlock
                0x00000000       0x18 ./src/em_emu.o
 .text.CMU_Lock
                0x00000000       0x18 ./src/em_emu.o
 .text.CMU_Unlock
                0x00000000       0x1c ./src/em_emu.o
 .bss.cmuStatus
                0x00000000        0x4 ./src/em_emu.o
 .text.EMU_Restore
                0x00000000       0xf4 ./src/em_emu.o
 .text.getErrataFixEmuE107En
                0x00000000       0x58 ./src/em_emu.o
 .text.EMU_EnterEM2
                0x00000000       0x84 ./src/em_emu.o
 .text.EMU_EnterEM3
                0x00000000       0xa4 ./src/em_emu.o
 .text.EMU_EnterEM4
                0x00000000       0x50 ./src/em_emu.o
 .text.EMU_MemPwrDown
                0x00000000       0x14 ./src/em_emu.o
 .text.EMU_UpdateOscConfig
                0x00000000       0x1c ./src/em_emu.o
 .text.EMU_EM23Init
                0x00000000       0x34 ./src/em_emu.o
 .debug_info    0x00000000      0x955 ./src/em_emu.o
 .debug_abbrev  0x00000000      0x1f0 ./src/em_emu.o
 .debug_loc     0x00000000      0x264 ./src/em_emu.o
 .debug_aranges
                0x00000000       0x78 ./src/em_emu.o
 .debug_ranges  0x00000000       0x68 ./src/em_emu.o
 .debug_line    0x00000000      0x365 ./src/em_emu.o
 .debug_str     0x00000000      0x52c ./src/em_emu.o
 .comment       0x00000000       0x71 ./src/em_emu.o
 .ARM.attributes
                0x00000000       0x33 ./src/em_emu.o
 .debug_frame   0x00000000      0x160 ./src/em_emu.o
 .text          0x00000000        0x0 ./src/em_gpio.o
 .data          0x00000000        0x0 ./src/em_gpio.o
 .bss           0x00000000        0x0 ./src/em_gpio.o
 .text.BITBAND_Peripheral
                0x00000000       0x2c ./src/em_gpio.o
 .text.GPIO_DbgLocationSet
                0x00000000       0x2c ./src/em_gpio.o
 .text.GPIO_DriveModeSet
                0x00000000       0x50 ./src/em_gpio.o
 .text.GPIO_IntConfig
                0x00000000       0xc0 ./src/em_gpio.o
 .text          0x00000000        0x0 ./src/em_leuart.o
 .data          0x00000000        0x0 ./src/em_leuart.o
 .bss           0x00000000        0x0 ./src/em_leuart.o
 .text.LEUART_Sync
                0x00000000       0x30 ./src/em_leuart.o
 .text.LEUART_BaudrateCalc
                0x00000000       0x5c ./src/em_leuart.o
 .text.LEUART_BaudrateGet
                0x00000000       0x40 ./src/em_leuart.o
 .text.LEUART_BaudrateSet
                0x00000000       0x68 ./src/em_leuart.o
 .text.LEUART_Enable
                0x00000000       0x3c ./src/em_leuart.o
 .text.LEUART_FreezeEnable
                0x00000000       0x34 ./src/em_leuart.o
 .text.LEUART_Init
                0x00000000       0x68 ./src/em_leuart.o
 .text.LEUART_Reset
                0x00000000       0x58 ./src/em_leuart.o
 .text.LEUART_Rx
                0x00000000       0x28 ./src/em_leuart.o
 .text.LEUART_RxExt
                0x00000000       0x28 ./src/em_leuart.o
 .text.LEUART_Tx
                0x00000000       0x30 ./src/em_leuart.o
 .text.LEUART_TxExt
                0x00000000       0x30 ./src/em_leuart.o
 .text.LEUART_TxDmaInEM2Enable
                0x00000000       0x3c ./src/em_leuart.o
 .text.LEUART_RxDmaInEM2Enable
                0x00000000       0x3c ./src/em_leuart.o
 .debug_info    0x00000000      0x7b0 ./src/em_leuart.o
 .debug_abbrev  0x00000000      0x1bb ./src/em_leuart.o
 .debug_loc     0x00000000      0x310 ./src/em_leuart.o
 .debug_aranges
                0x00000000       0x88 ./src/em_leuart.o
 .debug_ranges  0x00000000       0x78 ./src/em_leuart.o
 .debug_line    0x00000000      0x307 ./src/em_leuart.o
 .debug_str     0x00000000      0x68c ./src/em_leuart.o
 .comment       0x00000000       0x71 ./src/em_leuart.o
 .ARM.attributes
                0x00000000       0x33 ./src/em_leuart.o
 .debug_frame   0x00000000      0x1bc ./src/em_leuart.o
 .text          0x00000000        0x0 ./src/em_timer.o
 .data          0x00000000        0x0 ./src/em_timer.o
 .bss           0x00000000        0x0 ./src/em_timer.o
 .text.TIMER_Init
                0x00000000       0xf4 ./src/em_timer.o
 .text.TIMER_InitCC
                0x00000000       0xb4 ./src/em_timer.o
 .text.TIMER_Reset
                0x00000000       0x98 ./src/em_timer.o
 .debug_info    0x00000000      0x60d ./src/em_timer.o
 .debug_abbrev  0x00000000      0x133 ./src/em_timer.o
 .debug_loc     0x00000000       0xa8 ./src/em_timer.o
 .debug_aranges
                0x00000000       0x30 ./src/em_timer.o
 .debug_ranges  0x00000000       0x20 ./src/em_timer.o
 .debug_line    0x00000000      0x2db ./src/em_timer.o
 .debug_str     0x00000000      0x70b ./src/em_timer.o
 .comment       0x00000000       0x71 ./src/em_timer.o
 .ARM.attributes
                0x00000000       0x33 ./src/em_timer.o
 .debug_frame   0x00000000       0x64 ./src/em_timer.o
 .text          0x00000000        0x0 ./src/em_usart.o
 .data          0x00000000        0x0 ./src/em_usart.o
 .bss           0x00000000        0x0 ./src/em_usart.o
 .text.USART_BaudrateAsyncSet
                0x00000000       0xb0 ./src/em_usart.o
 .text.USART_BaudrateCalc
                0x00000000       0xb8 ./src/em_usart.o
 .text.USART_BaudrateGet
                0x00000000       0x50 ./src/em_usart.o
 .text.USART_BaudrateSyncSet
                0x00000000       0x6c ./src/em_usart.o
 .text.USART_Enable
                0x00000000       0x4c ./src/em_usart.o
 .text.USART_InitAsync
                0x00000000       0x90 ./src/em_usart.o
 .text.USART_InitSync
                0x00000000       0xbc ./src/em_usart.o
 .text.USART_InitIrDA
                0x00000000       0x74 ./src/em_usart.o
 .text.USART_InitI2s
                0x00000000       0x7c ./src/em_usart.o
 .text.USART_InitPrsTrigger
                0x00000000       0x60 ./src/em_usart.o
 .text.USART_Reset
                0x00000000       0x84 ./src/em_usart.o
 .text.USART_Rx
                0x00000000       0x28 ./src/em_usart.o
 .text.USART_RxDouble
                0x00000000       0x28 ./src/em_usart.o
 .text.USART_RxDoubleExt
                0x00000000       0x28 ./src/em_usart.o
 .text.USART_RxExt
                0x00000000       0x28 ./src/em_usart.o
 .text.USART_SpiTransfer
                0x00000000       0x40 ./src/em_usart.o
 .text.USART_Tx
                0x00000000       0x2c ./src/em_usart.o
 .text.USART_TxDouble
                0x00000000       0x2c ./src/em_usart.o
 .text.USART_TxDoubleExt
                0x00000000       0x28 ./src/em_usart.o
 .text.USART_TxExt
                0x00000000       0x2c ./src/em_usart.o
 .debug_info    0x00000000      0xde7 ./src/em_usart.o
 .debug_abbrev  0x00000000      0x1ba ./src/em_usart.o
 .debug_loc     0x00000000      0x460 ./src/em_usart.o
 .debug_aranges
                0x00000000       0xb8 ./src/em_usart.o
 .debug_ranges  0x00000000       0xa8 ./src/em_usart.o
 .debug_line    0x00000000      0x467 ./src/em_usart.o
 .debug_str     0x00000000      0xcb1 ./src/em_usart.o
 .comment       0x00000000       0x71 ./src/em_usart.o
 .ARM.attributes
                0x00000000       0x33 ./src/em_usart.o
 .debug_frame   0x00000000      0x25c ./src/em_usart.o
 .text          0x00000000        0x0 ./src/main.o
 .data          0x00000000        0x0 ./src/main.o
 .bss           0x00000000        0x0 ./src/main.o
 .text          0x00000000        0x0 ./src/usart.o
 .data          0x00000000        0x0 ./src/usart.o
 .bss           0x00000000        0x0 ./src/usart.o
 .text.USART_printHex
                0x00000000       0x50 ./src/usart.o
 .text.USART_rxByte
                0x00000000       0x98 ./src/usart.o
 .text.USART_txByte
                0x00000000       0x50 ./src/usart.o
 .text.USART_printString
                0x00000000       0x30 ./src/usart.o
 .text          0x00000000        0x0 ./emlib/em_system.o
 .data          0x00000000        0x0 ./emlib/em_system.o
 .bss           0x00000000        0x0 ./emlib/em_system.o
 .text.SYSTEM_ChipRevisionGet
                0x00000000       0x74 ./emlib/em_system.o
 .text.SYSTEM_GetCalibrationValue
                0x00000000       0x54 ./emlib/em_system.o
 .debug_info    0x00000000      0x245 ./emlib/em_system.o
 .debug_abbrev  0x00000000       0xef ./emlib/em_system.o
 .debug_loc     0x00000000       0x70 ./emlib/em_system.o
 .debug_aranges
                0x00000000       0x28 ./emlib/em_system.o
 .debug_ranges  0x00000000       0x18 ./emlib/em_system.o
 .debug_line    0x00000000      0x22b ./emlib/em_system.o
 .debug_str     0x00000000      0x2b5 ./emlib/em_system.o
 .comment       0x00000000       0x71 ./emlib/em_system.o
 .ARM.attributes
                0x00000000       0x33 ./emlib/em_system.o
 .debug_frame   0x00000000       0x48 ./emlib/em_system.o
 .data          0x00000000        0x0 ./CMSIS/efm32tg/startup_gcc_efm32tg.o
 .bss           0x00000000        0x0 ./CMSIS/efm32tg/startup_gcc_efm32tg.o
 .text          0x00000000        0x0 ./CMSIS/efm32tg/system_efm32tg.o
 .data          0x00000000        0x0 ./CMSIS/efm32tg/system_efm32tg.o
 .bss           0x00000000        0x0 ./CMSIS/efm32tg/system_efm32tg.o
 .data.SystemHFXOClock
                0x00000000        0x4 ./CMSIS/efm32tg/system_efm32tg.o
 .data.SystemLFXOClock
                0x00000000        0x4 ./CMSIS/efm32tg/system_efm32tg.o
 .text.GetProdRev
                0x00000000       0x1c ./CMSIS/efm32tg/system_efm32tg.o
 .text.SystemCoreClockGet
                0x00000000       0x34 ./CMSIS/efm32tg/system_efm32tg.o
 .text.SystemHFClockGet
                0x00000000       0xf0 ./CMSIS/efm32tg/system_efm32tg.o
 .text.SystemHFXOClockGet
                0x00000000       0x18 ./CMSIS/efm32tg/system_efm32tg.o
 .text.SystemHFXOClockSet
                0x00000000       0x2c ./CMSIS/efm32tg/system_efm32tg.o
 .text.SystemLFRCOClockGet
                0x00000000       0x14 ./CMSIS/efm32tg/system_efm32tg.o
 .text.SystemULFRCOClockGet
                0x00000000       0x14 ./CMSIS/efm32tg/system_efm32tg.o
 .text.SystemLFXOClockGet
                0x00000000       0x18 ./CMSIS/efm32tg/system_efm32tg.o
 .text.SystemLFXOClockSet
                0x00000000       0x2c ./CMSIS/efm32tg/system_efm32tg.o
 COMMON         0x00000000        0x4 ./CMSIS/efm32tg/system_efm32tg.o
 .text          0x00000000        0x0 /home/mark/Downloads/SimplicityStudio_v3/developer/toolchains/gnu_arm/4.8_2013q4/bin/../lib/gcc/arm-none-eabi/4.8.3/../../../../arm-none-eabi/lib/armv7-m/libc_s.a(lib_a-exit.o)
 .data          0x00000000        0x0 /home/mark/Downloads/SimplicityStudio_v3/developer/toolchains/gnu_arm/4.8_2013q4/bin/../lib/gcc/arm-none-eabi/4.8.3/../../../../arm-none-eabi/lib/armv7-m/libc_s.a(lib_a-exit.o)
 .bss           0x00000000        0x0 /home/mark/Downloads/SimplicityStudio_v3/developer/toolchains/gnu_arm/4.8_2013q4/bin/../lib/gcc/arm-none-eabi/4.8.3/../../../../arm-none-eabi/lib/armv7-m/libc_s.a(lib_a-exit.o)
 .text          0x00000000        0x0 /home/mark/Downloads/SimplicityStudio_v3/developer/toolchains/gnu_arm/4.8_2013q4/bin/../lib/gcc/arm-none-eabi/4.8.3/../../../../arm-none-eabi/lib/armv7-m/libc_s.a(lib_a-impure.o)
 .data          0x00000000        0x0 /home/mark/Downloads/SimplicityStudio_v3/developer/toolchains/gnu_arm/4.8_2013q4/bin/../lib/gcc/arm-none-eabi/4.8.3/../../../../arm-none-eabi/lib/armv7-m/libc_s.a(lib_a-impure.o)
 .bss           0x00000000        0x0 /home/mark/Downloads/SimplicityStudio_v3/developer/toolchains/gnu_arm/4.8_2013q4/bin/../lib/gcc/arm-none-eabi/4.8.3/../../../../arm-none-eabi/lib/armv7-m/libc_s.a(lib_a-impure.o)
 .data._impure_ptr
                0x00000000        0x4 /home/mark/Downloads/SimplicityStudio_v3/developer/toolchains/gnu_arm/4.8_2013q4/bin/../lib/gcc/arm-none-eabi/4.8.3/../../../../arm-none-eabi/lib/armv7-m/libc_s.a(lib_a-impure.o)
 .text          0x00000000        0x0 /home/mark/Downloads/SimplicityStudio_v3/developer/toolchains/gnu_arm/4.8_2013q4/bin/../lib/gcc/arm-none-eabi/4.8.3/../../../../arm-none-eabi/lib/armv7-m/libc_s.a(lib_a-init.o)
 .data          0x00000000        0x0 /home/mark/Downloads/SimplicityStudio_v3/developer/toolchains/gnu_arm/4.8_2013q4/bin/../lib/gcc/arm-none-eabi/4.8.3/../../../../arm-none-eabi/lib/armv7-m/libc_s.a(lib_a-init.o)
 .bss           0x00000000        0x0 /home/mark/Downloads/SimplicityStudio_v3/developer/toolchains/gnu_arm/4.8_2013q4/bin/../lib/gcc/arm-none-eabi/4.8.3/../../../../arm-none-eabi/lib/armv7-m/libc_s.a(lib_a-init.o)
 .text          0x00000000        0x0 /home/mark/Downloads/SimplicityStudio_v3/developer/toolchains/gnu_arm/4.8_2013q4/bin/../lib/gcc/arm-none-eabi/4.8.3/../../../../arm-none-eabi/lib/armv7-m/libc_s.a(lib_a-memset.o)
 .data          0x00000000        0x0 /home/mark/Downloads/SimplicityStudio_v3/developer/toolchains/gnu_arm/4.8_2013q4/bin/../lib/gcc/arm-none-eabi/4.8.3/../../../../arm-none-eabi/lib/armv7-m/libc_s.a(lib_a-memset.o)
 .bss           0x00000000        0x0 /home/mark/Downloads/SimplicityStudio_v3/developer/toolchains/gnu_arm/4.8_2013q4/bin/../lib/gcc/arm-none-eabi/4.8.3/../../../../arm-none-eabi/lib/armv7-m/libc_s.a(lib_a-memset.o)
 .text          0x00000000        0x0 /home/mark/Downloads/SimplicityStudio_v3/developer/toolchains/gnu_arm/4.8_2013q4/bin/../lib/gcc/arm-none-eabi/4.8.3/../../../../arm-none-eabi/lib/armv7-m/libnosys.a(_exit.o)
 .data          0x00000000        0x0 /home/mark/Downloads/SimplicityStudio_v3/developer/toolchains/gnu_arm/4.8_2013q4/bin/../lib/gcc/arm-none-eabi/4.8.3/../../../../arm-none-eabi/lib/armv7-m/libnosys.a(_exit.o)
 .bss           0x00000000        0x0 /home/mark/Downloads/SimplicityStudio_v3/developer/toolchains/gnu_arm/4.8_2013q4/bin/../lib/gcc/arm-none-eabi/4.8.3/../../../../arm-none-eabi/lib/armv7-m/libnosys.a(_exit.o)
 .text          0x00000000        0x0 /home/mark/Downloads/SimplicityStudio_v3/developer/toolchains/gnu_arm/4.8_2013q4/bin/../lib/gcc/arm-none-eabi/4.8.3/armv7-m/crtend.o
 .data          0x00000000        0x0 /home/mark/Downloads/SimplicityStudio_v3/developer/toolchains/gnu_arm/4.8_2013q4/bin/../lib/gcc/arm-none-eabi/4.8.3/armv7-m/crtend.o
 .bss           0x00000000        0x0 /home/mark/Downloads/SimplicityStudio_v3/developer/toolchains/gnu_arm/4.8_2013q4/bin/../lib/gcc/arm-none-eabi/4.8.3/armv7-m/crtend.o
 .jcr           0x00000000        0x4 /home/mark/Downloads/SimplicityStudio_v3/developer/toolchains/gnu_arm/4.8_2013q4/bin/../lib/gcc/arm-none-eabi/4.8.3/armv7-m/crtend.o
 .text          0x00000000        0x0 /home/mark/Downloads/SimplicityStudio_v3/developer/toolchains/gnu_arm/4.8_2013q4/bin/../lib/gcc/arm-none-eabi/4.8.3/armv7-m/crtn.o
 .data          0x00000000        0x0 /home/mark/Downloads/SimplicityStudio_v3/developer/toolchains/gnu_arm/4.8_2013q4/bin/../lib/gcc/arm-none-eabi/4.8.3/armv7-m/crtn.o
 .bss           0x00000000        0x0 /home/mark/Downloads/SimplicityStudio_v3/developer/toolchains/gnu_arm/4.8_2013q4/bin/../lib/gcc/arm-none-eabi/4.8.3/armv7-m/crtn.o

Memory Configuration

Name             Origin             Length             Attributes
FLASH            0x00000000         0x00008000         xr
RAM              0x20000000         0x00001000         xrw
*default*        0x00000000         0xffffffff

Linker script and memory map

LOAD /home/mark/Downloads/SimplicityStudio_v3/developer/toolchains/gnu_arm/4.8_2013q4/bin/../lib/gcc/arm-none-eabi/4.8.3/armv7-m/crti.o
LOAD /home/mark/Downloads/SimplicityStudio_v3/developer/toolchains/gnu_arm/4.8_2013q4/bin/../lib/gcc/arm-none-eabi/4.8.3/armv7-m/crtbegin.o
LOAD /home/mark/Downloads/SimplicityStudio_v3/developer/toolchains/gnu_arm/4.8_2013q4/bin/../lib/gcc/arm-none-eabi/4.8.3/../../../../arm-none-eabi/lib/armv7-m/crt0.o
LOAD ./src/em_cmu.o
LOAD ./src/em_emu.o
LOAD ./src/em_gpio.o
LOAD ./src/em_leuart.o
LOAD ./src/em_timer.o
LOAD ./src/em_usart.o
LOAD ./src/main.o
LOAD ./src/usart.o
LOAD ./emlib/em_system.o
LOAD ./CMSIS/efm32tg/startup_gcc_efm32tg.o
LOAD ./CMSIS/efm32tg/system_efm32tg.o
START GROUP
LOAD /home/mark/Downloads/SimplicityStudio_v3/developer/toolchains/gnu_arm/4.8_2013q4/bin/../lib/gcc/arm-none-eabi/4.8.3/armv7-m/libgcc.a
LOAD /home/mark/Downloads/SimplicityStudio_v3/developer/toolchains/gnu_arm/4.8_2013q4/bin/../lib/gcc/arm-none-eabi/4.8.3/../../../../arm-none-eabi/lib/armv7-m/libc_s.a
LOAD /home/mark/Downloads/SimplicityStudio_v3/developer/toolchains/gnu_arm/4.8_2013q4/bin/../lib/gcc/arm-none-eabi/4.8.3/../../../../arm-none-eabi/lib/armv7-m/libnosys.a
END GROUP
START GROUP
LOAD /home/mark/Downloads/SimplicityStudio_v3/developer/toolchains/gnu_arm/4.8_2013q4/bin/../lib/gcc/arm-none-eabi/4.8.3/armv7-m/libgcc.a
LOAD /home/mark/Downloads/SimplicityStudio_v3/developer/toolchains/gnu_arm/4.8_2013q4/bin/../lib/gcc/arm-none-eabi/4.8.3/../../../../arm-none-eabi/lib/armv7-m/libg_s.a
LOAD /home/mark/Downloads/SimplicityStudio_v3/developer/toolchains/gnu_arm/4.8_2013q4/bin/../lib/gcc/arm-none-eabi/4.8.3/../../../../arm-none-eabi/lib/armv7-m/libc_s.a
END GROUP
START GROUP
LOAD /home/mark/Downloads/SimplicityStudio_v3/developer/toolchains/gnu_arm/4.8_2013q4/bin/../lib/gcc/arm-none-eabi/4.8.3/armv7-m/libgcc.a
LOAD /home/mark/Downloads/SimplicityStudio_v3/developer/toolchains/gnu_arm/4.8_2013q4/bin/../lib/gcc/arm-none-eabi/4.8.3/../../../../arm-none-eabi/lib/armv7-m/libc_s.a
END GROUP
LOAD /home/mark/Downloads/SimplicityStudio_v3/developer/toolchains/gnu_arm/4.8_2013q4/bin/../lib/gcc/arm-none-eabi/4.8.3/armv7-m/crtend.o
LOAD /home/mark/Downloads/SimplicityStudio_v3/developer/toolchains/gnu_arm/4.8_2013q4/bin/../lib/gcc/arm-none-eabi/4.8.3/armv7-m/crtn.o

.text           0x00000000      0x5fc
 *(.isr_vector)
 .isr_vector    0x00000000      0x100 ./CMSIS/efm32tg/startup_gcc_efm32tg.o
                0x00000000                __isr_vector
 *(.text*)
 .text          0x00000100       0x54 /home/mark/Downloads/SimplicityStudio_v3/developer/toolchains/gnu_arm/4.8_2013q4/bin/../lib/gcc/arm-none-eabi/4.8.3/armv7-m/crtbegin.o
 .text          0x00000154       0x74 /home/mark/Downloads/SimplicityStudio_v3/developer/toolchains/gnu_arm/4.8_2013q4/bin/../lib/gcc/arm-none-eabi/4.8.3/../../../../arm-none-eabi/lib/armv7-m/crt0.o
                0x00000154                _mainCRTStartup
                0x00000154                _start
 .text.GPIO_PinModeSet
                0x000001c8      0x144 ./src/em_gpio.o
                0x000001c8                GPIO_PinModeSet
 .text.CHIP_Init
                0x0000030c        0xc ./src/main.o
 .text.CONFIG_UsartsGpioSetup
                0x00000318       0x2c ./src/main.o
 .text.main     0x00000344       0xbc ./src/main.o
                0x00000344                main
 .text.initClocks
                0x00000400       0x70 ./src/main.o
                0x00000400                initClocks
 .text.USART_init
                0x00000470       0x48 ./src/usart.o
                0x00000470                USART_init
 .text          0x000004b8       0x78 ./CMSIS/efm32tg/startup_gcc_efm32tg.o
                0x000004b8                Reset_Handler
                0x000004ec                Default_Handler
                0x000004ee                NMI_Handler
                0x000004f0                HardFault_Handler
                0x000004f2                MemManage_Handler
                0x000004f4                BusFault_Handler
                0x000004f6                UsageFault_Handler
                0x000004f8                SVC_Handler
                0x000004fa                DebugMon_Handler
                0x000004fc                PendSV_Handler
                0x000004fe                SysTick_Handler
                0x00000500                DMA_IRQHandler
                0x00000502                GPIO_EVEN_IRQHandler
                0x00000504                TIMER0_IRQHandler
                0x00000506                USART0_RX_IRQHandler
                0x00000508                USART0_TX_IRQHandler
                0x0000050a                ACMP0_IRQHandler
                0x0000050c                ADC0_IRQHandler
                0x0000050e                DAC0_IRQHandler
                0x00000510                I2C0_IRQHandler
                0x00000512                GPIO_ODD_IRQHandler
                0x00000514                TIMER1_IRQHandler
                0x00000516                USART1_RX_IRQHandler
                0x00000518                USART1_TX_IRQHandler
                0x0000051a                LESENSE_IRQHandler
                0x0000051c                LEUART0_IRQHandler
                0x0000051e                LETIMER0_IRQHandler
                0x00000520                PCNT0_IRQHandler
                0x00000522                RTC_IRQHandler
                0x00000524                CMU_IRQHandler
                0x00000526                VCMP_IRQHandler
                0x00000528                LCD_IRQHandler
                0x0000052a                MSC_IRQHandler
                0x0000052c                AES_IRQHandler
 .text.SystemInit
                0x00000530        0xc ./CMSIS/efm32tg/system_efm32tg.o
                0x00000530                SystemInit
 .text.exit     0x0000053c       0x28 /home/mark/Downloads/SimplicityStudio_v3/developer/toolchains/gnu_arm/4.8_2013q4/bin/../lib/gcc/arm-none-eabi/4.8.3/../../../../arm-none-eabi/lib/armv7-m/libc_s.a(lib_a-exit.o)
                0x0000053c                exit
 .text.__libc_init_array
                0x00000564       0x4c /home/mark/Downloads/SimplicityStudio_v3/developer/toolchains/gnu_arm/4.8_2013q4/bin/../lib/gcc/arm-none-eabi/4.8.3/../../../../arm-none-eabi/lib/armv7-m/libc_s.a(lib_a-init.o)
                0x00000564                __libc_init_array
 .text.memset   0x000005b0       0x10 /home/mark/Downloads/SimplicityStudio_v3/developer/toolchains/gnu_arm/4.8_2013q4/bin/../lib/gcc/arm-none-eabi/4.8.3/../../../../arm-none-eabi/lib/armv7-m/libc_s.a(lib_a-memset.o)
                0x000005b0                memset
 .text._exit    0x000005c0        0x4 /home/mark/Downloads/SimplicityStudio_v3/developer/toolchains/gnu_arm/4.8_2013q4/bin/../lib/gcc/arm-none-eabi/4.8.3/../../../../arm-none-eabi/lib/armv7-m/libnosys.a(_exit.o)
                0x000005c0                _exit
 *(.init)
 .init          0x000005c4        0x4 /home/mark/Downloads/SimplicityStudio_v3/developer/toolchains/gnu_arm/4.8_2013q4/bin/../lib/gcc/arm-none-eabi/4.8.3/armv7-m/crti.o
                0x000005c4                _init
 .init          0x000005c8        0x8 /home/mark/Downloads/SimplicityStudio_v3/developer/toolchains/gnu_arm/4.8_2013q4/bin/../lib/gcc/arm-none-eabi/4.8.3/armv7-m/crtn.o
 *(.fini)
 .fini          0x000005d0        0x4 /home/mark/Downloads/SimplicityStudio_v3/developer/toolchains/gnu_arm/4.8_2013q4/bin/../lib/gcc/arm-none-eabi/4.8.3/armv7-m/crti.o
                0x000005d0                _fini
 .fini          0x000005d4        0x8 /home/mark/Downloads/SimplicityStudio_v3/developer/toolchains/gnu_arm/4.8_2013q4/bin/../lib/gcc/arm-none-eabi/4.8.3/armv7-m/crtn.o
 *crtbegin.o(.ctors)
 *crtbegin?.o(.ctors)
 *(EXCLUDE_FILE(*crtend.o *crtend?.o) .ctors)
 *(SORT(.ctors.*))
 *(.ctors)
 *crtbegin.o(.dtors)
 *crtbegin?.o(.dtors)
 *(EXCLUDE_FILE(*crtend.o *crtend?.o) .dtors)
 *(SORT(.dtors.*))
 *(.dtors)
 *(.rodata*)
 .rodata        0x000005dc       0x14 ./src/main.o
 .rodata.str1.1
                0x000005f0        0x2 /home/mark/Downloads/SimplicityStudio_v3/developer/toolchains/gnu_arm/4.8_2013q4/bin/../lib/gcc/arm-none-eabi/4.8.3/../../../../arm-none-eabi/lib/armv7-m/libc_s.a(lib_a-impure.o)
 *fill*         0x000005f2        0x2 
 .rodata._global_impure_ptr
                0x000005f4        0x4 /home/mark/Downloads/SimplicityStudio_v3/developer/toolchains/gnu_arm/4.8_2013q4/bin/../lib/gcc/arm-none-eabi/4.8.3/../../../../arm-none-eabi/lib/armv7-m/libc_s.a(lib_a-impure.o)
                0x000005f4                _global_impure_ptr
 *(.eh_frame*)
 .eh_frame      0x000005f8        0x0 /home/mark/Downloads/SimplicityStudio_v3/developer/toolchains/gnu_arm/4.8_2013q4/bin/../lib/gcc/arm-none-eabi/4.8.3/armv7-m/crtbegin.o
 .eh_frame      0x000005f8        0x4 /home/mark/Downloads/SimplicityStudio_v3/developer/toolchains/gnu_arm/4.8_2013q4/bin/../lib/gcc/arm-none-eabi/4.8.3/armv7-m/crtend.o

.glue_7         0x000005fc        0x0
 .glue_7        0x00000000        0x0 linker stubs

.glue_7t        0x000005fc        0x0
 .glue_7t       0x00000000        0x0 linker stubs

.vfp11_veneer   0x000005fc        0x0
 .vfp11_veneer  0x00000000        0x0 linker stubs

.v4_bx          0x000005fc        0x0
 .v4_bx         0x00000000        0x0 linker stubs

.iplt           0x000005fc        0x0
 .iplt          0x00000000        0x0 /home/mark/Downloads/SimplicityStudio_v3/developer/toolchains/gnu_arm/4.8_2013q4/bin/../lib/gcc/arm-none-eabi/4.8.3/armv7-m/crtbegin.o

.ARM.extab
 *(.ARM.extab* .gnu.linkonce.armextab.*)
                0x000005fc                __exidx_start = .

.ARM.exidx      0x000005fc        0x8
 *(.ARM.exidx* .gnu.linkonce.armexidx.*)
 .ARM.exidx     0x000005fc        0x8 /home/mark/Downloads/SimplicityStudio_v3/developer/toolchains/gnu_arm/4.8_2013q4/bin/../lib/gcc/arm-none-eabi/4.8.3/../../../../arm-none-eabi/lib/armv7-m/crt0.o
                0x00000604                __exidx_end = .
                0x00000604                __etext = .

.rel.dyn        0x00000604        0x0
 .rel.iplt      0x00000000        0x0 /home/mark/Downloads/SimplicityStudio_v3/developer/toolchains/gnu_arm/4.8_2013q4/bin/../lib/gcc/arm-none-eabi/4.8.3/armv7-m/crtbegin.o

.data           0x20000000       0x68 load address 0x00000604
                0x20000000                __data_start__ = .
 *(vtable)
 *(.data*)
 .data.impure_data
                0x20000000       0x60 /home/mark/Downloads/SimplicityStudio_v3/developer/toolchains/gnu_arm/4.8_2013q4/bin/../lib/gcc/arm-none-eabi/4.8.3/../../../../arm-none-eabi/lib/armv7-m/libc_s.a(lib_a-impure.o)
                0x20000060                . = ALIGN (0x4)
 *(.ram)
                0x20000060                . = ALIGN (0x4)
                0x20000060                PROVIDE (__preinit_array_start, .)
 *(.preinit_array)
                0x20000060                PROVIDE (__preinit_array_end, .)
                0x20000060                . = ALIGN (0x4)
                0x20000060                PROVIDE (__init_array_start, .)
 *(SORT(.init_array.*))
 *(.init_array)
 .init_array    0x20000060        0x4 /home/mark/Downloads/SimplicityStudio_v3/developer/toolchains/gnu_arm/4.8_2013q4/bin/../lib/gcc/arm-none-eabi/4.8.3/armv7-m/crtbegin.o
                0x20000064                PROVIDE (__init_array_end, .)
                0x20000064                . = ALIGN (0x4)
                0x20000064                PROVIDE (__fini_array_start, .)
 *(SORT(.fini_array.*))
 *(.fini_array)
 .fini_array    0x20000064        0x4 /home/mark/Downloads/SimplicityStudio_v3/developer/toolchains/gnu_arm/4.8_2013q4/bin/../lib/gcc/arm-none-eabi/4.8.3/armv7-m/crtbegin.o
                0x20000068                PROVIDE (__fini_array_end, .)
                0x20000068                . = ALIGN (0x4)
                0x20000068                __data_end__ = .

.jcr            0x20000068        0x0 load address 0x0000066c
 .jcr           0x20000068        0x0 /home/mark/Downloads/SimplicityStudio_v3/developer/toolchains/gnu_arm/4.8_2013q4/bin/../lib/gcc/arm-none-eabi/4.8.3/armv7-m/crtbegin.o

.igot.plt       0x20000068        0x0 load address 0x0000066c
 .igot.plt      0x00000000        0x0 /home/mark/Downloads/SimplicityStudio_v3/developer/toolchains/gnu_arm/4.8_2013q4/bin/../lib/gcc/arm-none-eabi/4.8.3/armv7-m/crtbegin.o

.bss            0x20000068       0x1c load address 0x0000066c
                0x20000068                __bss_start__ = .
 *(.bss*)
 .bss           0x20000068       0x1c /home/mark/Downloads/SimplicityStudio_v3/developer/toolchains/gnu_arm/4.8_2013q4/bin/../lib/gcc/arm-none-eabi/4.8.3/armv7-m/crtbegin.o
 *(COMMON)
                0x20000084                __bss_end__ = .

.heap           0x20000088        0x0
                0x20000088                __end__ = .
                0x20000088                end = __end__
                0x20000088                _end = __end__
 *(.heap*)
 .heap          0x20000088        0x0 ./CMSIS/efm32tg/startup_gcc_efm32tg.o
                0x20000088                __HeapLimit = .

.stack_dummy    0x20000088      0x400
 *(.stack)
 .stack         0x20000088      0x400 ./CMSIS/efm32tg/startup_gcc_efm32tg.o
                0x20001000                __StackTop = (ORIGIN (RAM) + 0x1000)
                0x20000c00                __StackLimit = (__StackTop - SIZEOF (.stack_dummy))
                0x20001000                PROVIDE (__stack, __StackTop)
                0x00000001                ASSERT ((__StackLimit >= __HeapLimit), region RAM overflowed with stack)
                0x00000001                ASSERT ((0x8000 >= (__etext + SIZEOF (.data))), FLASH memory overflowed !)
OUTPUT(UART_Dev.axf elf32-littlearm)

.ARM.attributes
                0x00000000       0x29
 .ARM.attributes
                0x00000000       0x1d /home/mark/Downloads/SimplicityStudio_v3/developer/toolchains/gnu_arm/4.8_2013q4/bin/../lib/gcc/arm-none-eabi/4.8.3/armv7-m/crti.o
 .ARM.attributes
                0x0000001d       0x2d /home/mark/Downloads/SimplicityStudio_v3/developer/toolchains/gnu_arm/4.8_2013q4/bin/../lib/gcc/arm-none-eabi/4.8.3/armv7-m/crtbegin.o
 .ARM.attributes
                0x0000004a       0x1b /home/mark/Downloads/SimplicityStudio_v3/developer/toolchains/gnu_arm/4.8_2013q4/bin/../lib/gcc/arm-none-eabi/4.8.3/../../../../arm-none-eabi/lib/armv7-m/crt0.o
 .ARM.attributes
                0x00000065       0x33 ./src/em_gpio.o
 .ARM.attributes
                0x00000098       0x33 ./src/main.o
 .ARM.attributes
                0x000000cb       0x33 ./src/usart.o
 .ARM.attributes
                0x000000fe       0x1b ./CMSIS/efm32tg/startup_gcc_efm32tg.o
 .ARM.attributes
                0x00000119       0x33 ./CMSIS/efm32tg/system_efm32tg.o
 .ARM.attributes
                0x0000014c       0x2d /home/mark/Downloads/SimplicityStudio_v3/developer/toolchains/gnu_arm/4.8_2013q4/bin/../lib/gcc/arm-none-eabi/4.8.3/../../../../arm-none-eabi/lib/armv7-m/libc_s.a(lib_a-exit.o)
 .ARM.attributes
                0x00000179       0x2d /home/mark/Downloads/SimplicityStudio_v3/developer/toolchains/gnu_arm/4.8_2013q4/bin/../lib/gcc/arm-none-eabi/4.8.3/../../../../arm-none-eabi/lib/armv7-m/libc_s.a(lib_a-impure.o)
 .ARM.attributes
                0x000001a6       0x2d /home/mark/Downloads/SimplicityStudio_v3/developer/toolchains/gnu_arm/4.8_2013q4/bin/../lib/gcc/arm-none-eabi/4.8.3/../../../../arm-none-eabi/lib/armv7-m/libc_s.a(lib_a-init.o)
 .ARM.attributes
                0x000001d3       0x2d /home/mark/Downloads/SimplicityStudio_v3/developer/toolchains/gnu_arm/4.8_2013q4/bin/../lib/gcc/arm-none-eabi/4.8.3/../../../../arm-none-eabi/lib/armv7-m/libc_s.a(lib_a-memset.o)
 .ARM.attributes
                0x00000200       0x2d /home/mark/Downloads/SimplicityStudio_v3/developer/toolchains/gnu_arm/4.8_2013q4/bin/../lib/gcc/arm-none-eabi/4.8.3/../../../../arm-none-eabi/lib/armv7-m/libnosys.a(_exit.o)
 .ARM.attributes
                0x0000022d       0x2d /home/mark/Downloads/SimplicityStudio_v3/developer/toolchains/gnu_arm/4.8_2013q4/bin/../lib/gcc/arm-none-eabi/4.8.3/armv7-m/crtend.o
 .ARM.attributes
                0x0000025a       0x1d /home/mark/Downloads/SimplicityStudio_v3/developer/toolchains/gnu_arm/4.8_2013q4/bin/../lib/gcc/arm-none-eabi/4.8.3/armv7-m/crtn.o

.comment        0x00000000       0x70
 .comment       0x00000000       0x70 ./src/em_gpio.o
                                 0x71 (size before relaxing)
 .comment       0x00000000       0x71 ./src/main.o
 .comment       0x00000000       0x71 ./src/usart.o
 .comment       0x00000000       0x71 ./CMSIS/efm32tg/system_efm32tg.o

.debug_info     0x00000000     0x176a
 .debug_info    0x00000000      0x4d4 ./src/em_gpio.o
 .debug_info    0x000004d4      0x7f9 ./src/main.o
 .debug_info    0x00000ccd      0x4a6 ./src/usart.o
 .debug_info    0x00001173       0x98 ./CMSIS/efm32tg/startup_gcc_efm32tg.o
 .debug_info    0x0000120b      0x55f ./CMSIS/efm32tg/system_efm32tg.o

.debug_abbrev   0x00000000      0x575
 .debug_abbrev  0x00000000      0x13a ./src/em_gpio.o
 .debug_abbrev  0x0000013a      0x15e ./src/main.o
 .debug_abbrev  0x00000298      0x131 ./src/usart.o
 .debug_abbrev  0x000003c9       0x14 ./CMSIS/efm32tg/startup_gcc_efm32tg.o
 .debug_abbrev  0x000003dd      0x198 ./CMSIS/efm32tg/system_efm32tg.o

.debug_loc      0x00000000      0x4d4
 .debug_loc     0x00000000      0x118 ./src/em_gpio.o
 .debug_loc     0x00000118       0xc8 ./src/main.o
 .debug_loc     0x000001e0      0x10c ./src/usart.o
 .debug_loc     0x000002ec      0x1e8 ./CMSIS/efm32tg/system_efm32tg.o

.debug_aranges  0x00000000      0x140
 .debug_aranges
                0x00000000       0x40 ./src/em_gpio.o
 .debug_aranges
                0x00000040       0x38 ./src/main.o
 .debug_aranges
                0x00000078       0x40 ./src/usart.o
 .debug_aranges
                0x000000b8       0x20 ./CMSIS/efm32tg/startup_gcc_efm32tg.o
 .debug_aranges
                0x000000d8       0x68 ./CMSIS/efm32tg/system_efm32tg.o

.debug_ranges   0x00000000       0xe0
 .debug_ranges  0x00000000       0x30 ./src/em_gpio.o
 .debug_ranges  0x00000030       0x28 ./src/main.o
 .debug_ranges  0x00000058       0x30 ./src/usart.o
 .debug_ranges  0x00000088       0x58 ./CMSIS/efm32tg/system_efm32tg.o

.debug_line     0x00000000      0x9ec
 .debug_line    0x00000000      0x246 ./src/em_gpio.o
 .debug_line    0x00000246      0x25c ./src/main.o
 .debug_line    0x000004a2      0x243 ./src/usart.o
 .debug_line    0x000006e5       0x8f ./CMSIS/efm32tg/startup_gcc_efm32tg.o
 .debug_line    0x00000774      0x278 ./CMSIS/efm32tg/system_efm32tg.o

.debug_str      0x00000000      0x904
 .debug_str     0x00000000      0x503 ./src/em_gpio.o
                                0x544 (size before relaxing)
 .debug_str     0x00000503      0x259 ./src/main.o
                                0x510 (size before relaxing)
 .debug_str     0x0000075c       0xa2 ./src/usart.o
                                0x33d (size before relaxing)
 .debug_str     0x000007fe      0x106 ./CMSIS/efm32tg/system_efm32tg.o
                                0x47e (size before relaxing)

.debug_frame    0x00000000      0x37c
 .debug_frame   0x00000000       0xa8 ./src/em_gpio.o
 .debug_frame   0x000000a8       0x80 ./src/main.o
 .debug_frame   0x00000128       0xa0 ./src/usart.o
 .debug_frame   0x000001c8      0x120 ./CMSIS/efm32tg/system_efm32tg.o
 .debug_frame   0x000002e8       0x28 /home/mark/Downloads/SimplicityStudio_v3/developer/toolchains/gnu_arm/4.8_2013q4/bin/../lib/gcc/arm-none-eabi/4.8.3/../../../../arm-none-eabi/lib/armv7-m/libc_s.a(lib_a-exit.o)
 .debug_frame   0x00000310       0x2c /home/mark/Downloads/SimplicityStudio_v3/developer/toolchains/gnu_arm/4.8_2013q4/bin/../lib/gcc/arm-none-eabi/4.8.3/../../../../arm-none-eabi/lib/armv7-m/libc_s.a(lib_a-init.o)
 .debug_frame   0x0000033c       0x20 /home/mark/Downloads/SimplicityStudio_v3/developer/toolchains/gnu_arm/4.8_2013q4/bin/../lib/gcc/arm-none-eabi/4.8.3/../../../../arm-none-eabi/lib/armv7-m/libc_s.a(lib_a-memset.o)
 .debug_frame   0x0000035c       0x20 /home/mark/Downloads/SimplicityStudio_v3/developer/toolchains/gnu_arm/4.8_2013q4/bin/../lib/gcc/arm-none-eabi/4.8.3/../../../../arm-none-eabi/lib/armv7-m/libnosys.a(_exit.o)
