Archive member included because of file (symbol)

/home/mark/Downloads/SimplicityStudio_v3/developer/toolchains/gnu_arm/4.8_2013q4/bin/../lib/gcc/arm-none-eabi/4.8.3/../../../../arm-none-eabi/lib/armv7-m/libc_s.a(lib_a-exit.o)
                              /home/mark/Downloads/SimplicityStudio_v3/developer/toolchains/gnu_arm/4.8_2013q4/bin/../lib/gcc/arm-none-eabi/4.8.3/../../../../arm-none-eabi/lib/armv7-m/crt0.o (exit)
/home/mark/Downloads/SimplicityStudio_v3/developer/toolchains/gnu_arm/4.8_2013q4/bin/../lib/gcc/arm-none-eabi/4.8.3/../../../../arm-none-eabi/lib/armv7-m/libc_s.a(lib_a-impure.o)
                              /home/mark/Downloads/SimplicityStudio_v3/developer/toolchains/gnu_arm/4.8_2013q4/bin/../lib/gcc/arm-none-eabi/4.8.3/../../../../arm-none-eabi/lib/armv7-m/libc_s.a(lib_a-exit.o) (_global_impure_ptr)
/home/mark/Downloads/SimplicityStudio_v3/developer/toolchains/gnu_arm/4.8_2013q4/bin/../lib/gcc/arm-none-eabi/4.8.3/../../../../arm-none-eabi/lib/armv7-m/libc_s.a(lib_a-init.o)
                              /home/mark/Downloads/SimplicityStudio_v3/developer/toolchains/gnu_arm/4.8_2013q4/bin/../lib/gcc/arm-none-eabi/4.8.3/../../../../arm-none-eabi/lib/armv7-m/crt0.o (__libc_init_array)
/home/mark/Downloads/SimplicityStudio_v3/developer/toolchains/gnu_arm/4.8_2013q4/bin/../lib/gcc/arm-none-eabi/4.8.3/../../../../arm-none-eabi/lib/armv7-m/libc_s.a(lib_a-memset.o)
                              /home/mark/Downloads/SimplicityStudio_v3/developer/toolchains/gnu_arm/4.8_2013q4/bin/../lib/gcc/arm-none-eabi/4.8.3/../../../../arm-none-eabi/lib/armv7-m/crt0.o (memset)
/home/mark/Downloads/SimplicityStudio_v3/developer/toolchains/gnu_arm/4.8_2013q4/bin/../lib/gcc/arm-none-eabi/4.8.3/../../../../arm-none-eabi/lib/armv7-m/libnosys.a(_exit.o)
                              /home/mark/Downloads/SimplicityStudio_v3/developer/toolchains/gnu_arm/4.8_2013q4/bin/../lib/gcc/arm-none-eabi/4.8.3/../../../../arm-none-eabi/lib/armv7-m/libc_s.a(lib_a-exit.o) (_exit)

Allocating common symbols
Common symbol       size              file

SystemCoreClock     0x4               ./CMSIS/efm32tg/system_efm32tg.o

Discarded input sections

 .text          0x00000000        0x0 /home/mark/Downloads/SimplicityStudio_v3/developer/toolchains/gnu_arm/4.8_2013q4/bin/../lib/gcc/arm-none-eabi/4.8.3/armv7-m/crti.o
 .data          0x00000000        0x0 /home/mark/Downloads/SimplicityStudio_v3/developer/toolchains/gnu_arm/4.8_2013q4/bin/../lib/gcc/arm-none-eabi/4.8.3/armv7-m/crti.o
 .bss           0x00000000        0x0 /home/mark/Downloads/SimplicityStudio_v3/developer/toolchains/gnu_arm/4.8_2013q4/bin/../lib/gcc/arm-none-eabi/4.8.3/armv7-m/crti.o
 .data          0x00000000        0x4 /home/mark/Downloads/SimplicityStudio_v3/developer/toolchains/gnu_arm/4.8_2013q4/bin/../lib/gcc/arm-none-eabi/4.8.3/armv7-m/crtbegin.o
 .data          0x00000000        0x0 /home/mark/Downloads/SimplicityStudio_v3/developer/toolchains/gnu_arm/4.8_2013q4/bin/../lib/gcc/arm-none-eabi/4.8.3/../../../../arm-none-eabi/lib/armv7-m/crt0.o
 .bss           0x00000000        0x0 /home/mark/Downloads/SimplicityStudio_v3/developer/toolchains/gnu_arm/4.8_2013q4/bin/../lib/gcc/arm-none-eabi/4.8.3/../../../../arm-none-eabi/lib/armv7-m/crt0.o
 .ARM.extab     0x00000000        0x0 /home/mark/Downloads/SimplicityStudio_v3/developer/toolchains/gnu_arm/4.8_2013q4/bin/../lib/gcc/arm-none-eabi/4.8.3/../../../../arm-none-eabi/lib/armv7-m/crt0.o
 .text          0x00000000        0x0 ./src/em_cmu.o
 .data          0x00000000        0x0 ./src/em_cmu.o
 .bss           0x00000000        0x0 ./src/em_cmu.o
 .text.CMU_FlashWaitStateControl
                0x00000000       0x9c ./src/em_cmu.o
 .text.CMU_FlashWaitStateMax
                0x00000000       0x1c ./src/em_cmu.o
 .text.CMU_DivToLog2
                0x00000000       0x3c ./src/em_cmu.o
 .text.CMU_Log2ToDiv
                0x00000000       0x1c ./src/em_cmu.o
 .text.CMU_Calibrate
                0x00000000       0x88 ./src/em_cmu.o
 .text.CMU_CalibrateConfig
                0x00000000       0xd8 ./src/em_cmu.o
 .text.CMU_ClockDivGet
                0x00000000       0xfc ./src/em_cmu.o
 .text.CMU_ClockDivSet
                0x00000000      0x14c ./src/em_cmu.o
 .text.CMU_ClockSelectSet
                0x00000000      0x1b8 ./src/em_cmu.o
 .text.CMU_FreezeEnable
                0x00000000       0x38 ./src/em_cmu.o
 .text.CMU_AUXHFRCOBandGet
                0x00000000       0x20 ./src/em_cmu.o
 .text.CMU_AUXHFRCOBandSet
                0x00000000       0xb0 ./src/em_cmu.o
 .text.CMU_HFRCOBandGet
                0x00000000       0x20 ./src/em_cmu.o
 .text.CMU_HFRCOBandSet
                0x00000000       0xcc ./src/em_cmu.o
 .text.CMU_HFRCOStartupDelayGet
                0x00000000       0x1c ./src/em_cmu.o
 .text.CMU_HFRCOStartupDelaySet
                0x00000000       0x30 ./src/em_cmu.o
 .text.CMU_LCDClkFDIVGet
                0x00000000       0x10 ./src/em_cmu.o
 .text.CMU_LCDClkFDIVSet
                0x00000000       0x14 ./src/em_cmu.o
 .text.CMU_OscillatorEnable
                0x00000000       0xc0 ./src/em_cmu.o
 .text.CMU_OscillatorTuningGet
                0x00000000       0x50 ./src/em_cmu.o
 .text.CMU_OscillatorTuningSet
                0x00000000       0x74 ./src/em_cmu.o
 .text.CMU_PCNTClockExternalGet
                0x00000000       0x44 ./src/em_cmu.o
 .text.CMU_PCNTClockExternalSet
                0x00000000       0x34 ./src/em_cmu.o
 .text          0x00000000        0x0 ./src/em_emu.o
 .data          0x00000000        0x0 ./src/em_emu.o
 .bss           0x00000000        0x0 ./src/em_emu.o
 .text.SystemCoreClockUpdate
                0x00000000        0xc ./src/em_emu.o
 .text.EMU_Unlock
                0x00000000       0x18 ./src/em_emu.o
 .text.CMU_Lock
                0x00000000       0x18 ./src/em_emu.o
 .text.CMU_Unlock
                0x00000000       0x1c ./src/em_emu.o
 .bss.cmuStatus
                0x00000000        0x4 ./src/em_emu.o
 .text.EMU_Restore
                0x00000000       0xf4 ./src/em_emu.o
 .text.getErrataFixEmuE107En
                0x00000000       0x58 ./src/em_emu.o
 .text.EMU_EnterEM2
                0x00000000       0x84 ./src/em_emu.o
 .text.EMU_EnterEM3
                0x00000000       0xa4 ./src/em_emu.o
 .text.EMU_EnterEM4
                0x00000000       0x50 ./src/em_emu.o
 .text.EMU_MemPwrDown
                0x00000000       0x14 ./src/em_emu.o
 .text.EMU_UpdateOscConfig
                0x00000000       0x1c ./src/em_emu.o
 .text.EMU_EM23Init
                0x00000000       0x34 ./src/em_emu.o
 .debug_info    0x00000000      0x955 ./src/em_emu.o
 .debug_abbrev  0x00000000      0x1f0 ./src/em_emu.o
 .debug_loc     0x00000000      0x264 ./src/em_emu.o
 .debug_aranges
                0x00000000       0x78 ./src/em_emu.o
 .debug_ranges  0x00000000       0x68 ./src/em_emu.o
 .debug_line    0x00000000      0x365 ./src/em_emu.o
 .debug_str     0x00000000      0x52c ./src/em_emu.o
 .comment       0x00000000       0x71 ./src/em_emu.o
 .ARM.attributes
                0x00000000       0x33 ./src/em_emu.o
 .debug_frame   0x00000000      0x160 ./src/em_emu.o
 .text          0x00000000        0x0 ./src/em_gpio.o
 .data          0x00000000        0x0 ./src/em_gpio.o
 .bss           0x00000000        0x0 ./src/em_gpio.o
 .text.BITBAND_Peripheral
                0x00000000       0x2c ./src/em_gpio.o
 .text.GPIO_DbgLocationSet
                0x00000000       0x2c ./src/em_gpio.o
 .text.GPIO_DriveModeSet
                0x00000000       0x50 ./src/em_gpio.o
 .text.GPIO_IntConfig
                0x00000000       0xc0 ./src/em_gpio.o
 .text          0x00000000        0x0 ./src/em_leuart.o
 .data          0x00000000        0x0 ./src/em_leuart.o
 .bss           0x00000000        0x0 ./src/em_leuart.o
 .text.LEUART_Sync
                0x00000000       0x30 ./src/em_leuart.o
 .text.LEUART_BaudrateCalc
                0x00000000       0x5c ./src/em_leuart.o
 .text.LEUART_BaudrateGet
                0x00000000       0x40 ./src/em_leuart.o
 .text.LEUART_BaudrateSet
                0x00000000       0x68 ./src/em_leuart.o
 .text.LEUART_Enable
                0x00000000       0x3c ./src/em_leuart.o
 .text.LEUART_FreezeEnable
                0x00000000       0x34 ./src/em_leuart.o
 .text.LEUART_Init
                0x00000000       0x68 ./src/em_leuart.o
 .text.LEUART_Reset
                0x00000000       0x58 ./src/em_leuart.o
 .text.LEUART_Rx
                0x00000000       0x28 ./src/em_leuart.o
 .text.LEUART_RxExt
                0x00000000       0x28 ./src/em_leuart.o
 .text.LEUART_Tx
                0x00000000       0x30 ./src/em_leuart.o
 .text.LEUART_TxExt
                0x00000000       0x30 ./src/em_leuart.o
 .text.LEUART_TxDmaInEM2Enable
                0x00000000       0x3c ./src/em_leuart.o
 .text.LEUART_RxDmaInEM2Enable
                0x00000000       0x3c ./src/em_leuart.o
 .debug_info    0x00000000      0x7b0 ./src/em_leuart.o
 .debug_abbrev  0x00000000      0x1bb ./src/em_leuart.o
 .debug_loc     0x00000000      0x310 ./src/em_leuart.o
 .debug_aranges
                0x00000000       0x88 ./src/em_leuart.o
 .debug_ranges  0x00000000       0x78 ./src/em_leuart.o
 .debug_line    0x00000000      0x307 ./src/em_leuart.o
 .debug_str     0x00000000      0x68c ./src/em_leuart.o
 .comment       0x00000000       0x71 ./src/em_leuart.o
 .ARM.attributes
                0x00000000       0x33 ./src/em_leuart.o
 .debug_frame   0x00000000      0x1bc ./src/em_leuart.o
 .text          0x00000000        0x0 ./src/em_timer.o
 .data          0x00000000        0x0 ./src/em_timer.o
 .bss           0x00000000        0x0 ./src/em_timer.o
 .text.TIMER_Init
                0x00000000       0xf4 ./src/em_timer.o
 .text.TIMER_InitCC
                0x00000000       0xb4 ./src/em_timer.o
 .text.TIMER_Reset
                0x00000000       0x98 ./src/em_timer.o
 .debug_info    0x00000000      0x60d ./src/em_timer.o
 .debug_abbrev  0x00000000      0x133 ./src/em_timer.o
 .debug_loc     0x00000000       0xa8 ./src/em_timer.o
 .debug_aranges
                0x00000000       0x30 ./src/em_timer.o
 .debug_ranges  0x00000000       0x20 ./src/em_timer.o
 .debug_line    0x00000000      0x2db ./src/em_timer.o
 .debug_str     0x00000000      0x70b ./src/em_timer.o
 .comment       0x00000000       0x71 ./src/em_timer.o
 .ARM.attributes
                0x00000000       0x33 ./src/em_timer.o
 .debug_frame   0x00000000       0x64 ./src/em_timer.o
 .text          0x00000000        0x0 ./src/em_usart.o
 .data          0x00000000        0x0 ./src/em_usart.o
 .bss           0x00000000        0x0 ./src/em_usart.o
 .text.USART_BaudrateAsyncSet
                0x00000000       0xb0 ./src/em_usart.o
 .text.USART_BaudrateCalc
                0x00000000       0xb8 ./src/em_usart.o
 .text.USART_BaudrateGet
                0x00000000       0x50 ./src/em_usart.o
 .text.USART_InitAsync
                0x00000000       0x90 ./src/em_usart.o
 .text.USART_InitIrDA
                0x00000000       0x74 ./src/em_usart.o
 .text.USART_InitPrsTrigger
                0x00000000       0x60 ./src/em_usart.o
 .text.USART_Rx
                0x00000000       0x28 ./src/em_usart.o
 .text.USART_RxDouble
                0x00000000       0x28 ./src/em_usart.o
 .text.USART_RxDoubleExt
                0x00000000       0x28 ./src/em_usart.o
 .text.USART_RxExt
                0x00000000       0x28 ./src/em_usart.o
 .text.USART_Tx
                0x00000000       0x2c ./src/em_usart.o
 .text.USART_TxDouble
                0x00000000       0x2c ./src/em_usart.o
 .text.USART_TxDoubleExt
                0x00000000       0x28 ./src/em_usart.o
 .text.USART_TxExt
                0x00000000       0x2c ./src/em_usart.o
 .text          0x00000000        0x0 ./src/main.o
 .data          0x00000000        0x0 ./src/main.o
 .bss           0x00000000        0x0 ./src/main.o
 .text          0x00000000        0x0 ./src/usart.o
 .data          0x00000000        0x0 ./src/usart.o
 .bss           0x00000000        0x0 ./src/usart.o
 .text.USART_printHex
                0x00000000       0x50 ./src/usart.o
 .text.USART_rxByte
                0x00000000       0x98 ./src/usart.o
 .text.USART_txByte
                0x00000000       0x50 ./src/usart.o
 .text.USART_printString
                0x00000000       0x30 ./src/usart.o
 .text          0x00000000        0x0 ./emlib/em_system.o
 .data          0x00000000        0x0 ./emlib/em_system.o
 .bss           0x00000000        0x0 ./emlib/em_system.o
 .text.SYSTEM_ChipRevisionGet
                0x00000000       0x74 ./emlib/em_system.o
 .text.SYSTEM_GetCalibrationValue
                0x00000000       0x54 ./emlib/em_system.o
 .debug_info    0x00000000      0x245 ./emlib/em_system.o
 .debug_abbrev  0x00000000       0xef ./emlib/em_system.o
 .debug_loc     0x00000000       0x70 ./emlib/em_system.o
 .debug_aranges
                0x00000000       0x28 ./emlib/em_system.o
 .debug_ranges  0x00000000       0x18 ./emlib/em_system.o
 .debug_line    0x00000000      0x22b ./emlib/em_system.o
 .debug_str     0x00000000      0x2b5 ./emlib/em_system.o
 .comment       0x00000000       0x71 ./emlib/em_system.o
 .ARM.attributes
                0x00000000       0x33 ./emlib/em_system.o
 .debug_frame   0x00000000       0x48 ./emlib/em_system.o
 .data          0x00000000        0x0 ./CMSIS/efm32tg/startup_gcc_efm32tg.o
 .bss           0x00000000        0x0 ./CMSIS/efm32tg/startup_gcc_efm32tg.o
 .text          0x00000000        0x0 ./CMSIS/efm32tg/system_efm32tg.o
 .data          0x00000000        0x0 ./CMSIS/efm32tg/system_efm32tg.o
 .bss           0x00000000        0x0 ./CMSIS/efm32tg/system_efm32tg.o
 .text.SystemHFXOClockGet
                0x00000000       0x18 ./CMSIS/efm32tg/system_efm32tg.o
 .text.SystemHFXOClockSet
                0x00000000       0x2c ./CMSIS/efm32tg/system_efm32tg.o
 .text.SystemLFXOClockSet
                0x00000000       0x2c ./CMSIS/efm32tg/system_efm32tg.o
 .text          0x00000000        0x0 /home/mark/Downloads/SimplicityStudio_v3/developer/toolchains/gnu_arm/4.8_2013q4/bin/../lib/gcc/arm-none-eabi/4.8.3/../../../../arm-none-eabi/lib/armv7-m/libc_s.a(lib_a-exit.o)
 .data          0x00000000        0x0 /home/mark/Downloads/SimplicityStudio_v3/developer/toolchains/gnu_arm/4.8_2013q4/bin/../lib/gcc/arm-none-eabi/4.8.3/../../../../arm-none-eabi/lib/armv7-m/libc_s.a(lib_a-exit.o)
 .bss           0x00000000        0x0 /home/mark/Downloads/SimplicityStudio_v3/developer/toolchains/gnu_arm/4.8_2013q4/bin/../lib/gcc/arm-none-eabi/4.8.3/../../../../arm-none-eabi/lib/armv7-m/libc_s.a(lib_a-exit.o)
 .text          0x00000000        0x0 /home/mark/Downloads/SimplicityStudio_v3/developer/toolchains/gnu_arm/4.8_2013q4/bin/../lib/gcc/arm-none-eabi/4.8.3/../../../../arm-none-eabi/lib/armv7-m/libc_s.a(lib_a-impure.o)
 .data          0x00000000        0x0 /home/mark/Downloads/SimplicityStudio_v3/developer/toolchains/gnu_arm/4.8_2013q4/bin/../lib/gcc/arm-none-eabi/4.8.3/../../../../arm-none-eabi/lib/armv7-m/libc_s.a(lib_a-impure.o)
 .bss           0x00000000        0x0 /home/mark/Downloads/SimplicityStudio_v3/developer/toolchains/gnu_arm/4.8_2013q4/bin/../lib/gcc/arm-none-eabi/4.8.3/../../../../arm-none-eabi/lib/armv7-m/libc_s.a(lib_a-impure.o)
 .data._impure_ptr
                0x00000000        0x4 /home/mark/Downloads/SimplicityStudio_v3/developer/toolchains/gnu_arm/4.8_2013q4/bin/../lib/gcc/arm-none-eabi/4.8.3/../../../../arm-none-eabi/lib/armv7-m/libc_s.a(lib_a-impure.o)
 .text          0x00000000        0x0 /home/mark/Downloads/SimplicityStudio_v3/developer/toolchains/gnu_arm/4.8_2013q4/bin/../lib/gcc/arm-none-eabi/4.8.3/../../../../arm-none-eabi/lib/armv7-m/libc_s.a(lib_a-init.o)
 .data          0x00000000        0x0 /home/mark/Downloads/SimplicityStudio_v3/developer/toolchains/gnu_arm/4.8_2013q4/bin/../lib/gcc/arm-none-eabi/4.8.3/../../../../arm-none-eabi/lib/armv7-m/libc_s.a(lib_a-init.o)
 .bss           0x00000000        0x0 /home/mark/Downloads/SimplicityStudio_v3/developer/toolchains/gnu_arm/4.8_2013q4/bin/../lib/gcc/arm-none-eabi/4.8.3/../../../../arm-none-eabi/lib/armv7-m/libc_s.a(lib_a-init.o)
 .text          0x00000000        0x0 /home/mark/Downloads/SimplicityStudio_v3/developer/toolchains/gnu_arm/4.8_2013q4/bin/../lib/gcc/arm-none-eabi/4.8.3/../../../../arm-none-eabi/lib/armv7-m/libc_s.a(lib_a-memset.o)
 .data          0x00000000        0x0 /home/mark/Downloads/SimplicityStudio_v3/developer/toolchains/gnu_arm/4.8_2013q4/bin/../lib/gcc/arm-none-eabi/4.8.3/../../../../arm-none-eabi/lib/armv7-m/libc_s.a(lib_a-memset.o)
 .bss           0x00000000        0x0 /home/mark/Downloads/SimplicityStudio_v3/developer/toolchains/gnu_arm/4.8_2013q4/bin/../lib/gcc/arm-none-eabi/4.8.3/../../../../arm-none-eabi/lib/armv7-m/libc_s.a(lib_a-memset.o)
 .text          0x00000000        0x0 /home/mark/Downloads/SimplicityStudio_v3/developer/toolchains/gnu_arm/4.8_2013q4/bin/../lib/gcc/arm-none-eabi/4.8.3/../../../../arm-none-eabi/lib/armv7-m/libnosys.a(_exit.o)
 .data          0x00000000        0x0 /home/mark/Downloads/SimplicityStudio_v3/developer/toolchains/gnu_arm/4.8_2013q4/bin/../lib/gcc/arm-none-eabi/4.8.3/../../../../arm-none-eabi/lib/armv7-m/libnosys.a(_exit.o)
 .bss           0x00000000        0x0 /home/mark/Downloads/SimplicityStudio_v3/developer/toolchains/gnu_arm/4.8_2013q4/bin/../lib/gcc/arm-none-eabi/4.8.3/../../../../arm-none-eabi/lib/armv7-m/libnosys.a(_exit.o)
 .text          0x00000000        0x0 /home/mark/Downloads/SimplicityStudio_v3/developer/toolchains/gnu_arm/4.8_2013q4/bin/../lib/gcc/arm-none-eabi/4.8.3/armv7-m/crtend.o
 .data          0x00000000        0x0 /home/mark/Downloads/SimplicityStudio_v3/developer/toolchains/gnu_arm/4.8_2013q4/bin/../lib/gcc/arm-none-eabi/4.8.3/armv7-m/crtend.o
 .bss           0x00000000        0x0 /home/mark/Downloads/SimplicityStudio_v3/developer/toolchains/gnu_arm/4.8_2013q4/bin/../lib/gcc/arm-none-eabi/4.8.3/armv7-m/crtend.o
 .jcr           0x00000000        0x4 /home/mark/Downloads/SimplicityStudio_v3/developer/toolchains/gnu_arm/4.8_2013q4/bin/../lib/gcc/arm-none-eabi/4.8.3/armv7-m/crtend.o
 .text          0x00000000        0x0 /home/mark/Downloads/SimplicityStudio_v3/developer/toolchains/gnu_arm/4.8_2013q4/bin/../lib/gcc/arm-none-eabi/4.8.3/armv7-m/crtn.o
 .data          0x00000000        0x0 /home/mark/Downloads/SimplicityStudio_v3/developer/toolchains/gnu_arm/4.8_2013q4/bin/../lib/gcc/arm-none-eabi/4.8.3/armv7-m/crtn.o
 .bss           0x00000000        0x0 /home/mark/Downloads/SimplicityStudio_v3/developer/toolchains/gnu_arm/4.8_2013q4/bin/../lib/gcc/arm-none-eabi/4.8.3/armv7-m/crtn.o

Memory Configuration

Name             Origin             Length             Attributes
FLASH            0x00000000         0x00008000         xr
RAM              0x20000000         0x00001000         xrw
*default*        0x00000000         0xffffffff

Linker script and memory map

LOAD /home/mark/Downloads/SimplicityStudio_v3/developer/toolchains/gnu_arm/4.8_2013q4/bin/../lib/gcc/arm-none-eabi/4.8.3/armv7-m/crti.o
LOAD /home/mark/Downloads/SimplicityStudio_v3/developer/toolchains/gnu_arm/4.8_2013q4/bin/../lib/gcc/arm-none-eabi/4.8.3/armv7-m/crtbegin.o
LOAD /home/mark/Downloads/SimplicityStudio_v3/developer/toolchains/gnu_arm/4.8_2013q4/bin/../lib/gcc/arm-none-eabi/4.8.3/../../../../arm-none-eabi/lib/armv7-m/crt0.o
LOAD ./src/em_cmu.o
LOAD ./src/em_emu.o
LOAD ./src/em_gpio.o
LOAD ./src/em_leuart.o
LOAD ./src/em_timer.o
LOAD ./src/em_usart.o
LOAD ./src/main.o
LOAD ./src/usart.o
LOAD ./emlib/em_system.o
LOAD ./CMSIS/efm32tg/startup_gcc_efm32tg.o
LOAD ./CMSIS/efm32tg/system_efm32tg.o
START GROUP
LOAD /home/mark/Downloads/SimplicityStudio_v3/developer/toolchains/gnu_arm/4.8_2013q4/bin/../lib/gcc/arm-none-eabi/4.8.3/armv7-m/libgcc.a
LOAD /home/mark/Downloads/SimplicityStudio_v3/developer/toolchains/gnu_arm/4.8_2013q4/bin/../lib/gcc/arm-none-eabi/4.8.3/../../../../arm-none-eabi/lib/armv7-m/libc_s.a
LOAD /home/mark/Downloads/SimplicityStudio_v3/developer/toolchains/gnu_arm/4.8_2013q4/bin/../lib/gcc/arm-none-eabi/4.8.3/../../../../arm-none-eabi/lib/armv7-m/libnosys.a
END GROUP
START GROUP
LOAD /home/mark/Downloads/SimplicityStudio_v3/developer/toolchains/gnu_arm/4.8_2013q4/bin/../lib/gcc/arm-none-eabi/4.8.3/armv7-m/libgcc.a
LOAD /home/mark/Downloads/SimplicityStudio_v3/developer/toolchains/gnu_arm/4.8_2013q4/bin/../lib/gcc/arm-none-eabi/4.8.3/../../../../arm-none-eabi/lib/armv7-m/libg_s.a
LOAD /home/mark/Downloads/SimplicityStudio_v3/developer/toolchains/gnu_arm/4.8_2013q4/bin/../lib/gcc/arm-none-eabi/4.8.3/../../../../arm-none-eabi/lib/armv7-m/libc_s.a
END GROUP
START GROUP
LOAD /home/mark/Downloads/SimplicityStudio_v3/developer/toolchains/gnu_arm/4.8_2013q4/bin/../lib/gcc/arm-none-eabi/4.8.3/armv7-m/libgcc.a
LOAD /home/mark/Downloads/SimplicityStudio_v3/developer/toolchains/gnu_arm/4.8_2013q4/bin/../lib/gcc/arm-none-eabi/4.8.3/../../../../arm-none-eabi/lib/armv7-m/libc_s.a
END GROUP
LOAD /home/mark/Downloads/SimplicityStudio_v3/developer/toolchains/gnu_arm/4.8_2013q4/bin/../lib/gcc/arm-none-eabi/4.8.3/armv7-m/crtend.o
LOAD /home/mark/Downloads/SimplicityStudio_v3/developer/toolchains/gnu_arm/4.8_2013q4/bin/../lib/gcc/arm-none-eabi/4.8.3/armv7-m/crtn.o

.text           0x00000000     0x1338
 *(.isr_vector)
 .isr_vector    0x00000000      0x100 ./CMSIS/efm32tg/startup_gcc_efm32tg.o
                0x00000000                __isr_vector
 *(.text*)
 .text          0x00000100       0x54 /home/mark/Downloads/SimplicityStudio_v3/developer/toolchains/gnu_arm/4.8_2013q4/bin/../lib/gcc/arm-none-eabi/4.8.3/armv7-m/crtbegin.o
 .text          0x00000154       0x74 /home/mark/Downloads/SimplicityStudio_v3/developer/toolchains/gnu_arm/4.8_2013q4/bin/../lib/gcc/arm-none-eabi/4.8.3/../../../../arm-none-eabi/lib/armv7-m/crt0.o
                0x00000154                _mainCRTStartup
                0x00000154                _start
 .text.BITBAND_Peripheral
                0x000001c8       0x2c ./src/em_cmu.o
 .text.CMU_AUXClkGet
                0x000001f4       0x8c ./src/em_cmu.o
 .text.CMU_DBGClkGet
                0x00000280       0x40 ./src/em_cmu.o
 .text.CMU_LFClkGet
                0x000002c0       0x90 ./src/em_cmu.o
 .text.CMU_Sync
                0x00000350       0x34 ./src/em_cmu.o
 .text.CMU_ClockEnable
                0x00000384       0xac ./src/em_cmu.o
                0x00000384                CMU_ClockEnable
 .text.CMU_ClockFreqGet
                0x00000430      0x134 ./src/em_cmu.o
                0x00000430                CMU_ClockFreqGet
 .text.CMU_ClockSelectGet
                0x00000564      0x124 ./src/em_cmu.o
                0x00000564                CMU_ClockSelectGet
 .text.GPIO_PinModeSet
                0x00000688      0x144 ./src/em_gpio.o
                0x00000688                GPIO_PinModeSet
 .text.USART_BaudrateSyncSet
                0x000007cc       0x6c ./src/em_usart.o
                0x000007cc                USART_BaudrateSyncSet
 .text.USART_Enable
                0x00000838       0x4c ./src/em_usart.o
                0x00000838                USART_Enable
 .text.USART_InitSync
                0x00000884       0xbc ./src/em_usart.o
                0x00000884                USART_InitSync
 .text.USART_InitI2s
                0x00000940       0x7c ./src/em_usart.o
                0x00000940                USART_InitI2s
 .text.USART_Reset
                0x000009bc       0x84 ./src/em_usart.o
                0x000009bc                USART_Reset
 .text.USART_SpiTransfer
                0x00000a40       0x40 ./src/em_usart.o
                0x00000a40                USART_SpiTransfer
 .text.CHIP_Init
                0x00000a80        0xc ./src/main.o
 .text.CONFIG_UsartsGpioSetup
                0x00000a8c       0x2c ./src/main.o
 .text.GPIO_PinOutClear
                0x00000ab8       0x44 ./src/main.o
 .text.GPIO_PinOutSet
                0x00000afc       0x44 ./src/main.o
 .text.USART_IntClear
                0x00000b40       0x1c ./src/main.o
 .text.main     0x00000b5c      0x240 ./src/main.o
                0x00000b5c                main
 .text.nib2hex  0x00000d9c       0xcc ./src/main.o
                0x00000d9c                nib2hex
 .text.hexTrans
                0x00000e68       0x64 ./src/main.o
                0x00000e68                hexTrans
 .text.I2S_init
                0x00000ecc       0xcc ./src/main.o
                0x00000ecc                I2S_init
 .text.WS_pin_clr
                0x00000f98       0x10 ./src/main.o
                0x00000f98                WS_pin_clr
 .text.WS_pin_set
                0x00000fa8       0x10 ./src/main.o
                0x00000fa8                WS_pin_set
 .text.initClocks
                0x00000fb8       0x70 ./src/main.o
                0x00000fb8                initClocks
 .text.USART_init
                0x00001028       0x48 ./src/usart.o
                0x00001028                USART_init
 .text          0x00001070       0x78 ./CMSIS/efm32tg/startup_gcc_efm32tg.o
                0x00001070                Reset_Handler
                0x000010a4                Default_Handler
                0x000010a6                NMI_Handler
                0x000010a8                HardFault_Handler
                0x000010aa                MemManage_Handler
                0x000010ac                BusFault_Handler
                0x000010ae                UsageFault_Handler
                0x000010b0                SVC_Handler
                0x000010b2                DebugMon_Handler
                0x000010b4                PendSV_Handler
                0x000010b6                SysTick_Handler
                0x000010b8                DMA_IRQHandler
                0x000010ba                GPIO_EVEN_IRQHandler
                0x000010bc                TIMER0_IRQHandler
                0x000010be                USART0_RX_IRQHandler
                0x000010c0                USART0_TX_IRQHandler
                0x000010c2                ACMP0_IRQHandler
                0x000010c4                ADC0_IRQHandler
                0x000010c6                DAC0_IRQHandler
                0x000010c8                I2C0_IRQHandler
                0x000010ca                GPIO_ODD_IRQHandler
                0x000010cc                TIMER1_IRQHandler
                0x000010ce                USART1_RX_IRQHandler
                0x000010d0                USART1_TX_IRQHandler
                0x000010d2                LESENSE_IRQHandler
                0x000010d4                LEUART0_IRQHandler
                0x000010d6                LETIMER0_IRQHandler
                0x000010d8                PCNT0_IRQHandler
                0x000010da                RTC_IRQHandler
                0x000010dc                CMU_IRQHandler
                0x000010de                VCMP_IRQHandler
                0x000010e0                LCD_IRQHandler
                0x000010e2                MSC_IRQHandler
                0x000010e4                AES_IRQHandler
 .text.GetProdRev
                0x000010e8       0x1c ./CMSIS/efm32tg/system_efm32tg.o
 .text.SystemCoreClockGet
                0x00001104       0x34 ./CMSIS/efm32tg/system_efm32tg.o
                0x00001104                SystemCoreClockGet
 .text.SystemHFClockGet
                0x00001138       0xf0 ./CMSIS/efm32tg/system_efm32tg.o
                0x00001138                SystemHFClockGet
 .text.SystemInit
                0x00001228        0xc ./CMSIS/efm32tg/system_efm32tg.o
                0x00001228                SystemInit
 .text.SystemLFRCOClockGet
                0x00001234       0x14 ./CMSIS/efm32tg/system_efm32tg.o
                0x00001234                SystemLFRCOClockGet
 .text.SystemULFRCOClockGet
                0x00001248       0x14 ./CMSIS/efm32tg/system_efm32tg.o
                0x00001248                SystemULFRCOClockGet
 .text.SystemLFXOClockGet
                0x0000125c       0x18 ./CMSIS/efm32tg/system_efm32tg.o
                0x0000125c                SystemLFXOClockGet
 .text.exit     0x00001274       0x28 /home/mark/Downloads/SimplicityStudio_v3/developer/toolchains/gnu_arm/4.8_2013q4/bin/../lib/gcc/arm-none-eabi/4.8.3/../../../../arm-none-eabi/lib/armv7-m/libc_s.a(lib_a-exit.o)
                0x00001274                exit
 .text.__libc_init_array
                0x0000129c       0x4c /home/mark/Downloads/SimplicityStudio_v3/developer/toolchains/gnu_arm/4.8_2013q4/bin/../lib/gcc/arm-none-eabi/4.8.3/../../../../arm-none-eabi/lib/armv7-m/libc_s.a(lib_a-init.o)
                0x0000129c                __libc_init_array
 .text.memset   0x000012e8       0x10 /home/mark/Downloads/SimplicityStudio_v3/developer/toolchains/gnu_arm/4.8_2013q4/bin/../lib/gcc/arm-none-eabi/4.8.3/../../../../arm-none-eabi/lib/armv7-m/libc_s.a(lib_a-memset.o)
                0x000012e8                memset
 .text._exit    0x000012f8        0x4 /home/mark/Downloads/SimplicityStudio_v3/developer/toolchains/gnu_arm/4.8_2013q4/bin/../lib/gcc/arm-none-eabi/4.8.3/../../../../arm-none-eabi/lib/armv7-m/libnosys.a(_exit.o)
                0x000012f8                _exit
 *(.init)
 .init          0x000012fc        0x4 /home/mark/Downloads/SimplicityStudio_v3/developer/toolchains/gnu_arm/4.8_2013q4/bin/../lib/gcc/arm-none-eabi/4.8.3/armv7-m/crti.o
                0x000012fc                _init
 .init          0x00001300        0x8 /home/mark/Downloads/SimplicityStudio_v3/developer/toolchains/gnu_arm/4.8_2013q4/bin/../lib/gcc/arm-none-eabi/4.8.3/armv7-m/crtn.o
 *(.fini)
 .fini          0x00001308        0x4 /home/mark/Downloads/SimplicityStudio_v3/developer/toolchains/gnu_arm/4.8_2013q4/bin/../lib/gcc/arm-none-eabi/4.8.3/armv7-m/crti.o
                0x00001308                _fini
 .fini          0x0000130c        0x8 /home/mark/Downloads/SimplicityStudio_v3/developer/toolchains/gnu_arm/4.8_2013q4/bin/../lib/gcc/arm-none-eabi/4.8.3/armv7-m/crtn.o
 *crtbegin.o(.ctors)
 *crtbegin?.o(.ctors)
 *(EXCLUDE_FILE(*crtend.o *crtend?.o) .ctors)
 *(SORT(.ctors.*))
 *(.ctors)
 *crtbegin.o(.dtors)
 *crtbegin?.o(.dtors)
 *(EXCLUDE_FILE(*crtend.o *crtend?.o) .dtors)
 *(SORT(.dtors.*))
 *(.dtors)
 *(.rodata*)
 .rodata        0x00001314       0x18 ./src/main.o
 .rodata.str1.1
                0x0000132c        0x2 /home/mark/Downloads/SimplicityStudio_v3/developer/toolchains/gnu_arm/4.8_2013q4/bin/../lib/gcc/arm-none-eabi/4.8.3/../../../../arm-none-eabi/lib/armv7-m/libc_s.a(lib_a-impure.o)
 *fill*         0x0000132e        0x2 
 .rodata._global_impure_ptr
                0x00001330        0x4 /home/mark/Downloads/SimplicityStudio_v3/developer/toolchains/gnu_arm/4.8_2013q4/bin/../lib/gcc/arm-none-eabi/4.8.3/../../../../arm-none-eabi/lib/armv7-m/libc_s.a(lib_a-impure.o)
                0x00001330                _global_impure_ptr
 *(.eh_frame*)
 .eh_frame      0x00001334        0x0 /home/mark/Downloads/SimplicityStudio_v3/developer/toolchains/gnu_arm/4.8_2013q4/bin/../lib/gcc/arm-none-eabi/4.8.3/armv7-m/crtbegin.o
 .eh_frame      0x00001334        0x4 /home/mark/Downloads/SimplicityStudio_v3/developer/toolchains/gnu_arm/4.8_2013q4/bin/../lib/gcc/arm-none-eabi/4.8.3/armv7-m/crtend.o

.glue_7         0x00001338        0x0
 .glue_7        0x00000000        0x0 linker stubs

.glue_7t        0x00001338        0x0
 .glue_7t       0x00000000        0x0 linker stubs

.vfp11_veneer   0x00001338        0x0
 .vfp11_veneer  0x00000000        0x0 linker stubs

.v4_bx          0x00001338        0x0
 .v4_bx         0x00000000        0x0 linker stubs

.iplt           0x00001338        0x0
 .iplt          0x00000000        0x0 /home/mark/Downloads/SimplicityStudio_v3/developer/toolchains/gnu_arm/4.8_2013q4/bin/../lib/gcc/arm-none-eabi/4.8.3/armv7-m/crtbegin.o

.ARM.extab
 *(.ARM.extab* .gnu.linkonce.armextab.*)
                0x00001338                __exidx_start = .

.ARM.exidx      0x00001338        0x8
 *(.ARM.exidx* .gnu.linkonce.armexidx.*)
 .ARM.exidx     0x00001338        0x8 /home/mark/Downloads/SimplicityStudio_v3/developer/toolchains/gnu_arm/4.8_2013q4/bin/../lib/gcc/arm-none-eabi/4.8.3/../../../../arm-none-eabi/lib/armv7-m/crt0.o
                0x00001340                __exidx_end = .
                0x00001340                __etext = .

.rel.dyn        0x00001340        0x0
 .rel.iplt      0x00000000        0x0 /home/mark/Downloads/SimplicityStudio_v3/developer/toolchains/gnu_arm/4.8_2013q4/bin/../lib/gcc/arm-none-eabi/4.8.3/armv7-m/crtbegin.o

.data           0x20000000       0x70 load address 0x00001340
                0x20000000                __data_start__ = .
 *(vtable)
 *(.data*)
 .data.SystemHFXOClock
                0x20000000        0x4 ./CMSIS/efm32tg/system_efm32tg.o
 .data.SystemLFXOClock
                0x20000004        0x4 ./CMSIS/efm32tg/system_efm32tg.o
 .data.impure_data
                0x20000008       0x60 /home/mark/Downloads/SimplicityStudio_v3/developer/toolchains/gnu_arm/4.8_2013q4/bin/../lib/gcc/arm-none-eabi/4.8.3/../../../../arm-none-eabi/lib/armv7-m/libc_s.a(lib_a-impure.o)
                0x20000068                . = ALIGN (0x4)
 *(.ram)
                0x20000068                . = ALIGN (0x4)
                0x20000068                PROVIDE (__preinit_array_start, .)
 *(.preinit_array)
                0x20000068                PROVIDE (__preinit_array_end, .)
                0x20000068                . = ALIGN (0x4)
                0x20000068                PROVIDE (__init_array_start, .)
 *(SORT(.init_array.*))
 *(.init_array)
 .init_array    0x20000068        0x4 /home/mark/Downloads/SimplicityStudio_v3/developer/toolchains/gnu_arm/4.8_2013q4/bin/../lib/gcc/arm-none-eabi/4.8.3/armv7-m/crtbegin.o
                0x2000006c                PROVIDE (__init_array_end, .)
                0x2000006c                . = ALIGN (0x4)
                0x2000006c                PROVIDE (__fini_array_start, .)
 *(SORT(.fini_array.*))
 *(.fini_array)
 .fini_array    0x2000006c        0x4 /home/mark/Downloads/SimplicityStudio_v3/developer/toolchains/gnu_arm/4.8_2013q4/bin/../lib/gcc/arm-none-eabi/4.8.3/armv7-m/crtbegin.o
                0x20000070                PROVIDE (__fini_array_end, .)
                0x20000070                . = ALIGN (0x4)
                0x20000070                __data_end__ = .

.jcr            0x20000070        0x0 load address 0x000013b0
 .jcr           0x20000070        0x0 /home/mark/Downloads/SimplicityStudio_v3/developer/toolchains/gnu_arm/4.8_2013q4/bin/../lib/gcc/arm-none-eabi/4.8.3/armv7-m/crtbegin.o

.igot.plt       0x20000070        0x0 load address 0x000013b0
 .igot.plt      0x00000000        0x0 /home/mark/Downloads/SimplicityStudio_v3/developer/toolchains/gnu_arm/4.8_2013q4/bin/../lib/gcc/arm-none-eabi/4.8.3/armv7-m/crtbegin.o

.bss            0x20000070       0x20 load address 0x000013b0
                0x20000070                __bss_start__ = .
 *(.bss*)
 .bss           0x20000070       0x1c /home/mark/Downloads/SimplicityStudio_v3/developer/toolchains/gnu_arm/4.8_2013q4/bin/../lib/gcc/arm-none-eabi/4.8.3/armv7-m/crtbegin.o
 *(COMMON)
 COMMON         0x2000008c        0x4 ./CMSIS/efm32tg/system_efm32tg.o
                0x2000008c                SystemCoreClock
                0x20000090                __bss_end__ = .

.heap           0x20000090        0x0
                0x20000090                __end__ = .
                0x20000090                end = __end__
                0x20000090                _end = __end__
 *(.heap*)
 .heap          0x20000090        0x0 ./CMSIS/efm32tg/startup_gcc_efm32tg.o
                0x20000090                __HeapLimit = .

.stack_dummy    0x20000090      0x400
 *(.stack)
 .stack         0x20000090      0x400 ./CMSIS/efm32tg/startup_gcc_efm32tg.o
                0x20001000                __StackTop = (ORIGIN (RAM) + 0x1000)
                0x20000c00                __StackLimit = (__StackTop - SIZEOF (.stack_dummy))
                0x20001000                PROVIDE (__stack, __StackTop)
                0x00000001                ASSERT ((__StackLimit >= __HeapLimit), region RAM overflowed with stack)
                0x00000001                ASSERT ((0x8000 >= (__etext + SIZEOF (.data))), FLASH memory overflowed !)
OUTPUT(UART_Dev.axf elf32-littlearm)

.ARM.attributes
                0x00000000       0x29
 .ARM.attributes
                0x00000000       0x1d /home/mark/Downloads/SimplicityStudio_v3/developer/toolchains/gnu_arm/4.8_2013q4/bin/../lib/gcc/arm-none-eabi/4.8.3/armv7-m/crti.o
 .ARM.attributes
                0x0000001d       0x2d /home/mark/Downloads/SimplicityStudio_v3/developer/toolchains/gnu_arm/4.8_2013q4/bin/../lib/gcc/arm-none-eabi/4.8.3/armv7-m/crtbegin.o
 .ARM.attributes
                0x0000004a       0x1b /home/mark/Downloads/SimplicityStudio_v3/developer/toolchains/gnu_arm/4.8_2013q4/bin/../lib/gcc/arm-none-eabi/4.8.3/../../../../arm-none-eabi/lib/armv7-m/crt0.o
 .ARM.attributes
                0x00000065       0x33 ./src/em_cmu.o
 .ARM.attributes
                0x00000098       0x33 ./src/em_gpio.o
 .ARM.attributes
                0x000000cb       0x33 ./src/em_usart.o
 .ARM.attributes
                0x000000fe       0x33 ./src/main.o
 .ARM.attributes
                0x00000131       0x33 ./src/usart.o
 .ARM.attributes
                0x00000164       0x1b ./CMSIS/efm32tg/startup_gcc_efm32tg.o
 .ARM.attributes
                0x0000017f       0x33 ./CMSIS/efm32tg/system_efm32tg.o
 .ARM.attributes
                0x000001b2       0x2d /home/mark/Downloads/SimplicityStudio_v3/developer/toolchains/gnu_arm/4.8_2013q4/bin/../lib/gcc/arm-none-eabi/4.8.3/../../../../arm-none-eabi/lib/armv7-m/libc_s.a(lib_a-exit.o)
 .ARM.attributes
                0x000001df       0x2d /home/mark/Downloads/SimplicityStudio_v3/developer/toolchains/gnu_arm/4.8_2013q4/bin/../lib/gcc/arm-none-eabi/4.8.3/../../../../arm-none-eabi/lib/armv7-m/libc_s.a(lib_a-impure.o)
 .ARM.attributes
                0x0000020c       0x2d /home/mark/Downloads/SimplicityStudio_v3/developer/toolchains/gnu_arm/4.8_2013q4/bin/../lib/gcc/arm-none-eabi/4.8.3/../../../../arm-none-eabi/lib/armv7-m/libc_s.a(lib_a-init.o)
 .ARM.attributes
                0x00000239       0x2d /home/mark/Downloads/SimplicityStudio_v3/developer/toolchains/gnu_arm/4.8_2013q4/bin/../lib/gcc/arm-none-eabi/4.8.3/../../../../arm-none-eabi/lib/armv7-m/libc_s.a(lib_a-memset.o)
 .ARM.attributes
                0x00000266       0x2d /home/mark/Downloads/SimplicityStudio_v3/developer/toolchains/gnu_arm/4.8_2013q4/bin/../lib/gcc/arm-none-eabi/4.8.3/../../../../arm-none-eabi/lib/armv7-m/libnosys.a(_exit.o)
 .ARM.attributes
                0x00000293       0x2d /home/mark/Downloads/SimplicityStudio_v3/developer/toolchains/gnu_arm/4.8_2013q4/bin/../lib/gcc/arm-none-eabi/4.8.3/armv7-m/crtend.o
 .ARM.attributes
                0x000002c0       0x1d /home/mark/Downloads/SimplicityStudio_v3/developer/toolchains/gnu_arm/4.8_2013q4/bin/../lib/gcc/arm-none-eabi/4.8.3/armv7-m/crtn.o

.comment        0x00000000       0x70
 .comment       0x00000000       0x70 ./src/em_cmu.o
                                 0x71 (size before relaxing)
 .comment       0x00000000       0x71 ./src/em_gpio.o
 .comment       0x00000000       0x71 ./src/em_usart.o
 .comment       0x00000000       0x71 ./src/main.o
 .comment       0x00000000       0x71 ./src/usart.o
 .comment       0x00000000       0x71 ./CMSIS/efm32tg/system_efm32tg.o

.debug_info     0x00000000     0x3a4b
 .debug_info    0x00000000      0xf43 ./src/em_cmu.o
 .debug_info    0x00000f43      0x4d4 ./src/em_gpio.o
 .debug_info    0x00001417      0xde7 ./src/em_usart.o
 .debug_info    0x000021fe      0xdb0 ./src/main.o
 .debug_info    0x00002fae      0x4a6 ./src/usart.o
 .debug_info    0x00003454       0x98 ./CMSIS/efm32tg/startup_gcc_efm32tg.o
 .debug_info    0x000034ec      0x55f ./CMSIS/efm32tg/system_efm32tg.o

.debug_abbrev   0x00000000      0xad5
 .debug_abbrev  0x00000000      0x2bd ./src/em_cmu.o
 .debug_abbrev  0x000002bd      0x13a ./src/em_gpio.o
 .debug_abbrev  0x000003f7      0x1ba ./src/em_usart.o
 .debug_abbrev  0x000005b1      0x247 ./src/main.o
 .debug_abbrev  0x000007f8      0x131 ./src/usart.o
 .debug_abbrev  0x00000929       0x14 ./CMSIS/efm32tg/startup_gcc_efm32tg.o
 .debug_abbrev  0x0000093d      0x198 ./CMSIS/efm32tg/system_efm32tg.o

.debug_loc      0x00000000     0x1176
 .debug_loc     0x00000000      0x698 ./src/em_cmu.o
 .debug_loc     0x00000698      0x118 ./src/em_gpio.o
 .debug_loc     0x000007b0      0x460 ./src/em_usart.o
 .debug_loc     0x00000c10      0x272 ./src/main.o
 .debug_loc     0x00000e82      0x10c ./src/usart.o
 .debug_loc     0x00000f8e      0x1e8 ./CMSIS/efm32tg/system_efm32tg.o

.debug_aranges  0x00000000      0x348
 .debug_aranges
                0x00000000      0x110 ./src/em_cmu.o
 .debug_aranges
                0x00000110       0x40 ./src/em_gpio.o
 .debug_aranges
                0x00000150       0xb8 ./src/em_usart.o
 .debug_aranges
                0x00000208       0x78 ./src/main.o
 .debug_aranges
                0x00000280       0x40 ./src/usart.o
 .debug_aranges
                0x000002c0       0x20 ./CMSIS/efm32tg/startup_gcc_efm32tg.o
 .debug_aranges
                0x000002e0       0x68 ./CMSIS/efm32tg/system_efm32tg.o

.debug_ranges   0x00000000      0x2c8
 .debug_ranges  0x00000000      0x100 ./src/em_cmu.o
 .debug_ranges  0x00000100       0x30 ./src/em_gpio.o
 .debug_ranges  0x00000130       0xa8 ./src/em_usart.o
 .debug_ranges  0x000001d8       0x68 ./src/main.o
 .debug_ranges  0x00000240       0x30 ./src/usart.o
 .debug_ranges  0x00000270       0x58 ./CMSIS/efm32tg/system_efm32tg.o

.debug_line     0x00000000     0x16a9
 .debug_line    0x00000000      0x6d2 ./src/em_cmu.o
 .debug_line    0x000006d2      0x246 ./src/em_gpio.o
 .debug_line    0x00000918      0x467 ./src/em_usart.o
 .debug_line    0x00000d7f      0x3e0 ./src/main.o
 .debug_line    0x0000115f      0x243 ./src/usart.o
 .debug_line    0x000013a2       0x8f ./CMSIS/efm32tg/startup_gcc_efm32tg.o
 .debug_line    0x00001431      0x278 ./CMSIS/efm32tg/system_efm32tg.o

.debug_str      0x00000000     0x19ad
 .debug_str     0x00000000      0xab4 ./src/em_cmu.o
                                0xb1d (size before relaxing)
 .debug_str     0x00000ab4      0x33b ./src/em_gpio.o
                                0x544 (size before relaxing)
 .debug_str     0x00000def      0x91b ./src/em_usart.o
                                0xcb1 (size before relaxing)
 .debug_str     0x0000170a      0x105 ./src/main.o
                                0xb78 (size before relaxing)
 .debug_str     0x0000180f       0x9d ./src/usart.o
                                0x33d (size before relaxing)
 .debug_str     0x000018ac      0x101 ./CMSIS/efm32tg/system_efm32tg.o
                                0x47e (size before relaxing)

.debug_frame    0x00000000      0xa50
 .debug_frame   0x00000000      0x390 ./src/em_cmu.o
 .debug_frame   0x00000390       0xa8 ./src/em_gpio.o
 .debug_frame   0x00000438      0x25c ./src/em_usart.o
 .debug_frame   0x00000694      0x168 ./src/main.o
 .debug_frame   0x000007fc       0xa0 ./src/usart.o
 .debug_frame   0x0000089c      0x120 ./CMSIS/efm32tg/system_efm32tg.o
 .debug_frame   0x000009bc       0x28 /home/mark/Downloads/SimplicityStudio_v3/developer/toolchains/gnu_arm/4.8_2013q4/bin/../lib/gcc/arm-none-eabi/4.8.3/../../../../arm-none-eabi/lib/armv7-m/libc_s.a(lib_a-exit.o)
 .debug_frame   0x000009e4       0x2c /home/mark/Downloads/SimplicityStudio_v3/developer/toolchains/gnu_arm/4.8_2013q4/bin/../lib/gcc/arm-none-eabi/4.8.3/../../../../arm-none-eabi/lib/armv7-m/libc_s.a(lib_a-init.o)
 .debug_frame   0x00000a10       0x20 /home/mark/Downloads/SimplicityStudio_v3/developer/toolchains/gnu_arm/4.8_2013q4/bin/../lib/gcc/arm-none-eabi/4.8.3/../../../../arm-none-eabi/lib/armv7-m/libc_s.a(lib_a-memset.o)
 .debug_frame   0x00000a30       0x20 /home/mark/Downloads/SimplicityStudio_v3/developer/toolchains/gnu_arm/4.8_2013q4/bin/../lib/gcc/arm-none-eabi/4.8.3/../../../../arm-none-eabi/lib/armv7-m/libnosys.a(_exit.o)
