Archive member included because of file (symbol)

/home/mark/Downloads/SimplicityStudio_v3/developer/toolchains/gnu_arm/4.8_2013q4/bin/../lib/gcc/arm-none-eabi/4.8.3/../../../../arm-none-eabi/lib/armv7-m/libc_s.a(lib_a-exit.o)
                              /home/mark/Downloads/SimplicityStudio_v3/developer/toolchains/gnu_arm/4.8_2013q4/bin/../lib/gcc/arm-none-eabi/4.8.3/../../../../arm-none-eabi/lib/armv7-m/crt0.o (exit)
/home/mark/Downloads/SimplicityStudio_v3/developer/toolchains/gnu_arm/4.8_2013q4/bin/../lib/gcc/arm-none-eabi/4.8.3/../../../../arm-none-eabi/lib/armv7-m/libc_s.a(lib_a-impure.o)
                              /home/mark/Downloads/SimplicityStudio_v3/developer/toolchains/gnu_arm/4.8_2013q4/bin/../lib/gcc/arm-none-eabi/4.8.3/../../../../arm-none-eabi/lib/armv7-m/libc_s.a(lib_a-exit.o) (_global_impure_ptr)
/home/mark/Downloads/SimplicityStudio_v3/developer/toolchains/gnu_arm/4.8_2013q4/bin/../lib/gcc/arm-none-eabi/4.8.3/../../../../arm-none-eabi/lib/armv7-m/libc_s.a(lib_a-init.o)
                              /home/mark/Downloads/SimplicityStudio_v3/developer/toolchains/gnu_arm/4.8_2013q4/bin/../lib/gcc/arm-none-eabi/4.8.3/../../../../arm-none-eabi/lib/armv7-m/crt0.o (__libc_init_array)
/home/mark/Downloads/SimplicityStudio_v3/developer/toolchains/gnu_arm/4.8_2013q4/bin/../lib/gcc/arm-none-eabi/4.8.3/../../../../arm-none-eabi/lib/armv7-m/libc_s.a(lib_a-memset.o)
                              /home/mark/Downloads/SimplicityStudio_v3/developer/toolchains/gnu_arm/4.8_2013q4/bin/../lib/gcc/arm-none-eabi/4.8.3/../../../../arm-none-eabi/lib/armv7-m/crt0.o (memset)
/home/mark/Downloads/SimplicityStudio_v3/developer/toolchains/gnu_arm/4.8_2013q4/bin/../lib/gcc/arm-none-eabi/4.8.3/../../../../arm-none-eabi/lib/armv7-m/libnosys.a(_exit.o)
                              /home/mark/Downloads/SimplicityStudio_v3/developer/toolchains/gnu_arm/4.8_2013q4/bin/../lib/gcc/arm-none-eabi/4.8.3/../../../../arm-none-eabi/lib/armv7-m/libc_s.a(lib_a-exit.o) (_exit)

Allocating common symbols
Common symbol       size              file

SystemCoreClock     0x4               ./CMSIS/efm32tg/system_efm32tg.o
msTicks             0x4               ./src/blink.o

Discarded input sections

 .text          0x00000000        0x0 /home/mark/Downloads/SimplicityStudio_v3/developer/toolchains/gnu_arm/4.8_2013q4/bin/../lib/gcc/arm-none-eabi/4.8.3/armv7-m/crti.o
 .data          0x00000000        0x0 /home/mark/Downloads/SimplicityStudio_v3/developer/toolchains/gnu_arm/4.8_2013q4/bin/../lib/gcc/arm-none-eabi/4.8.3/armv7-m/crti.o
 .bss           0x00000000        0x0 /home/mark/Downloads/SimplicityStudio_v3/developer/toolchains/gnu_arm/4.8_2013q4/bin/../lib/gcc/arm-none-eabi/4.8.3/armv7-m/crti.o
 .data          0x00000000        0x4 /home/mark/Downloads/SimplicityStudio_v3/developer/toolchains/gnu_arm/4.8_2013q4/bin/../lib/gcc/arm-none-eabi/4.8.3/armv7-m/crtbegin.o
 .data          0x00000000        0x0 /home/mark/Downloads/SimplicityStudio_v3/developer/toolchains/gnu_arm/4.8_2013q4/bin/../lib/gcc/arm-none-eabi/4.8.3/../../../../arm-none-eabi/lib/armv7-m/crt0.o
 .bss           0x00000000        0x0 /home/mark/Downloads/SimplicityStudio_v3/developer/toolchains/gnu_arm/4.8_2013q4/bin/../lib/gcc/arm-none-eabi/4.8.3/../../../../arm-none-eabi/lib/armv7-m/crt0.o
 .ARM.extab     0x00000000        0x0 /home/mark/Downloads/SimplicityStudio_v3/developer/toolchains/gnu_arm/4.8_2013q4/bin/../lib/gcc/arm-none-eabi/4.8.3/../../../../arm-none-eabi/lib/armv7-m/crt0.o
 .text          0x00000000        0x0 ./src/blink.o
 .data          0x00000000        0x0 ./src/blink.o
 .bss           0x00000000        0x0 ./src/blink.o
 .text          0x00000000        0x0 ./emlib/em_assert.o
 .data          0x00000000        0x0 ./emlib/em_assert.o
 .bss           0x00000000        0x0 ./emlib/em_assert.o
 .text          0x00000000        0x0 ./emlib/em_cmu.o
 .data          0x00000000        0x0 ./emlib/em_cmu.o
 .bss           0x00000000        0x0 ./emlib/em_cmu.o
 .text.BITBAND_Peripheral
                0x00000000       0x2c ./emlib/em_cmu.o
 .text.CMU_FlashWaitStateControl
                0x00000000       0x9c ./emlib/em_cmu.o
 .text.CMU_FlashWaitStateMax
                0x00000000       0x1c ./emlib/em_cmu.o
 .text.CMU_Log2ToDiv
                0x00000000       0x1c ./emlib/em_cmu.o
 .text.CMU_Sync
                0x00000000       0x34 ./emlib/em_cmu.o
 .text.CMU_Calibrate
                0x00000000       0xa4 ./emlib/em_cmu.o
 .text.CMU_CalibrateConfig
                0x00000000       0xfc ./emlib/em_cmu.o
 .text.CMU_ClockDivGet
                0x00000000      0x158 ./emlib/em_cmu.o
 .text.CMU_ClockDivSet
                0x00000000      0x224 ./emlib/em_cmu.o
 .text.CMU_ClockEnable
                0x00000000       0xb8 ./emlib/em_cmu.o
 .text.CMU_ClockSelectSet
                0x00000000      0x1ec ./emlib/em_cmu.o
 .text.CMU_FreezeEnable
                0x00000000       0x38 ./emlib/em_cmu.o
 .text.CMU_AUXHFRCOBandGet
                0x00000000       0x20 ./emlib/em_cmu.o
 .text.CMU_AUXHFRCOBandSet
                0x00000000       0xb8 ./emlib/em_cmu.o
 .text.CMU_HFRCOBandGet
                0x00000000       0x20 ./emlib/em_cmu.o
 .text.CMU_HFRCOBandSet
                0x00000000       0xd8 ./emlib/em_cmu.o
 .text.CMU_HFRCOStartupDelayGet
                0x00000000       0x1c ./emlib/em_cmu.o
 .text.CMU_HFRCOStartupDelaySet
                0x00000000       0x40 ./emlib/em_cmu.o
 .text.CMU_LCDClkFDIVGet
                0x00000000       0x1c ./emlib/em_cmu.o
 .text.CMU_LCDClkFDIVSet
                0x00000000       0x4c ./emlib/em_cmu.o
 .text.CMU_OscillatorEnable
                0x00000000       0xd0 ./emlib/em_cmu.o
 .text.CMU_OscillatorTuningGet
                0x00000000       0x5c ./emlib/em_cmu.o
 .text.CMU_OscillatorTuningSet
                0x00000000       0xb0 ./emlib/em_cmu.o
 .text.CMU_PCNTClockExternalGet
                0x00000000       0x44 ./emlib/em_cmu.o
 .text.CMU_PCNTClockExternalSet
                0x00000000       0x48 ./emlib/em_cmu.o
 .text          0x00000000        0x0 ./emlib/em_emu.o
 .data          0x00000000        0x0 ./emlib/em_emu.o
 .bss           0x00000000        0x0 ./emlib/em_emu.o
 .text.SystemCoreClockUpdate
                0x00000000        0xc ./emlib/em_emu.o
 .text.EMU_Unlock
                0x00000000       0x18 ./emlib/em_emu.o
 .text.CMU_Lock
                0x00000000       0x18 ./emlib/em_emu.o
 .text.CMU_Unlock
                0x00000000       0x1c ./emlib/em_emu.o
 .bss.cmuStatus
                0x00000000        0x4 ./emlib/em_emu.o
 .text.EMU_Restore
                0x00000000       0xf4 ./emlib/em_emu.o
 .text.getErrataFixEmuE107En
                0x00000000       0x58 ./emlib/em_emu.o
 .text.EMU_EnterEM2
                0x00000000       0x84 ./emlib/em_emu.o
 .text.EMU_EnterEM3
                0x00000000       0xa4 ./emlib/em_emu.o
 .text.EMU_EnterEM4
                0x00000000       0x50 ./emlib/em_emu.o
 .text.EMU_MemPwrDown
                0x00000000       0x14 ./emlib/em_emu.o
 .text.EMU_UpdateOscConfig
                0x00000000       0x1c ./emlib/em_emu.o
 .text.EMU_EM23Init
                0x00000000       0x34 ./emlib/em_emu.o
 .debug_info    0x00000000      0x939 ./emlib/em_emu.o
 .debug_abbrev  0x00000000      0x1ee ./emlib/em_emu.o
 .debug_loc     0x00000000      0x264 ./emlib/em_emu.o
 .debug_aranges
                0x00000000       0x78 ./emlib/em_emu.o
 .debug_ranges  0x00000000       0x68 ./emlib/em_emu.o
 .debug_line    0x00000000      0x3f2 ./emlib/em_emu.o
 .debug_str     0x00000000      0x52f ./emlib/em_emu.o
 .comment       0x00000000       0x71 ./emlib/em_emu.o
 .ARM.attributes
                0x00000000       0x33 ./emlib/em_emu.o
 .debug_frame   0x00000000      0x160 ./emlib/em_emu.o
 .text          0x00000000        0x0 ./emlib/em_gpio.o
 .data          0x00000000        0x0 ./emlib/em_gpio.o
 .bss           0x00000000        0x0 ./emlib/em_gpio.o
 .text.BITBAND_Peripheral
                0x00000000       0x2c ./emlib/em_gpio.o
 .text.GPIO_DbgLocationSet
                0x00000000       0x3c ./emlib/em_gpio.o
 .text.GPIO_DriveModeSet
                0x00000000       0x58 ./emlib/em_gpio.o
 .text.GPIO_IntConfig
                0x00000000       0xcc ./emlib/em_gpio.o
 .text          0x00000000        0x0 ./emlib/em_system.o
 .data          0x00000000        0x0 ./emlib/em_system.o
 .bss           0x00000000        0x0 ./emlib/em_system.o
 .rodata        0x00000000       0x58 ./emlib/em_system.o
 .text.SYSTEM_ChipRevisionGet
                0x00000000       0x80 ./emlib/em_system.o
 .text.SYSTEM_GetCalibrationValue
                0x00000000       0x5c ./emlib/em_system.o
 .debug_info    0x00000000      0x241 ./emlib/em_system.o
 .debug_abbrev  0x00000000       0xed ./emlib/em_system.o
 .debug_loc     0x00000000       0x70 ./emlib/em_system.o
 .debug_aranges
                0x00000000       0x28 ./emlib/em_system.o
 .debug_ranges  0x00000000       0x18 ./emlib/em_system.o
 .debug_line    0x00000000      0x276 ./emlib/em_system.o
 .debug_str     0x00000000      0x2ae ./emlib/em_system.o
 .comment       0x00000000       0x71 ./emlib/em_system.o
 .ARM.attributes
                0x00000000       0x33 ./emlib/em_system.o
 .debug_frame   0x00000000       0x50 ./emlib/em_system.o
 .text          0x00000000        0x0 ./emlib/em_usart.o
 .data          0x00000000        0x0 ./emlib/em_usart.o
 .bss           0x00000000        0x0 ./emlib/em_usart.o
 .rodata        0x00000000       0x58 ./emlib/em_usart.o
 .text.USART_BaudrateAsyncSet
                0x00000000      0x130 ./emlib/em_usart.o
 .text.USART_BaudrateCalc
                0x00000000       0xb8 ./emlib/em_usart.o
 .text.USART_BaudrateGet
                0x00000000       0x50 ./emlib/em_usart.o
 .text.USART_BaudrateSyncSet
                0x00000000       0x90 ./emlib/em_usart.o
 .text.USART_Enable
                0x00000000       0x54 ./emlib/em_usart.o
 .text.USART_InitAsync
                0x00000000       0x9c ./emlib/em_usart.o
 .text.USART_InitSync
                0x00000000       0xc8 ./emlib/em_usart.o
 .text.USART_InitIrDA
                0x00000000       0x74 ./emlib/em_usart.o
 .text.USART_InitI2s
                0x00000000       0x94 ./emlib/em_usart.o
 .text.USART_InitPrsTrigger
                0x00000000       0x60 ./emlib/em_usart.o
 .text.USART_Reset
                0x00000000       0x8c ./emlib/em_usart.o
 .text.USART_Rx
                0x00000000       0x28 ./emlib/em_usart.o
 .text.USART_RxDouble
                0x00000000       0x28 ./emlib/em_usart.o
 .text.USART_RxDoubleExt
                0x00000000       0x28 ./emlib/em_usart.o
 .text.USART_RxExt
                0x00000000       0x28 ./emlib/em_usart.o
 .text.USART_SpiTransfer
                0x00000000       0x40 ./emlib/em_usart.o
 .text.USART_Tx
                0x00000000       0x2c ./emlib/em_usart.o
 .text.USART_TxDouble
                0x00000000       0x2c ./emlib/em_usart.o
 .text.USART_TxDoubleExt
                0x00000000       0x28 ./emlib/em_usart.o
 .text.USART_TxExt
                0x00000000       0x2c ./emlib/em_usart.o
 .debug_info    0x00000000      0xdf3 ./emlib/em_usart.o
 .debug_abbrev  0x00000000      0x1b8 ./emlib/em_usart.o
 .debug_loc     0x00000000      0x460 ./emlib/em_usart.o
 .debug_aranges
                0x00000000       0xb8 ./emlib/em_usart.o
 .debug_ranges  0x00000000       0xa8 ./emlib/em_usart.o
 .debug_line    0x00000000      0x51f ./emlib/em_usart.o
 .debug_str     0x00000000      0xcc9 ./emlib/em_usart.o
 .comment       0x00000000       0x71 ./emlib/em_usart.o
 .ARM.attributes
                0x00000000       0x33 ./emlib/em_usart.o
 .debug_frame   0x00000000      0x264 ./emlib/em_usart.o
 .data          0x00000000        0x0 ./CMSIS/efm32tg/startup_efm32tg.o
 .bss           0x00000000        0x0 ./CMSIS/efm32tg/startup_efm32tg.o
 .text          0x00000000        0x0 ./CMSIS/efm32tg/system_efm32tg.o
 .data          0x00000000        0x0 ./CMSIS/efm32tg/system_efm32tg.o
 .bss           0x00000000        0x0 ./CMSIS/efm32tg/system_efm32tg.o
 .text.SystemHFXOClockGet
                0x00000000       0x18 ./CMSIS/efm32tg/system_efm32tg.o
 .text.SystemHFXOClockSet
                0x00000000       0x2c ./CMSIS/efm32tg/system_efm32tg.o
 .text.SystemLFXOClockSet
                0x00000000       0x2c ./CMSIS/efm32tg/system_efm32tg.o
 .text          0x00000000        0x0 ./BSP/bsp_bcc.o
 .data          0x00000000        0x0 ./BSP/bsp_bcc.o
 .bss           0x00000000        0x0 ./BSP/bsp_bcc.o
 .bss.rxByteCount
                0x00000000        0x4 ./BSP/bsp_bcc.o
 .bss.txByteCount
                0x00000000        0x4 ./BSP/bsp_bcc.o
 .text.BSP_BccDeInit
                0x00000000       0x40 ./BSP/bsp_bcc.o
 .rodata        0x00000000       0x18 ./BSP/bsp_bcc.o
 .text.BSP_BccInit
                0x00000000       0x74 ./BSP/bsp_bcc.o
 .text.BSP_BccPacketReceive
                0x00000000       0xa0 ./BSP/bsp_bcc.o
 .text.BSP_BccPacketSend
                0x00000000       0x60 ./BSP/bsp_bcc.o
 .text.BSP_BccPinsEnable
                0x00000000       0x80 ./BSP/bsp_bcc.o
 .text.RxByte   0x00000000       0x3c ./BSP/bsp_bcc.o
 .text.TxByte   0x00000000       0x3c ./BSP/bsp_bcc.o
 .debug_info    0x00000000      0x78f ./BSP/bsp_bcc.o
 .debug_abbrev  0x00000000      0x1aa ./BSP/bsp_bcc.o
 .debug_loc     0x00000000      0x17c ./BSP/bsp_bcc.o
 .debug_aranges
                0x00000000       0x50 ./BSP/bsp_bcc.o
 .debug_ranges  0x00000000       0x40 ./BSP/bsp_bcc.o
 .debug_line    0x00000000      0x328 ./BSP/bsp_bcc.o
 .debug_str     0x00000000      0x984 ./BSP/bsp_bcc.o
 .comment       0x00000000       0x71 ./BSP/bsp_bcc.o
 .ARM.attributes
                0x00000000       0x33 ./BSP/bsp_bcc.o
 .debug_frame   0x00000000       0xe8 ./BSP/bsp_bcc.o
 .text          0x00000000        0x0 ./BSP/bsp_stk.o
 .data          0x00000000        0x0 ./BSP/bsp_stk.o
 .bss           0x00000000        0x0 ./BSP/bsp_stk.o
 .text.BSP_Disable
                0x00000000       0x14 ./BSP/bsp_stk.o
 .text.BSP_EbiInit
                0x00000000       0x14 ./BSP/bsp_stk.o
 .text.BSP_EbiDeInit
                0x00000000       0x14 ./BSP/bsp_stk.o
 .text.BSP_Init
                0x00000000       0x20 ./BSP/bsp_stk.o
 .text.BSP_CurrentGet
                0x00000000       0x40 ./BSP/bsp_stk.o
 .text.BSP_VoltageGet
                0x00000000       0x40 ./BSP/bsp_stk.o
 .debug_info    0x00000000      0x20f ./BSP/bsp_stk.o
 .debug_abbrev  0x00000000      0x103 ./BSP/bsp_stk.o
 .debug_loc     0x00000000      0x12c ./BSP/bsp_stk.o
 .debug_aranges
                0x00000000       0x48 ./BSP/bsp_stk.o
 .debug_ranges  0x00000000       0x38 ./BSP/bsp_stk.o
 .debug_line    0x00000000      0x1d8 ./BSP/bsp_stk.o
 .debug_str     0x00000000      0x27e ./BSP/bsp_stk.o
 .comment       0x00000000       0x71 ./BSP/bsp_stk.o
 .ARM.attributes
                0x00000000       0x33 ./BSP/bsp_stk.o
 .debug_frame   0x00000000       0xbc ./BSP/bsp_stk.o
 .text          0x00000000        0x0 ./BSP/bsp_stk_leds.o
 .data          0x00000000        0x0 ./BSP/bsp_stk_leds.o
 .bss           0x00000000        0x0 ./BSP/bsp_stk_leds.o
 .rodata        0x00000000       0x58 ./BSP/bsp_stk_leds.o
 .text.GPIO_PinOutClear
                0x00000000       0x4c ./BSP/bsp_stk_leds.o
 .text.GPIO_PinOutGet
                0x00000000       0x50 ./BSP/bsp_stk_leds.o
 .text.GPIO_PinOutSet
                0x00000000       0x4c ./BSP/bsp_stk_leds.o
 .text.GPIO_PinOutToggle
                0x00000000       0x4c ./BSP/bsp_stk_leds.o
 .rodata.ledArray
                0x00000000        0x8 ./BSP/bsp_stk_leds.o
 .text.BSP_LedsInit
                0x00000000       0x54 ./BSP/bsp_stk_leds.o
 .text.BSP_LedsGet
                0x00000000       0x54 ./BSP/bsp_stk_leds.o
 .text.BSP_LedsSet
                0x00000000       0x64 ./BSP/bsp_stk_leds.o
 .text.BSP_LedClear
                0x00000000       0x3c ./BSP/bsp_stk_leds.o
 .text.BSP_LedGet
                0x00000000       0x40 ./BSP/bsp_stk_leds.o
 .text.BSP_LedSet
                0x00000000       0x3c ./BSP/bsp_stk_leds.o
 .text.BSP_LedToggle
                0x00000000       0x3c ./BSP/bsp_stk_leds.o
 .debug_info    0x00000000      0x6cc ./BSP/bsp_stk_leds.o
 .debug_abbrev  0x00000000      0x14f ./BSP/bsp_stk_leds.o
 .debug_loc     0x00000000      0x268 ./BSP/bsp_stk_leds.o
 .debug_aranges
                0x00000000       0x70 ./BSP/bsp_stk_leds.o
 .debug_ranges  0x00000000       0x60 ./BSP/bsp_stk_leds.o
 .debug_line    0x00000000      0x396 ./BSP/bsp_stk_leds.o
 .debug_str     0x00000000      0x6b1 ./BSP/bsp_stk_leds.o
 .comment       0x00000000       0x71 ./BSP/bsp_stk_leds.o
 .ARM.attributes
                0x00000000       0x33 ./BSP/bsp_stk_leds.o
 .debug_frame   0x00000000      0x170 ./BSP/bsp_stk_leds.o
 .text          0x00000000        0x0 ./BSP/bsp_trace.o
 .data          0x00000000        0x0 ./BSP/bsp_trace.o
 .bss           0x00000000        0x0 ./BSP/bsp_trace.o
 .text          0x00000000        0x0 /home/mark/Downloads/SimplicityStudio_v3/developer/toolchains/gnu_arm/4.8_2013q4/bin/../lib/gcc/arm-none-eabi/4.8.3/../../../../arm-none-eabi/lib/armv7-m/libc_s.a(lib_a-exit.o)
 .data          0x00000000        0x0 /home/mark/Downloads/SimplicityStudio_v3/developer/toolchains/gnu_arm/4.8_2013q4/bin/../lib/gcc/arm-none-eabi/4.8.3/../../../../arm-none-eabi/lib/armv7-m/libc_s.a(lib_a-exit.o)
 .bss           0x00000000        0x0 /home/mark/Downloads/SimplicityStudio_v3/developer/toolchains/gnu_arm/4.8_2013q4/bin/../lib/gcc/arm-none-eabi/4.8.3/../../../../arm-none-eabi/lib/armv7-m/libc_s.a(lib_a-exit.o)
 .text          0x00000000        0x0 /home/mark/Downloads/SimplicityStudio_v3/developer/toolchains/gnu_arm/4.8_2013q4/bin/../lib/gcc/arm-none-eabi/4.8.3/../../../../arm-none-eabi/lib/armv7-m/libc_s.a(lib_a-impure.o)
 .data          0x00000000        0x0 /home/mark/Downloads/SimplicityStudio_v3/developer/toolchains/gnu_arm/4.8_2013q4/bin/../lib/gcc/arm-none-eabi/4.8.3/../../../../arm-none-eabi/lib/armv7-m/libc_s.a(lib_a-impure.o)
 .bss           0x00000000        0x0 /home/mark/Downloads/SimplicityStudio_v3/developer/toolchains/gnu_arm/4.8_2013q4/bin/../lib/gcc/arm-none-eabi/4.8.3/../../../../arm-none-eabi/lib/armv7-m/libc_s.a(lib_a-impure.o)
 .data._impure_ptr
                0x00000000        0x4 /home/mark/Downloads/SimplicityStudio_v3/developer/toolchains/gnu_arm/4.8_2013q4/bin/../lib/gcc/arm-none-eabi/4.8.3/../../../../arm-none-eabi/lib/armv7-m/libc_s.a(lib_a-impure.o)
 .text          0x00000000        0x0 /home/mark/Downloads/SimplicityStudio_v3/developer/toolchains/gnu_arm/4.8_2013q4/bin/../lib/gcc/arm-none-eabi/4.8.3/../../../../arm-none-eabi/lib/armv7-m/libc_s.a(lib_a-init.o)
 .data          0x00000000        0x0 /home/mark/Downloads/SimplicityStudio_v3/developer/toolchains/gnu_arm/4.8_2013q4/bin/../lib/gcc/arm-none-eabi/4.8.3/../../../../arm-none-eabi/lib/armv7-m/libc_s.a(lib_a-init.o)
 .bss           0x00000000        0x0 /home/mark/Downloads/SimplicityStudio_v3/developer/toolchains/gnu_arm/4.8_2013q4/bin/../lib/gcc/arm-none-eabi/4.8.3/../../../../arm-none-eabi/lib/armv7-m/libc_s.a(lib_a-init.o)
 .text          0x00000000        0x0 /home/mark/Downloads/SimplicityStudio_v3/developer/toolchains/gnu_arm/4.8_2013q4/bin/../lib/gcc/arm-none-eabi/4.8.3/../../../../arm-none-eabi/lib/armv7-m/libc_s.a(lib_a-memset.o)
 .data          0x00000000        0x0 /home/mark/Downloads/SimplicityStudio_v3/developer/toolchains/gnu_arm/4.8_2013q4/bin/../lib/gcc/arm-none-eabi/4.8.3/../../../../arm-none-eabi/lib/armv7-m/libc_s.a(lib_a-memset.o)
 .bss           0x00000000        0x0 /home/mark/Downloads/SimplicityStudio_v3/developer/toolchains/gnu_arm/4.8_2013q4/bin/../lib/gcc/arm-none-eabi/4.8.3/../../../../arm-none-eabi/lib/armv7-m/libc_s.a(lib_a-memset.o)
 .text          0x00000000        0x0 /home/mark/Downloads/SimplicityStudio_v3/developer/toolchains/gnu_arm/4.8_2013q4/bin/../lib/gcc/arm-none-eabi/4.8.3/../../../../arm-none-eabi/lib/armv7-m/libnosys.a(_exit.o)
 .data          0x00000000        0x0 /home/mark/Downloads/SimplicityStudio_v3/developer/toolchains/gnu_arm/4.8_2013q4/bin/../lib/gcc/arm-none-eabi/4.8.3/../../../../arm-none-eabi/lib/armv7-m/libnosys.a(_exit.o)
 .bss           0x00000000        0x0 /home/mark/Downloads/SimplicityStudio_v3/developer/toolchains/gnu_arm/4.8_2013q4/bin/../lib/gcc/arm-none-eabi/4.8.3/../../../../arm-none-eabi/lib/armv7-m/libnosys.a(_exit.o)
 .text          0x00000000        0x0 /home/mark/Downloads/SimplicityStudio_v3/developer/toolchains/gnu_arm/4.8_2013q4/bin/../lib/gcc/arm-none-eabi/4.8.3/armv7-m/crtend.o
 .data          0x00000000        0x0 /home/mark/Downloads/SimplicityStudio_v3/developer/toolchains/gnu_arm/4.8_2013q4/bin/../lib/gcc/arm-none-eabi/4.8.3/armv7-m/crtend.o
 .bss           0x00000000        0x0 /home/mark/Downloads/SimplicityStudio_v3/developer/toolchains/gnu_arm/4.8_2013q4/bin/../lib/gcc/arm-none-eabi/4.8.3/armv7-m/crtend.o
 .jcr           0x00000000        0x4 /home/mark/Downloads/SimplicityStudio_v3/developer/toolchains/gnu_arm/4.8_2013q4/bin/../lib/gcc/arm-none-eabi/4.8.3/armv7-m/crtend.o
 .text          0x00000000        0x0 /home/mark/Downloads/SimplicityStudio_v3/developer/toolchains/gnu_arm/4.8_2013q4/bin/../lib/gcc/arm-none-eabi/4.8.3/armv7-m/crtn.o
 .data          0x00000000        0x0 /home/mark/Downloads/SimplicityStudio_v3/developer/toolchains/gnu_arm/4.8_2013q4/bin/../lib/gcc/arm-none-eabi/4.8.3/armv7-m/crtn.o
 .bss           0x00000000        0x0 /home/mark/Downloads/SimplicityStudio_v3/developer/toolchains/gnu_arm/4.8_2013q4/bin/../lib/gcc/arm-none-eabi/4.8.3/armv7-m/crtn.o

Memory Configuration

Name             Origin             Length             Attributes
FLASH            0x00000000         0x00008000         xr
RAM              0x20000000         0x00001000         xrw
*default*        0x00000000         0xffffffff

Linker script and memory map

LOAD /home/mark/Downloads/SimplicityStudio_v3/developer/toolchains/gnu_arm/4.8_2013q4/bin/../lib/gcc/arm-none-eabi/4.8.3/armv7-m/crti.o
LOAD /home/mark/Downloads/SimplicityStudio_v3/developer/toolchains/gnu_arm/4.8_2013q4/bin/../lib/gcc/arm-none-eabi/4.8.3/armv7-m/crtbegin.o
LOAD /home/mark/Downloads/SimplicityStudio_v3/developer/toolchains/gnu_arm/4.8_2013q4/bin/../lib/gcc/arm-none-eabi/4.8.3/../../../../arm-none-eabi/lib/armv7-m/crt0.o
LOAD ./src/blink.o
LOAD ./emlib/em_assert.o
LOAD ./emlib/em_cmu.o
LOAD ./emlib/em_emu.o
LOAD ./emlib/em_gpio.o
LOAD ./emlib/em_system.o
LOAD ./emlib/em_usart.o
LOAD ./CMSIS/efm32tg/startup_efm32tg.o
LOAD ./CMSIS/efm32tg/system_efm32tg.o
LOAD ./BSP/bsp_bcc.o
LOAD ./BSP/bsp_stk.o
LOAD ./BSP/bsp_stk_leds.o
LOAD ./BSP/bsp_trace.o
START GROUP
LOAD /home/mark/Downloads/SimplicityStudio_v3/developer/toolchains/gnu_arm/4.8_2013q4/bin/../lib/gcc/arm-none-eabi/4.8.3/armv7-m/libgcc.a
LOAD /home/mark/Downloads/SimplicityStudio_v3/developer/toolchains/gnu_arm/4.8_2013q4/bin/../lib/gcc/arm-none-eabi/4.8.3/../../../../arm-none-eabi/lib/armv7-m/libc_s.a
LOAD /home/mark/Downloads/SimplicityStudio_v3/developer/toolchains/gnu_arm/4.8_2013q4/bin/../lib/gcc/arm-none-eabi/4.8.3/../../../../arm-none-eabi/lib/armv7-m/libnosys.a
END GROUP
START GROUP
LOAD /home/mark/Downloads/SimplicityStudio_v3/developer/toolchains/gnu_arm/4.8_2013q4/bin/../lib/gcc/arm-none-eabi/4.8.3/armv7-m/libgcc.a
LOAD /home/mark/Downloads/SimplicityStudio_v3/developer/toolchains/gnu_arm/4.8_2013q4/bin/../lib/gcc/arm-none-eabi/4.8.3/../../../../arm-none-eabi/lib/armv7-m/libg_s.a
LOAD /home/mark/Downloads/SimplicityStudio_v3/developer/toolchains/gnu_arm/4.8_2013q4/bin/../lib/gcc/arm-none-eabi/4.8.3/../../../../arm-none-eabi/lib/armv7-m/libc_s.a
END GROUP
START GROUP
LOAD /home/mark/Downloads/SimplicityStudio_v3/developer/toolchains/gnu_arm/4.8_2013q4/bin/../lib/gcc/arm-none-eabi/4.8.3/armv7-m/libgcc.a
LOAD /home/mark/Downloads/SimplicityStudio_v3/developer/toolchains/gnu_arm/4.8_2013q4/bin/../lib/gcc/arm-none-eabi/4.8.3/../../../../arm-none-eabi/lib/armv7-m/libc_s.a
END GROUP
LOAD /home/mark/Downloads/SimplicityStudio_v3/developer/toolchains/gnu_arm/4.8_2013q4/bin/../lib/gcc/arm-none-eabi/4.8.3/armv7-m/crtend.o
LOAD /home/mark/Downloads/SimplicityStudio_v3/developer/toolchains/gnu_arm/4.8_2013q4/bin/../lib/gcc/arm-none-eabi/4.8.3/armv7-m/crtn.o

.text           0x00000000      0xd5c
 *(.isr_vector)
 .isr_vector    0x00000000      0x100 ./CMSIS/efm32tg/startup_efm32tg.o
                0x00000000                __isr_vector
 *(.text*)
 .text          0x00000100       0x54 /home/mark/Downloads/SimplicityStudio_v3/developer/toolchains/gnu_arm/4.8_2013q4/bin/../lib/gcc/arm-none-eabi/4.8.3/armv7-m/crtbegin.o
 .text          0x00000154       0x74 /home/mark/Downloads/SimplicityStudio_v3/developer/toolchains/gnu_arm/4.8_2013q4/bin/../lib/gcc/arm-none-eabi/4.8.3/../../../../arm-none-eabi/lib/armv7-m/crt0.o
                0x00000154                _mainCRTStartup
                0x00000154                _start
 .text.NVIC_SetPriority
                0x000001c8       0x54 ./src/blink.o
 .text.SysTick_Config
                0x0000021c       0x44 ./src/blink.o
 .text.CHIP_Init
                0x00000260        0xc ./src/blink.o
 .text.SysTick_Handler
                0x0000026c       0x1c ./src/blink.o
                0x0000026c                SysTick_Handler
 .text.Delay    0x00000288       0x2c ./src/blink.o
                0x00000288                Delay
 .text.main     0x000002b4       0x68 ./src/blink.o
                0x000002b4                main
 .text.assertEFM
                0x0000031c        0xc ./emlib/em_assert.o
                0x0000031c                assertEFM
 .text.CMU_DivToLog2
                0x00000328       0x44 ./emlib/em_cmu.o
 .text.CMU_AUXClkGet
                0x0000036c       0x8c ./emlib/em_cmu.o
 .text.CMU_DBGClkGet
                0x000003f8       0x4c ./emlib/em_cmu.o
 .text.CMU_LFClkGet
                0x00000444       0x9c ./emlib/em_cmu.o
 .text.CMU_ClockFreqGet
                0x000004e0      0x1a8 ./emlib/em_cmu.o
                0x000004e0                CMU_ClockFreqGet
 .text.CMU_ClockSelectGet
                0x00000688      0x130 ./emlib/em_cmu.o
                0x00000688                CMU_ClockSelectGet
 .text.GPIO_PinModeSet
                0x000007b8      0x14c ./emlib/em_gpio.o
                0x000007b8                GPIO_PinModeSet
 .text          0x00000904       0x78 ./CMSIS/efm32tg/startup_efm32tg.o
                0x00000904                Reset_Handler
                0x00000938                Default_Handler
                0x0000093a                NMI_Handler
                0x0000093c                HardFault_Handler
                0x0000093e                MemManage_Handler
                0x00000940                BusFault_Handler
                0x00000942                UsageFault_Handler
                0x00000944                SVC_Handler
                0x00000946                DebugMon_Handler
                0x00000948                PendSV_Handler
                0x0000094c                DMA_IRQHandler
                0x0000094e                GPIO_EVEN_IRQHandler
                0x00000950                TIMER0_IRQHandler
                0x00000952                USART0_RX_IRQHandler
                0x00000954                USART0_TX_IRQHandler
                0x00000956                ACMP0_IRQHandler
                0x00000958                ADC0_IRQHandler
                0x0000095a                DAC0_IRQHandler
                0x0000095c                I2C0_IRQHandler
                0x0000095e                GPIO_ODD_IRQHandler
                0x00000960                TIMER1_IRQHandler
                0x00000962                USART1_RX_IRQHandler
                0x00000964                USART1_TX_IRQHandler
                0x00000966                LESENSE_IRQHandler
                0x00000968                LEUART0_IRQHandler
                0x0000096a                LETIMER0_IRQHandler
                0x0000096c                PCNT0_IRQHandler
                0x0000096e                RTC_IRQHandler
                0x00000970                CMU_IRQHandler
                0x00000972                VCMP_IRQHandler
                0x00000974                LCD_IRQHandler
                0x00000976                MSC_IRQHandler
                0x00000978                AES_IRQHandler
 .text.GetProdRev
                0x0000097c       0x1c ./CMSIS/efm32tg/system_efm32tg.o
 .text.SystemCoreClockGet
                0x00000998       0x34 ./CMSIS/efm32tg/system_efm32tg.o
                0x00000998                SystemCoreClockGet
 .text.SystemHFClockGet
                0x000009cc       0xf0 ./CMSIS/efm32tg/system_efm32tg.o
                0x000009cc                SystemHFClockGet
 .text.SystemInit
                0x00000abc        0xc ./CMSIS/efm32tg/system_efm32tg.o
                0x00000abc                SystemInit
 .text.SystemLFRCOClockGet
                0x00000ac8       0x14 ./CMSIS/efm32tg/system_efm32tg.o
                0x00000ac8                SystemLFRCOClockGet
 .text.SystemULFRCOClockGet
                0x00000adc       0x14 ./CMSIS/efm32tg/system_efm32tg.o
                0x00000adc                SystemULFRCOClockGet
 .text.SystemLFXOClockGet
                0x00000af0       0x18 ./CMSIS/efm32tg/system_efm32tg.o
                0x00000af0                SystemLFXOClockGet
 .text.BSP_TraceSwoSetup
                0x00000b08       0xd4 ./BSP/bsp_trace.o
                0x00000b08                BSP_TraceSwoSetup
 .text.BSP_TraceProfilerSetup
                0x00000bdc       0x28 ./BSP/bsp_trace.o
                0x00000bdc                BSP_TraceProfilerSetup
 .text.exit     0x00000c04       0x28 /home/mark/Downloads/SimplicityStudio_v3/developer/toolchains/gnu_arm/4.8_2013q4/bin/../lib/gcc/arm-none-eabi/4.8.3/../../../../arm-none-eabi/lib/armv7-m/libc_s.a(lib_a-exit.o)
                0x00000c04                exit
 .text.__libc_init_array
                0x00000c2c       0x4c /home/mark/Downloads/SimplicityStudio_v3/developer/toolchains/gnu_arm/4.8_2013q4/bin/../lib/gcc/arm-none-eabi/4.8.3/../../../../arm-none-eabi/lib/armv7-m/libc_s.a(lib_a-init.o)
                0x00000c2c                __libc_init_array
 .text.memset   0x00000c78       0x10 /home/mark/Downloads/SimplicityStudio_v3/developer/toolchains/gnu_arm/4.8_2013q4/bin/../lib/gcc/arm-none-eabi/4.8.3/../../../../arm-none-eabi/lib/armv7-m/libc_s.a(lib_a-memset.o)
                0x00000c78                memset
 .text._exit    0x00000c88        0x4 /home/mark/Downloads/SimplicityStudio_v3/developer/toolchains/gnu_arm/4.8_2013q4/bin/../lib/gcc/arm-none-eabi/4.8.3/../../../../arm-none-eabi/lib/armv7-m/libnosys.a(_exit.o)
                0x00000c88                _exit
 *(.init)
 .init          0x00000c8c        0x4 /home/mark/Downloads/SimplicityStudio_v3/developer/toolchains/gnu_arm/4.8_2013q4/bin/../lib/gcc/arm-none-eabi/4.8.3/armv7-m/crti.o
                0x00000c8c                _init
 .init          0x00000c90        0x8 /home/mark/Downloads/SimplicityStudio_v3/developer/toolchains/gnu_arm/4.8_2013q4/bin/../lib/gcc/arm-none-eabi/4.8.3/armv7-m/crtn.o
 *(.fini)
 .fini          0x00000c98        0x4 /home/mark/Downloads/SimplicityStudio_v3/developer/toolchains/gnu_arm/4.8_2013q4/bin/../lib/gcc/arm-none-eabi/4.8.3/armv7-m/crti.o
                0x00000c98                _fini
 .fini          0x00000c9c        0x8 /home/mark/Downloads/SimplicityStudio_v3/developer/toolchains/gnu_arm/4.8_2013q4/bin/../lib/gcc/arm-none-eabi/4.8.3/armv7-m/crtn.o
 *crtbegin.o(.ctors)
 *crtbegin?.o(.ctors)
 *(EXCLUDE_FILE(*crtend.o *crtend?.o) .ctors)
 *(SORT(.ctors.*))
 *(.ctors)
 *crtbegin.o(.dtors)
 *crtbegin?.o(.dtors)
 *(EXCLUDE_FILE(*crtend.o *crtend?.o) .dtors)
 *(SORT(.dtors.*))
 *(.dtors)
 *(.rodata*)
 .rodata        0x00000ca4       0x54 ./emlib/em_cmu.o
 .rodata        0x00000cf8       0x58 ./emlib/em_gpio.o
 .rodata.str1.1
                0x00000d50        0x2 /home/mark/Downloads/SimplicityStudio_v3/developer/toolchains/gnu_arm/4.8_2013q4/bin/../lib/gcc/arm-none-eabi/4.8.3/../../../../arm-none-eabi/lib/armv7-m/libc_s.a(lib_a-impure.o)
 *fill*         0x00000d52        0x2 
 .rodata._global_impure_ptr
                0x00000d54        0x4 /home/mark/Downloads/SimplicityStudio_v3/developer/toolchains/gnu_arm/4.8_2013q4/bin/../lib/gcc/arm-none-eabi/4.8.3/../../../../arm-none-eabi/lib/armv7-m/libc_s.a(lib_a-impure.o)
                0x00000d54                _global_impure_ptr
 *(.eh_frame*)
 .eh_frame      0x00000d58        0x0 /home/mark/Downloads/SimplicityStudio_v3/developer/toolchains/gnu_arm/4.8_2013q4/bin/../lib/gcc/arm-none-eabi/4.8.3/armv7-m/crtbegin.o
 .eh_frame      0x00000d58        0x4 /home/mark/Downloads/SimplicityStudio_v3/developer/toolchains/gnu_arm/4.8_2013q4/bin/../lib/gcc/arm-none-eabi/4.8.3/armv7-m/crtend.o

.glue_7         0x00000d5c        0x0
 .glue_7        0x00000000        0x0 linker stubs

.glue_7t        0x00000d5c        0x0
 .glue_7t       0x00000000        0x0 linker stubs

.vfp11_veneer   0x00000d5c        0x0
 .vfp11_veneer  0x00000000        0x0 linker stubs

.v4_bx          0x00000d5c        0x0
 .v4_bx         0x00000000        0x0 linker stubs

.iplt           0x00000d5c        0x0
 .iplt          0x00000000        0x0 /home/mark/Downloads/SimplicityStudio_v3/developer/toolchains/gnu_arm/4.8_2013q4/bin/../lib/gcc/arm-none-eabi/4.8.3/armv7-m/crtbegin.o

.ARM.extab
 *(.ARM.extab* .gnu.linkonce.armextab.*)
                0x00000d5c                __exidx_start = .

.ARM.exidx      0x00000d5c        0x8
 *(.ARM.exidx* .gnu.linkonce.armexidx.*)
 .ARM.exidx     0x00000d5c        0x8 /home/mark/Downloads/SimplicityStudio_v3/developer/toolchains/gnu_arm/4.8_2013q4/bin/../lib/gcc/arm-none-eabi/4.8.3/../../../../arm-none-eabi/lib/armv7-m/crt0.o
                0x00000d64                __exidx_end = .
                0x00000d64                __etext = .

.rel.dyn        0x00000d64        0x0
 .rel.iplt      0x00000000        0x0 /home/mark/Downloads/SimplicityStudio_v3/developer/toolchains/gnu_arm/4.8_2013q4/bin/../lib/gcc/arm-none-eabi/4.8.3/armv7-m/crtbegin.o

.data           0x20000000       0x70 load address 0x00000d64
                0x20000000                __data_start__ = .
 *(vtable)
 *(.data*)
 .data.SystemHFXOClock
                0x20000000        0x4 ./CMSIS/efm32tg/system_efm32tg.o
 .data.SystemLFXOClock
                0x20000004        0x4 ./CMSIS/efm32tg/system_efm32tg.o
 .data.impure_data
                0x20000008       0x60 /home/mark/Downloads/SimplicityStudio_v3/developer/toolchains/gnu_arm/4.8_2013q4/bin/../lib/gcc/arm-none-eabi/4.8.3/../../../../arm-none-eabi/lib/armv7-m/libc_s.a(lib_a-impure.o)
                0x20000068                . = ALIGN (0x4)
 *(.ram)
                0x20000068                . = ALIGN (0x4)
                0x20000068                PROVIDE (__preinit_array_start, .)
 *(.preinit_array)
                0x20000068                PROVIDE (__preinit_array_end, .)
                0x20000068                . = ALIGN (0x4)
                0x20000068                PROVIDE (__init_array_start, .)
 *(SORT(.init_array.*))
 *(.init_array)
 .init_array    0x20000068        0x4 /home/mark/Downloads/SimplicityStudio_v3/developer/toolchains/gnu_arm/4.8_2013q4/bin/../lib/gcc/arm-none-eabi/4.8.3/armv7-m/crtbegin.o
                0x2000006c                PROVIDE (__init_array_end, .)
                0x2000006c                . = ALIGN (0x4)
                0x2000006c                PROVIDE (__fini_array_start, .)
 *(SORT(.fini_array.*))
 *(.fini_array)
 .fini_array    0x2000006c        0x4 /home/mark/Downloads/SimplicityStudio_v3/developer/toolchains/gnu_arm/4.8_2013q4/bin/../lib/gcc/arm-none-eabi/4.8.3/armv7-m/crtbegin.o
                0x20000070                PROVIDE (__fini_array_end, .)
                0x20000070                . = ALIGN (0x4)
                0x20000070                __data_end__ = .

.jcr            0x20000070        0x0 load address 0x00000dd4
 .jcr           0x20000070        0x0 /home/mark/Downloads/SimplicityStudio_v3/developer/toolchains/gnu_arm/4.8_2013q4/bin/../lib/gcc/arm-none-eabi/4.8.3/armv7-m/crtbegin.o

.igot.plt       0x20000070        0x0 load address 0x00000dd4
 .igot.plt      0x00000000        0x0 /home/mark/Downloads/SimplicityStudio_v3/developer/toolchains/gnu_arm/4.8_2013q4/bin/../lib/gcc/arm-none-eabi/4.8.3/armv7-m/crtbegin.o

.bss            0x20000070       0x24 load address 0x00000dd4
                0x20000070                __bss_start__ = .
 *(.bss*)
 .bss           0x20000070       0x1c /home/mark/Downloads/SimplicityStudio_v3/developer/toolchains/gnu_arm/4.8_2013q4/bin/../lib/gcc/arm-none-eabi/4.8.3/armv7-m/crtbegin.o
 *(COMMON)
 COMMON         0x2000008c        0x4 ./src/blink.o
                0x2000008c                msTicks
 COMMON         0x20000090        0x4 ./CMSIS/efm32tg/system_efm32tg.o
                0x20000090                SystemCoreClock
                0x20000094                __bss_end__ = .

.heap           0x20000098        0x0
                0x20000098                __end__ = .
                0x20000098                end = __end__
                0x20000098                _end = __end__
 *(.heap*)
 .heap          0x20000098        0x0 ./CMSIS/efm32tg/startup_efm32tg.o
                0x20000098                __HeapLimit = .

.stack_dummy    0x20000098      0x400
 *(.stack)
 .stack         0x20000098      0x400 ./CMSIS/efm32tg/startup_efm32tg.o
                0x20001000                __StackTop = (ORIGIN (RAM) + 0x1000)
                0x20000c00                __StackLimit = (__StackTop - SIZEOF (.stack_dummy))
                0x20001000                PROVIDE (__stack, __StackTop)
                0x00000001                ASSERT ((__StackLimit >= __HeapLimit), region RAM overflowed with stack)
                0x00000001                ASSERT ((0x8000 >= (__etext + SIZEOF (.data))), FLASH memory overflowed !)
OUTPUT(STK3300_blink.axf elf32-littlearm)

.ARM.attributes
                0x00000000       0x29
 .ARM.attributes
                0x00000000       0x1d /home/mark/Downloads/SimplicityStudio_v3/developer/toolchains/gnu_arm/4.8_2013q4/bin/../lib/gcc/arm-none-eabi/4.8.3/armv7-m/crti.o
 .ARM.attributes
                0x0000001d       0x2d /home/mark/Downloads/SimplicityStudio_v3/developer/toolchains/gnu_arm/4.8_2013q4/bin/../lib/gcc/arm-none-eabi/4.8.3/armv7-m/crtbegin.o
 .ARM.attributes
                0x0000004a       0x1b /home/mark/Downloads/SimplicityStudio_v3/developer/toolchains/gnu_arm/4.8_2013q4/bin/../lib/gcc/arm-none-eabi/4.8.3/../../../../arm-none-eabi/lib/armv7-m/crt0.o
 .ARM.attributes
                0x00000065       0x33 ./src/blink.o
 .ARM.attributes
                0x00000098       0x33 ./emlib/em_assert.o
 .ARM.attributes
                0x000000cb       0x33 ./emlib/em_cmu.o
 .ARM.attributes
                0x000000fe       0x33 ./emlib/em_gpio.o
 .ARM.attributes
                0x00000131       0x1b ./CMSIS/efm32tg/startup_efm32tg.o
 .ARM.attributes
                0x0000014c       0x33 ./CMSIS/efm32tg/system_efm32tg.o
 .ARM.attributes
                0x0000017f       0x33 ./BSP/bsp_trace.o
 .ARM.attributes
                0x000001b2       0x2d /home/mark/Downloads/SimplicityStudio_v3/developer/toolchains/gnu_arm/4.8_2013q4/bin/../lib/gcc/arm-none-eabi/4.8.3/../../../../arm-none-eabi/lib/armv7-m/libc_s.a(lib_a-exit.o)
 .ARM.attributes
                0x000001df       0x2d /home/mark/Downloads/SimplicityStudio_v3/developer/toolchains/gnu_arm/4.8_2013q4/bin/../lib/gcc/arm-none-eabi/4.8.3/../../../../arm-none-eabi/lib/armv7-m/libc_s.a(lib_a-impure.o)
 .ARM.attributes
                0x0000020c       0x2d /home/mark/Downloads/SimplicityStudio_v3/developer/toolchains/gnu_arm/4.8_2013q4/bin/../lib/gcc/arm-none-eabi/4.8.3/../../../../arm-none-eabi/lib/armv7-m/libc_s.a(lib_a-init.o)
 .ARM.attributes
                0x00000239       0x2d /home/mark/Downloads/SimplicityStudio_v3/developer/toolchains/gnu_arm/4.8_2013q4/bin/../lib/gcc/arm-none-eabi/4.8.3/../../../../arm-none-eabi/lib/armv7-m/libc_s.a(lib_a-memset.o)
 .ARM.attributes
                0x00000266       0x2d /home/mark/Downloads/SimplicityStudio_v3/developer/toolchains/gnu_arm/4.8_2013q4/bin/../lib/gcc/arm-none-eabi/4.8.3/../../../../arm-none-eabi/lib/armv7-m/libnosys.a(_exit.o)
 .ARM.attributes
                0x00000293       0x2d /home/mark/Downloads/SimplicityStudio_v3/developer/toolchains/gnu_arm/4.8_2013q4/bin/../lib/gcc/arm-none-eabi/4.8.3/armv7-m/crtend.o
 .ARM.attributes
                0x000002c0       0x1d /home/mark/Downloads/SimplicityStudio_v3/developer/toolchains/gnu_arm/4.8_2013q4/bin/../lib/gcc/arm-none-eabi/4.8.3/armv7-m/crtn.o

.comment        0x00000000       0x70
 .comment       0x00000000       0x70 ./src/blink.o
                                 0x71 (size before relaxing)
 .comment       0x00000000       0x71 ./emlib/em_assert.o
 .comment       0x00000000       0x71 ./emlib/em_cmu.o
 .comment       0x00000000       0x71 ./emlib/em_gpio.o
 .comment       0x00000000       0x71 ./CMSIS/efm32tg/system_efm32tg.o
 .comment       0x00000000       0x71 ./BSP/bsp_trace.o

.debug_info     0x00000000     0x2c8f
 .debug_info    0x00000000      0x6f9 ./src/blink.o
 .debug_info    0x000006f9       0x76 ./emlib/em_assert.o
 .debug_info    0x0000076f      0xf37 ./emlib/em_cmu.o
 .debug_info    0x000016a6      0x4d0 ./emlib/em_gpio.o
 .debug_info    0x00001b76       0xef ./CMSIS/efm32tg/startup_efm32tg.o
 .debug_info    0x00001c65      0x543 ./CMSIS/efm32tg/system_efm32tg.o
 .debug_info    0x000021a8      0xae7 ./BSP/bsp_trace.o

.debug_abbrev   0x00000000      0x8c7
 .debug_abbrev  0x00000000      0x1d6 ./src/blink.o
 .debug_abbrev  0x000001d6       0x63 ./emlib/em_assert.o
 .debug_abbrev  0x00000239      0x29d ./emlib/em_cmu.o
 .debug_abbrev  0x000004d6      0x11e ./emlib/em_gpio.o
 .debug_abbrev  0x000005f4       0x14 ./CMSIS/efm32tg/startup_efm32tg.o
 .debug_abbrev  0x00000608      0x16b ./CMSIS/efm32tg/system_efm32tg.o
 .debug_abbrev  0x00000773      0x154 ./BSP/bsp_trace.o

.debug_loc      0x00000000      0xb6c
 .debug_loc     0x00000000      0x138 ./src/blink.o
 .debug_loc     0x00000138       0x38 ./emlib/em_assert.o
 .debug_loc     0x00000170      0x698 ./emlib/em_cmu.o
 .debug_loc     0x00000808      0x118 ./emlib/em_gpio.o
 .debug_loc     0x00000920      0x1e8 ./CMSIS/efm32tg/system_efm32tg.o
 .debug_loc     0x00000b08       0x64 ./BSP/bsp_trace.o

.debug_aranges  0x00000000      0x268
 .debug_aranges
                0x00000000       0x48 ./src/blink.o
 .debug_aranges
                0x00000048       0x20 ./emlib/em_assert.o
 .debug_aranges
                0x00000068      0x110 ./emlib/em_cmu.o
 .debug_aranges
                0x00000178       0x40 ./emlib/em_gpio.o
 .debug_aranges
                0x000001b8       0x20 ./CMSIS/efm32tg/startup_efm32tg.o
 .debug_aranges
                0x000001d8       0x68 ./CMSIS/efm32tg/system_efm32tg.o
 .debug_aranges
                0x00000240       0x28 ./BSP/bsp_trace.o

.debug_ranges   0x00000000      0x1e8
 .debug_ranges  0x00000000       0x38 ./src/blink.o
 .debug_ranges  0x00000038       0x10 ./emlib/em_assert.o
 .debug_ranges  0x00000048      0x100 ./emlib/em_cmu.o
 .debug_ranges  0x00000148       0x30 ./emlib/em_gpio.o
 .debug_ranges  0x00000178       0x58 ./CMSIS/efm32tg/system_efm32tg.o
 .debug_ranges  0x000001d0       0x18 ./BSP/bsp_trace.o

.debug_line     0x00000000     0x139a
 .debug_line    0x00000000      0x280 ./src/blink.o
 .debug_line    0x00000280       0x8b ./emlib/em_assert.o
 .debug_line    0x0000030b      0x7da ./emlib/em_cmu.o
 .debug_line    0x00000ae5      0x2e9 ./emlib/em_gpio.o
 .debug_line    0x00000dce       0xe1 ./CMSIS/efm32tg/startup_efm32tg.o
 .debug_line    0x00000eaf      0x2c8 ./CMSIS/efm32tg/system_efm32tg.o
 .debug_line    0x00001177      0x223 ./BSP/bsp_trace.o

.debug_str      0x00000000     0x1544
 .debug_str     0x00000000      0x636 ./src/blink.o
                                0x688 (size before relaxing)
 .debug_str     0x00000636       0x6b ./emlib/em_assert.o
                                0x141 (size before relaxing)
 .debug_str     0x000006a1      0x7b9 ./emlib/em_cmu.o
                                0xb33 (size before relaxing)
 .debug_str     0x00000e5a      0x36f ./emlib/em_gpio.o
                                0x53f (size before relaxing)
 .debug_str     0x000011c9      0x153 ./CMSIS/efm32tg/system_efm32tg.o
                                0x485 (size before relaxing)
 .debug_str     0x0000131c      0x228 ./BSP/bsp_trace.o
                                0x566 (size before relaxing)

.debug_frame    0x00000000      0x744
 .debug_frame   0x00000000       0xb8 ./src/blink.o
 .debug_frame   0x000000b8       0x2c ./emlib/em_assert.o
 .debug_frame   0x000000e4      0x3b8 ./emlib/em_cmu.o
 .debug_frame   0x0000049c       0xac ./emlib/em_gpio.o
 .debug_frame   0x00000548      0x120 ./CMSIS/efm32tg/system_efm32tg.o
 .debug_frame   0x00000668       0x48 ./BSP/bsp_trace.o
 .debug_frame   0x000006b0       0x28 /home/mark/Downloads/SimplicityStudio_v3/developer/toolchains/gnu_arm/4.8_2013q4/bin/../lib/gcc/arm-none-eabi/4.8.3/../../../../arm-none-eabi/lib/armv7-m/libc_s.a(lib_a-exit.o)
 .debug_frame   0x000006d8       0x2c /home/mark/Downloads/SimplicityStudio_v3/developer/toolchains/gnu_arm/4.8_2013q4/bin/../lib/gcc/arm-none-eabi/4.8.3/../../../../arm-none-eabi/lib/armv7-m/libc_s.a(lib_a-init.o)
 .debug_frame   0x00000704       0x20 /home/mark/Downloads/SimplicityStudio_v3/developer/toolchains/gnu_arm/4.8_2013q4/bin/../lib/gcc/arm-none-eabi/4.8.3/../../../../arm-none-eabi/lib/armv7-m/libc_s.a(lib_a-memset.o)
 .debug_frame   0x00000724       0x20 /home/mark/Downloads/SimplicityStudio_v3/developer/toolchains/gnu_arm/4.8_2013q4/bin/../lib/gcc/arm-none-eabi/4.8.3/../../../../arm-none-eabi/lib/armv7-m/libnosys.a(_exit.o)
